Command line invocation:
    /Applications/Xcode.app/Contents/Developer/usr/bin/xcodebuild -scheme RunMusic -destination "platform=iOS Simulator,name=iPhone 16" build

Resolve Package Graph


Resolved source packages:
  GoogleAppMeasurement: https://github.com/google/GoogleAppMeasurement.git @ 10.28.0
  GoogleUtilities: https://github.com/google/GoogleUtilities.git @ 7.13.3
  GTMAppAuth: https://github.com/google/GTMAppAuth.git @ 4.1.1
  AppCheck: https://github.com/google/app-check.git @ 10.19.2
  abseil: https://github.com/google/abseil-cpp-binary.git @ 1.2024011602.0
  AppAuth: https://github.com/openid/AppAuth-iOS.git @ 1.7.6
  leveldb: https://github.com/firebase/leveldb.git @ 1.22.5
  Promises: https://github.com/google/promises.git @ 2.4.0
  Lottie: https://github.com/airbnb/lottie-ios.git @ 4.5.2
  GTMSessionFetcher: https://github.com/google/gtm-session-fetcher.git @ 3.5.0
  InteropForGoogle: https://github.com/google/interop-ios-for-google-sdks.git @ 100.0.0
  gRPC: https://github.com/google/grpc-binary.git @ 1.62.2
  SwiftProtobuf: https://github.com/apple/swift-protobuf.git @ 1.30.0
  GoogleDataTransport: https://github.com/google/GoogleDataTransport.git @ 9.4.0
  GoogleSignIn: https://github.com/google/GoogleSignIn-iOS @ 7.1.0
  Firebase: https://github.com/firebase/firebase-ios-sdk @ 10.29.0
  nanopb: https://github.com/firebase/nanopb.git @ 2.30910.0

--- xcodebuild: WARNING: Using the first of multiple matching destinations:
{ platform:iOS Simulator, arch:arm64, id:E83AC331-4860-495F-8439-8E9E41F73233, OS:18.5, name:iPhone 16 }
{ platform:iOS Simulator, arch:x86_64, id:E83AC331-4860-495F-8439-8E9E41F73233, OS:18.5, name:iPhone 16 }
ComputePackagePrebuildTargetDependencyGraph

Prepare packages

CreateBuildRequest

SendProjectDescription

CreateBuildOperation

ComputeTargetDependencyGraph
note: Building targets in dependency order
note: Target dependency graph (78 targets)
    Target 'RunMusic' in project 'RunMusic'
        ➜ Explicit dependency on target 'Lottie' in project 'Lottie'
        ➜ Explicit dependency on target 'GoogleSignIn' in project 'GoogleSignIn'
        ➜ Explicit dependency on target 'FirebaseFirestore' in project 'Firebase'
        ➜ Explicit dependency on target 'FirebaseAuth' in project 'Firebase'
        ➜ Explicit dependency on target 'FirebaseFunctions' in project 'Firebase'
    Target 'FirebaseFunctions' in project 'Firebase'
        ➜ Explicit dependency on target 'FirebaseFunctions' in project 'Firebase'
        ➜ Explicit dependency on target 'FirebaseAppCheckInterop' in project 'Firebase'
        ➜ Explicit dependency on target 'FirebaseAuthInterop' in project 'Firebase'
        ➜ Explicit dependency on target 'Firebase' in project 'Firebase'
        ➜ Explicit dependency on target 'FirebaseCoreInternal' in project 'Firebase'
        ➜ Explicit dependency on target 'FirebaseCore' in project 'Firebase'
        ➜ Explicit dependency on target 'FirebaseCoreExtension' in project 'Firebase'
        ➜ Explicit dependency on target 'FirebaseMessagingInterop' in project 'Firebase'
        ➜ Explicit dependency on target 'FirebaseSharedSwift' in project 'Firebase'
        ➜ Explicit dependency on target 'GULNSData' in project 'GoogleUtilities'
        ➜ Explicit dependency on target 'GULEnvironment' in project 'GoogleUtilities'
        ➜ Explicit dependency on target 'GULLogger' in project 'GoogleUtilities'
        ➜ Explicit dependency on target 'GTMSessionFetcherCore' in project 'GTMSessionFetcher'
    Target 'FirebaseFunctions' in project 'Firebase'
        ➜ Explicit dependency on target 'FirebaseAppCheckInterop' in project 'Firebase'
        ➜ Explicit dependency on target 'FirebaseAuthInterop' in project 'Firebase'
        ➜ Explicit dependency on target 'Firebase' in project 'Firebase'
        ➜ Explicit dependency on target 'FirebaseCoreInternal' in project 'Firebase'
        ➜ Explicit dependency on target 'FirebaseCore' in project 'Firebase'
        ➜ Explicit dependency on target 'FirebaseCoreExtension' in project 'Firebase'
        ➜ Explicit dependency on target 'FirebaseMessagingInterop' in project 'Firebase'
        ➜ Explicit dependency on target 'FirebaseSharedSwift' in project 'Firebase'
        ➜ Explicit dependency on target 'GULNSData' in project 'GoogleUtilities'
        ➜ Explicit dependency on target 'GULEnvironment' in project 'GoogleUtilities'
        ➜ Explicit dependency on target 'GULLogger' in project 'GoogleUtilities'
        ➜ Explicit dependency on target 'GTMSessionFetcherCore' in project 'GTMSessionFetcher'
    Target 'FirebaseMessagingInterop' in project 'Firebase' (no dependencies)
    Target 'FirebaseAuthInterop' in project 'Firebase' (no dependencies)
    Target 'FirebaseAuth' in project 'Firebase'
        ➜ Explicit dependency on target 'FirebaseAuth' in project 'Firebase'
        ➜ Explicit dependency on target 'Firebase_FirebaseAuth' in project 'Firebase'
        ➜ Explicit dependency on target 'FirebaseAppCheckInterop' in project 'Firebase'
        ➜ Explicit dependency on target 'Firebase' in project 'Firebase'
        ➜ Explicit dependency on target 'FirebaseCoreInternal' in project 'Firebase'
        ➜ Explicit dependency on target 'FirebaseCore' in project 'Firebase'
        ➜ Explicit dependency on target 'GULNSData' in project 'GoogleUtilities'
        ➜ Explicit dependency on target 'GULEnvironment' in project 'GoogleUtilities'
        ➜ Explicit dependency on target 'GULLogger' in project 'GoogleUtilities'
        ➜ Explicit dependency on target 'GULAppDelegateSwizzler' in project 'GoogleUtilities'
        ➜ Explicit dependency on target 'GTMSessionFetcherCore' in project 'GTMSessionFetcher'
        ➜ Explicit dependency on target 'RecaptchaInterop' in project 'InteropForGoogle'
    Target 'FirebaseAuth' in project 'Firebase'
        ➜ Explicit dependency on target 'Firebase_FirebaseAuth' in project 'Firebase'
        ➜ Explicit dependency on target 'FirebaseAppCheckInterop' in project 'Firebase'
        ➜ Explicit dependency on target 'Firebase' in project 'Firebase'
        ➜ Explicit dependency on target 'FirebaseCoreInternal' in project 'Firebase'
        ➜ Explicit dependency on target 'FirebaseCore' in project 'Firebase'
        ➜ Explicit dependency on target 'GULNSData' in project 'GoogleUtilities'
        ➜ Explicit dependency on target 'GULEnvironment' in project 'GoogleUtilities'
        ➜ Explicit dependency on target 'GULLogger' in project 'GoogleUtilities'
        ➜ Explicit dependency on target 'GULAppDelegateSwizzler' in project 'GoogleUtilities'
        ➜ Explicit dependency on target 'GTMSessionFetcherCore' in project 'GTMSessionFetcher'
        ➜ Explicit dependency on target 'RecaptchaInterop' in project 'InteropForGoogle'
    Target 'RecaptchaInterop' in project 'InteropForGoogle'
        ➜ Explicit dependency on target 'RecaptchaInterop' in project 'InteropForGoogle'
    Target 'RecaptchaInterop' in project 'InteropForGoogle' (no dependencies)
    Target 'GULAppDelegateSwizzler' in project 'GoogleUtilities'
        ➜ Explicit dependency on target 'GoogleUtilities-AppDelegateSwizzler' in project 'GoogleUtilities'
        ➜ Explicit dependency on target 'GoogleUtilities_GoogleUtilities-AppDelegateSwizzler' in project 'GoogleUtilities'
        ➜ Explicit dependency on target 'third-party-IsAppEncrypted' in project 'GoogleUtilities'
        ➜ Explicit dependency on target 'GoogleUtilities-Environment' in project 'GoogleUtilities'
        ➜ Explicit dependency on target 'GoogleUtilities-Logger' in project 'GoogleUtilities'
        ➜ Explicit dependency on target 'GoogleUtilities-NSData' in project 'GoogleUtilities'
        ➜ Explicit dependency on target 'GoogleUtilities-Reachability' in project 'GoogleUtilities'
        ➜ Explicit dependency on target 'GoogleUtilities-Network' in project 'GoogleUtilities'
        ➜ Explicit dependency on target 'FBLPromises' in project 'Promises'
    Target 'GoogleUtilities-AppDelegateSwizzler' in project 'GoogleUtilities'
        ➜ Explicit dependency on target 'GoogleUtilities_GoogleUtilities-AppDelegateSwizzler' in project 'GoogleUtilities'
        ➜ Explicit dependency on target 'third-party-IsAppEncrypted' in project 'GoogleUtilities'
        ➜ Explicit dependency on target 'GoogleUtilities-Environment' in project 'GoogleUtilities'
        ➜ Explicit dependency on target 'GoogleUtilities-Logger' in project 'GoogleUtilities'
        ➜ Explicit dependency on target 'GoogleUtilities-NSData' in project 'GoogleUtilities'
        ➜ Explicit dependency on target 'GoogleUtilities-Reachability' in project 'GoogleUtilities'
        ➜ Explicit dependency on target 'GoogleUtilities-Network' in project 'GoogleUtilities'
        ➜ Explicit dependency on target 'FBLPromises' in project 'Promises'
    Target 'GoogleUtilities-Network' in project 'GoogleUtilities'
        ➜ Explicit dependency on target 'GoogleUtilities_GoogleUtilities-Network' in project 'GoogleUtilities'
        ➜ Explicit dependency on target 'third-party-IsAppEncrypted' in project 'GoogleUtilities'
        ➜ Explicit dependency on target 'GoogleUtilities-Environment' in project 'GoogleUtilities'
        ➜ Explicit dependency on target 'GoogleUtilities-Logger' in project 'GoogleUtilities'
        ➜ Explicit dependency on target 'GoogleUtilities-NSData' in project 'GoogleUtilities'
        ➜ Explicit dependency on target 'GoogleUtilities-Reachability' in project 'GoogleUtilities'
        ➜ Explicit dependency on target 'FBLPromises' in project 'Promises'
    Target 'GoogleUtilities_GoogleUtilities-Network' in project 'GoogleUtilities' (no dependencies)
    Target 'GoogleUtilities-Reachability' in project 'GoogleUtilities'
        ➜ Explicit dependency on target 'GoogleUtilities_GoogleUtilities-Reachability' in project 'GoogleUtilities'
        ➜ Explicit dependency on target 'third-party-IsAppEncrypted' in project 'GoogleUtilities'
        ➜ Explicit dependency on target 'GoogleUtilities-Environment' in project 'GoogleUtilities'
        ➜ Explicit dependency on target 'GoogleUtilities-Logger' in project 'GoogleUtilities'
        ➜ Explicit dependency on target 'FBLPromises' in project 'Promises'
    Target 'GoogleUtilities_GoogleUtilities-Reachability' in project 'GoogleUtilities' (no dependencies)
    Target 'GoogleUtilities_GoogleUtilities-AppDelegateSwizzler' in project 'GoogleUtilities' (no dependencies)
    Target 'Firebase_FirebaseAuth' in project 'Firebase' (no dependencies)
    Target 'FirebaseFirestore' in project 'Firebase'
        ➜ Explicit dependency on target 'FirebaseFirestoreTarget' in project 'Firebase'
        ➜ Explicit dependency on target 'FirebaseFirestoreInternalWrapper' in project 'Firebase'
        ➜ Explicit dependency on target 'FirebaseAppCheckInterop' in project 'Firebase'
        ➜ Explicit dependency on target 'Firebase' in project 'Firebase'
        ➜ Explicit dependency on target 'FirebaseCoreInternal' in project 'Firebase'
        ➜ Explicit dependency on target 'FirebaseCore' in project 'Firebase'
        ➜ Explicit dependency on target 'FirebaseCoreExtension' in project 'Firebase'
        ➜ Explicit dependency on target 'FirebaseSharedSwift' in project 'Firebase'
        ➜ Explicit dependency on target 'FirebaseFirestore' in project 'Firebase'
        ➜ Explicit dependency on target 'GULNSData' in project 'GoogleUtilities'
        ➜ Explicit dependency on target 'GULEnvironment' in project 'GoogleUtilities'
        ➜ Explicit dependency on target 'GULLogger' in project 'GoogleUtilities'
        ➜ Explicit dependency on target 'abseil' in project 'abseil'
        ➜ Explicit dependency on target 'gRPC-C++' in project 'gRPC'
        ➜ Explicit dependency on target 'nanopb' in project 'nanopb'
        ➜ Explicit dependency on target 'leveldb' in project 'leveldb'
    Target 'FirebaseFirestoreTarget' in project 'Firebase'
        ➜ Explicit dependency on target 'FirebaseFirestoreInternalWrapper' in project 'Firebase'
        ➜ Explicit dependency on target 'FirebaseAppCheckInterop' in project 'Firebase'
        ➜ Explicit dependency on target 'Firebase' in project 'Firebase'
        ➜ Explicit dependency on target 'FirebaseCoreInternal' in project 'Firebase'
        ➜ Explicit dependency on target 'FirebaseCore' in project 'Firebase'
        ➜ Explicit dependency on target 'FirebaseCoreExtension' in project 'Firebase'
        ➜ Explicit dependency on target 'FirebaseSharedSwift' in project 'Firebase'
        ➜ Explicit dependency on target 'FirebaseFirestore' in project 'Firebase'
        ➜ Explicit dependency on target 'GULNSData' in project 'GoogleUtilities'
        ➜ Explicit dependency on target 'GULEnvironment' in project 'GoogleUtilities'
        ➜ Explicit dependency on target 'GULLogger' in project 'GoogleUtilities'
        ➜ Explicit dependency on target 'abseil' in project 'abseil'
        ➜ Explicit dependency on target 'gRPC-C++' in project 'gRPC'
        ➜ Explicit dependency on target 'nanopb' in project 'nanopb'
        ➜ Explicit dependency on target 'leveldb' in project 'leveldb'
    Target 'FirebaseFirestore' in project 'Firebase'
        ➜ Explicit dependency on target 'Firebase_FirebaseFirestore' in project 'Firebase'
        ➜ Explicit dependency on target 'FirebaseFirestoreInternalWrapper' in project 'Firebase'
        ➜ Explicit dependency on target 'FirebaseAppCheckInterop' in project 'Firebase'
        ➜ Explicit dependency on target 'Firebase' in project 'Firebase'
        ➜ Explicit dependency on target 'FirebaseCoreInternal' in project 'Firebase'
        ➜ Explicit dependency on target 'FirebaseCore' in project 'Firebase'
        ➜ Explicit dependency on target 'FirebaseCoreExtension' in project 'Firebase'
        ➜ Explicit dependency on target 'FirebaseSharedSwift' in project 'Firebase'
        ➜ Explicit dependency on target 'GULNSData' in project 'GoogleUtilities'
        ➜ Explicit dependency on target 'GULEnvironment' in project 'GoogleUtilities'
        ➜ Explicit dependency on target 'GULLogger' in project 'GoogleUtilities'
        ➜ Explicit dependency on target 'abseil' in project 'abseil'
        ➜ Explicit dependency on target 'gRPC-C++' in project 'gRPC'
        ➜ Explicit dependency on target 'nanopb' in project 'nanopb'
        ➜ Explicit dependency on target 'leveldb' in project 'leveldb'
    Target 'leveldb' in project 'leveldb'
        ➜ Explicit dependency on target 'leveldb' in project 'leveldb'
        ➜ Explicit dependency on target 'leveldb_leveldb' in project 'leveldb'
    Target 'leveldb' in project 'leveldb'
        ➜ Explicit dependency on target 'leveldb_leveldb' in project 'leveldb'
    Target 'leveldb_leveldb' in project 'leveldb' (no dependencies)
    Target 'nanopb' in project 'nanopb'
        ➜ Explicit dependency on target 'nanopb' in project 'nanopb'
        ➜ Explicit dependency on target 'nanopb_nanopb' in project 'nanopb'
    Target 'nanopb' in project 'nanopb'
        ➜ Explicit dependency on target 'nanopb_nanopb' in project 'nanopb'
    Target 'nanopb_nanopb' in project 'nanopb' (no dependencies)
    Target 'gRPC-C++' in project 'gRPC'
        ➜ Explicit dependency on target 'grpcppWrapper' in project 'gRPC'
        ➜ Explicit dependency on target 'gRPC_grpcppWrapper' in project 'gRPC'
        ➜ Explicit dependency on target 'grpcWrapper' in project 'gRPC'
        ➜ Explicit dependency on target 'opensslWrapper' in project 'gRPC'
        ➜ Explicit dependency on target 'abseil' in project 'abseil'
    Target 'grpcppWrapper' in project 'gRPC'
        ➜ Explicit dependency on target 'gRPC_grpcppWrapper' in project 'gRPC'
        ➜ Explicit dependency on target 'grpcWrapper' in project 'gRPC'
        ➜ Explicit dependency on target 'opensslWrapper' in project 'gRPC'
        ➜ Explicit dependency on target 'abseil' in project 'abseil'
    Target 'opensslWrapper' in project 'gRPC'
        ➜ Explicit dependency on target 'gRPC_opensslWrapper' in project 'gRPC'
    Target 'gRPC_opensslWrapper' in project 'gRPC' (no dependencies)
    Target 'grpcWrapper' in project 'gRPC'
        ➜ Explicit dependency on target 'gRPC_grpcWrapper' in project 'gRPC'
    Target 'gRPC_grpcWrapper' in project 'gRPC' (no dependencies)
    Target 'gRPC_grpcppWrapper' in project 'gRPC' (no dependencies)
    Target 'abseil' in project 'abseil'
        ➜ Explicit dependency on target 'abslWrapper' in project 'abseil'
        ➜ Explicit dependency on target 'abseil_abslWrapper' in project 'abseil'
    Target 'abslWrapper' in project 'abseil'
        ➜ Explicit dependency on target 'abseil_abslWrapper' in project 'abseil'
    Target 'abseil_abslWrapper' in project 'abseil' (no dependencies)
    Target 'Firebase_FirebaseFirestore' in project 'Firebase' (no dependencies)
    Target 'FirebaseSharedSwift' in project 'Firebase' (no dependencies)
    Target 'FirebaseCoreExtension' in project 'Firebase'
        ➜ Explicit dependency on target 'Firebase_FirebaseCoreExtension' in project 'Firebase'
    Target 'Firebase_FirebaseCoreExtension' in project 'Firebase' (no dependencies)
    Target 'FirebaseCore' in project 'Firebase'
        ➜ Explicit dependency on target 'Firebase_FirebaseCore' in project 'Firebase'
        ➜ Explicit dependency on target 'Firebase' in project 'Firebase'
        ➜ Explicit dependency on target 'FirebaseCoreInternal' in project 'Firebase'
        ➜ Explicit dependency on target 'GULNSData' in project 'GoogleUtilities'
        ➜ Explicit dependency on target 'GULEnvironment' in project 'GoogleUtilities'
        ➜ Explicit dependency on target 'GULLogger' in project 'GoogleUtilities'
    Target 'GULLogger' in project 'GoogleUtilities'
        ➜ Explicit dependency on target 'GoogleUtilities-Logger' in project 'GoogleUtilities'
        ➜ Explicit dependency on target 'GoogleUtilities_GoogleUtilities-Logger' in project 'GoogleUtilities'
        ➜ Explicit dependency on target 'third-party-IsAppEncrypted' in project 'GoogleUtilities'
        ➜ Explicit dependency on target 'GoogleUtilities-Environment' in project 'GoogleUtilities'
        ➜ Explicit dependency on target 'FBLPromises' in project 'Promises'
    Target 'GoogleUtilities-Logger' in project 'GoogleUtilities'
        ➜ Explicit dependency on target 'GoogleUtilities_GoogleUtilities-Logger' in project 'GoogleUtilities'
        ➜ Explicit dependency on target 'third-party-IsAppEncrypted' in project 'GoogleUtilities'
        ➜ Explicit dependency on target 'GoogleUtilities-Environment' in project 'GoogleUtilities'
        ➜ Explicit dependency on target 'FBLPromises' in project 'Promises'
    Target 'GoogleUtilities_GoogleUtilities-Logger' in project 'GoogleUtilities' (no dependencies)
    Target 'GULEnvironment' in project 'GoogleUtilities'
        ➜ Explicit dependency on target 'GoogleUtilities-Environment' in project 'GoogleUtilities'
        ➜ Explicit dependency on target 'GoogleUtilities_GoogleUtilities-Environment' in project 'GoogleUtilities'
        ➜ Explicit dependency on target 'third-party-IsAppEncrypted' in project 'GoogleUtilities'
        ➜ Explicit dependency on target 'FBLPromises' in project 'Promises'
    Target 'GoogleUtilities-Environment' in project 'GoogleUtilities'
        ➜ Explicit dependency on target 'GoogleUtilities_GoogleUtilities-Environment' in project 'GoogleUtilities'
        ➜ Explicit dependency on target 'third-party-IsAppEncrypted' in project 'GoogleUtilities'
        ➜ Explicit dependency on target 'FBLPromises' in project 'Promises'
    Target 'FBLPromises' in project 'Promises'
        ➜ Explicit dependency on target 'FBLPromises' in project 'Promises'
        ➜ Explicit dependency on target 'Promises_FBLPromises' in project 'Promises'
    Target 'FBLPromises' in project 'Promises'
        ➜ Explicit dependency on target 'Promises_FBLPromises' in project 'Promises'
    Target 'Promises_FBLPromises' in project 'Promises' (no dependencies)
    Target 'third-party-IsAppEncrypted' in project 'GoogleUtilities' (no dependencies)
    Target 'GoogleUtilities_GoogleUtilities-Environment' in project 'GoogleUtilities' (no dependencies)
    Target 'Firebase_FirebaseCore' in project 'Firebase' (no dependencies)
    Target 'FirebaseCoreInternal' in project 'Firebase'
        ➜ Explicit dependency on target 'Firebase_FirebaseCoreInternal' in project 'Firebase'
        ➜ Explicit dependency on target 'GULNSData' in project 'GoogleUtilities'
    Target 'GULNSData' in project 'GoogleUtilities'
        ➜ Explicit dependency on target 'GoogleUtilities-NSData' in project 'GoogleUtilities'
        ➜ Explicit dependency on target 'GoogleUtilities_GoogleUtilities-NSData' in project 'GoogleUtilities'
    Target 'GoogleUtilities-NSData' in project 'GoogleUtilities'
        ➜ Explicit dependency on target 'GoogleUtilities_GoogleUtilities-NSData' in project 'GoogleUtilities'
    Target 'GoogleUtilities_GoogleUtilities-NSData' in project 'GoogleUtilities' (no dependencies)
    Target 'Firebase_FirebaseCoreInternal' in project 'Firebase' (no dependencies)
    Target 'Firebase' in project 'Firebase' (no dependencies)
    Target 'FirebaseAppCheckInterop' in project 'Firebase' (no dependencies)
    Target 'FirebaseFirestoreInternalWrapper' in project 'Firebase' (no dependencies)
    Target 'GoogleSignIn' in project 'GoogleSignIn'
        ➜ Explicit dependency on target 'GoogleSignIn' in project 'GoogleSignIn'
        ➜ Explicit dependency on target 'GoogleSignIn_GoogleSignIn' in project 'GoogleSignIn'
        ➜ Explicit dependency on target 'AppAuth' in project 'AppAuth'
        ➜ Explicit dependency on target 'GTMAppAuth' in project 'GTMAppAuth'
        ➜ Explicit dependency on target 'GTMSessionFetcherCore' in project 'GTMSessionFetcher'
    Target 'GoogleSignIn' in project 'GoogleSignIn'
        ➜ Explicit dependency on target 'GoogleSignIn_GoogleSignIn' in project 'GoogleSignIn'
        ➜ Explicit dependency on target 'AppAuth' in project 'AppAuth'
        ➜ Explicit dependency on target 'GTMAppAuth' in project 'GTMAppAuth'
        ➜ Explicit dependency on target 'GTMSessionFetcherCore' in project 'GTMSessionFetcher'
    Target 'GTMAppAuth' in project 'GTMAppAuth'
        ➜ Explicit dependency on target 'GTMAppAuth' in project 'GTMAppAuth'
        ➜ Explicit dependency on target 'GTMAppAuth_GTMAppAuth' in project 'GTMAppAuth'
        ➜ Explicit dependency on target 'GTMSessionFetcherCore' in project 'GTMSessionFetcher'
        ➜ Explicit dependency on target 'AppAuthCore' in project 'AppAuth'
    Target 'GTMAppAuth' in project 'GTMAppAuth'
        ➜ Explicit dependency on target 'GTMAppAuth_GTMAppAuth' in project 'GTMAppAuth'
        ➜ Explicit dependency on target 'GTMSessionFetcherCore' in project 'GTMSessionFetcher'
        ➜ Explicit dependency on target 'AppAuthCore' in project 'AppAuth'
    Target 'AppAuthCore' in project 'AppAuth'
        ➜ Explicit dependency on target 'AppAuthCore' in project 'AppAuth'
        ➜ Explicit dependency on target 'AppAuth_AppAuthCore' in project 'AppAuth'
    Target 'GTMSessionFetcherCore' in project 'GTMSessionFetcher'
        ➜ Explicit dependency on target 'GTMSessionFetcherCore' in project 'GTMSessionFetcher'
        ➜ Explicit dependency on target 'GTMSessionFetcher_GTMSessionFetcherCore' in project 'GTMSessionFetcher'
    Target 'GTMSessionFetcherCore' in project 'GTMSessionFetcher'
        ➜ Explicit dependency on target 'GTMSessionFetcher_GTMSessionFetcherCore' in project 'GTMSessionFetcher'
    Target 'GTMSessionFetcher_GTMSessionFetcherCore' in project 'GTMSessionFetcher' (no dependencies)
    Target 'GTMAppAuth_GTMAppAuth' in project 'GTMAppAuth' (no dependencies)
    Target 'AppAuth' in project 'AppAuth'
        ➜ Explicit dependency on target 'AppAuth' in project 'AppAuth'
        ➜ Explicit dependency on target 'AppAuth_AppAuth' in project 'AppAuth'
        ➜ Explicit dependency on target 'AppAuthCore' in project 'AppAuth'
    Target 'AppAuth' in project 'AppAuth'
        ➜ Explicit dependency on target 'AppAuth_AppAuth' in project 'AppAuth'
        ➜ Explicit dependency on target 'AppAuthCore' in project 'AppAuth'
    Target 'AppAuthCore' in project 'AppAuth'
        ➜ Explicit dependency on target 'AppAuth_AppAuthCore' in project 'AppAuth'
    Target 'AppAuth_AppAuthCore' in project 'AppAuth' (no dependencies)
    Target 'AppAuth_AppAuth' in project 'AppAuth' (no dependencies)
    Target 'GoogleSignIn_GoogleSignIn' in project 'GoogleSignIn' (no dependencies)
    Target 'Lottie' in project 'Lottie'
        ➜ Explicit dependency on target 'Lottie' in project 'Lottie'
        ➜ Explicit dependency on target 'Lottie_Lottie' in project 'Lottie'
    Target 'Lottie' in project 'Lottie'
        ➜ Explicit dependency on target 'Lottie_Lottie' in project 'Lottie'
    Target 'Lottie_Lottie' in project 'Lottie' (no dependencies)

GatherProvisioningInputs

CreateBuildDescription

ClangStatCache /Applications/Xcode.app/Contents/Developer/Toolchains/XcodeDefault.xctoolchain/usr/bin/clang-stat-cache /Applications/Xcode.app/Contents/Developer/Platforms/iPhoneSimulator.platform/Developer/SDKs/iPhoneSimulator18.5.sdk /Users/ckubal/Library/Developer/Xcode/DerivedData/SDKStatCaches.noindex/iphonesimulator18.5-22F76-d5fc8ad4295d2ef488fb7d0f804ce0c4.sdkstatcache
    cd /Users/ckubal/Documents/Programming/iOS\ Programming\ Projects/RunMusic/RunMusic.xcodeproj
    /Applications/Xcode.app/Contents/Developer/Toolchains/XcodeDefault.xctoolchain/usr/bin/clang-stat-cache /Applications/Xcode.app/Contents/Developer/Platforms/iPhoneSimulator.platform/Developer/SDKs/iPhoneSimulator18.5.sdk -o /Users/ckubal/Library/Developer/Xcode/DerivedData/SDKStatCaches.noindex/iphonesimulator18.5-22F76-d5fc8ad4295d2ef488fb7d0f804ce0c4.sdkstatcache

warning: Skipping duplicate build file in Compile Sources build phase: /Users/ckubal/Documents/Programming/iOS Programming Projects/RunMusic/RunMusic/Services/UserPreferences.swift (in target 'RunMusic' from project 'RunMusic')
Copy /Users/ckubal/Library/Developer/Xcode/DerivedData/RunMusic-ehzzznpmcelkqvgvaslgdtzbrdcu/Build/Products/Debug-iphonesimulator/RunMusic.app/leveldb_leveldb.bundle /Users/ckubal/Library/Developer/Xcode/DerivedData/RunMusic-ehzzznpmcelkqvgvaslgdtzbrdcu/Build/Products/Debug-iphonesimulator/leveldb_leveldb.bundle (in target 'RunMusic' from project 'RunMusic')
    cd /Users/ckubal/Documents/Programming/iOS\ Programming\ Projects/RunMusic
    builtin-copy -exclude .DS_Store -exclude CVS -exclude .svn -exclude .git -exclude .hg -resolve-src-symlinks /Users/ckubal/Library/Developer/Xcode/DerivedData/RunMusic-ehzzznpmcelkqvgvaslgdtzbrdcu/Build/Products/Debug-iphonesimulator/leveldb_leveldb.bundle /Users/ckubal/Library/Developer/Xcode/DerivedData/RunMusic-ehzzznpmcelkqvgvaslgdtzbrdcu/Build/Products/Debug-iphonesimulator/RunMusic.app

Copy /Users/ckubal/Library/Developer/Xcode/DerivedData/RunMusic-ehzzznpmcelkqvgvaslgdtzbrdcu/Build/Products/Debug-iphonesimulator/RunMusic.app/nanopb_nanopb.bundle /Users/ckubal/Library/Developer/Xcode/DerivedData/RunMusic-ehzzznpmcelkqvgvaslgdtzbrdcu/Build/Products/Debug-iphonesimulator/nanopb_nanopb.bundle (in target 'RunMusic' from project 'RunMusic')
    cd /Users/ckubal/Documents/Programming/iOS\ Programming\ Projects/RunMusic
    builtin-copy -exclude .DS_Store -exclude CVS -exclude .svn -exclude .git -exclude .hg -resolve-src-symlinks /Users/ckubal/Library/Developer/Xcode/DerivedData/RunMusic-ehzzznpmcelkqvgvaslgdtzbrdcu/Build/Products/Debug-iphonesimulator/nanopb_nanopb.bundle /Users/ckubal/Library/Developer/Xcode/DerivedData/RunMusic-ehzzznpmcelkqvgvaslgdtzbrdcu/Build/Products/Debug-iphonesimulator/RunMusic.app

Copy /Users/ckubal/Library/Developer/Xcode/DerivedData/RunMusic-ehzzznpmcelkqvgvaslgdtzbrdcu/Build/Products/Debug-iphonesimulator/RunMusic.app/gRPC_grpcWrapper.bundle /Users/ckubal/Library/Developer/Xcode/DerivedData/RunMusic-ehzzznpmcelkqvgvaslgdtzbrdcu/Build/Products/Debug-iphonesimulator/gRPC_grpcWrapper.bundle (in target 'RunMusic' from project 'RunMusic')
    cd /Users/ckubal/Documents/Programming/iOS\ Programming\ Projects/RunMusic
    builtin-copy -exclude .DS_Store -exclude CVS -exclude .svn -exclude .git -exclude .hg -resolve-src-symlinks /Users/ckubal/Library/Developer/Xcode/DerivedData/RunMusic-ehzzznpmcelkqvgvaslgdtzbrdcu/Build/Products/Debug-iphonesimulator/gRPC_grpcWrapper.bundle /Users/ckubal/Library/Developer/Xcode/DerivedData/RunMusic-ehzzznpmcelkqvgvaslgdtzbrdcu/Build/Products/Debug-iphonesimulator/RunMusic.app

Copy /Users/ckubal/Library/Developer/Xcode/DerivedData/RunMusic-ehzzznpmcelkqvgvaslgdtzbrdcu/Build/Products/Debug-iphonesimulator/RunMusic.app/gRPC_opensslWrapper.bundle /Users/ckubal/Library/Developer/Xcode/DerivedData/RunMusic-ehzzznpmcelkqvgvaslgdtzbrdcu/Build/Products/Debug-iphonesimulator/gRPC_opensslWrapper.bundle (in target 'RunMusic' from project 'RunMusic')
    cd /Users/ckubal/Documents/Programming/iOS\ Programming\ Projects/RunMusic
    builtin-copy -exclude .DS_Store -exclude CVS -exclude .svn -exclude .git -exclude .hg -resolve-src-symlinks /Users/ckubal/Library/Developer/Xcode/DerivedData/RunMusic-ehzzznpmcelkqvgvaslgdtzbrdcu/Build/Products/Debug-iphonesimulator/gRPC_opensslWrapper.bundle /Users/ckubal/Library/Developer/Xcode/DerivedData/RunMusic-ehzzznpmcelkqvgvaslgdtzbrdcu/Build/Products/Debug-iphonesimulator/RunMusic.app

Copy /Users/ckubal/Library/Developer/Xcode/DerivedData/RunMusic-ehzzznpmcelkqvgvaslgdtzbrdcu/Build/Products/Debug-iphonesimulator/RunMusic.app/gRPC_grpcppWrapper.bundle /Users/ckubal/Library/Developer/Xcode/DerivedData/RunMusic-ehzzznpmcelkqvgvaslgdtzbrdcu/Build/Products/Debug-iphonesimulator/gRPC_grpcppWrapper.bundle (in target 'RunMusic' from project 'RunMusic')
    cd /Users/ckubal/Documents/Programming/iOS\ Programming\ Projects/RunMusic
    builtin-copy -exclude .DS_Store -exclude CVS -exclude .svn -exclude .git -exclude .hg -resolve-src-symlinks /Users/ckubal/Library/Developer/Xcode/DerivedData/RunMusic-ehzzznpmcelkqvgvaslgdtzbrdcu/Build/Products/Debug-iphonesimulator/gRPC_grpcppWrapper.bundle /Users/ckubal/Library/Developer/Xcode/DerivedData/RunMusic-ehzzznpmcelkqvgvaslgdtzbrdcu/Build/Products/Debug-iphonesimulator/RunMusic.app

SwiftDriver RunMusic normal arm64 com.apple.xcode.tools.swift.compiler (in target 'RunMusic' from project 'RunMusic')
    cd /Users/ckubal/Documents/Programming/iOS\ Programming\ Projects/RunMusic
    builtin-SwiftDriver -- /Applications/Xcode.app/Contents/Developer/Toolchains/XcodeDefault.xctoolchain/usr/bin/swiftc -module-name RunMusic -Onone -enforce-exclusivity\=checked @/Users/ckubal/Library/Developer/Xcode/DerivedData/RunMusic-ehzzznpmcelkqvgvaslgdtzbrdcu/Build/Intermediates.noindex/RunMusic.build/Debug-iphonesimulator/RunMusic.build/Objects-normal/arm64/RunMusic.SwiftFileList -DDEBUG -Xcc -fmodule-map-file\=/Users/ckubal/Library/Developer/Xcode/DerivedData/RunMusic-ehzzznpmcelkqvgvaslgdtzbrdcu/Build/Intermediates.noindex/GeneratedModuleMaps-iphonesimulator/AppAuth.modulemap -Xcc -fmodule-map-file\=/Users/ckubal/Library/Developer/Xcode/DerivedData/RunMusic-ehzzznpmcelkqvgvaslgdtzbrdcu/Build/Intermediates.noindex/GeneratedModuleMaps-iphonesimulator/AppAuthCore.modulemap -Xcc -fmodule-map-file\=/Users/ckubal/Library/Developer/Xcode/DerivedData/RunMusic-ehzzznpmcelkqvgvaslgdtzbrdcu/Build/Intermediates.noindex/GeneratedModuleMaps-iphonesimulator/GoogleSignIn.modulemap -Xcc -fmodule-map-file\=/Users/ckubal/Library/Developer/Xcode/DerivedData/RunMusic-ehzzznpmcelkqvgvaslgdtzbrdcu/Build/Intermediates.noindex/GeneratedModuleMaps-iphonesimulator/abslWrapper.modulemap -Xcc -fmodule-map-file\=/Users/ckubal/Library/Developer/Xcode/DerivedData/RunMusic-ehzzznpmcelkqvgvaslgdtzbrdcu/Build/Intermediates.noindex/GeneratedModuleMaps-iphonesimulator/opensslWrapper.modulemap -Xcc -fmodule-map-file\=/Users/ckubal/Library/Developer/Xcode/DerivedData/RunMusic-ehzzznpmcelkqvgvaslgdtzbrdcu/Build/Intermediates.noindex/GeneratedModuleMaps-iphonesimulator/grpcWrapper.modulemap -Xcc -fmodule-map-file\=/Users/ckubal/Library/Developer/Xcode/DerivedData/RunMusic-ehzzznpmcelkqvgvaslgdtzbrdcu/Build/Intermediates.noindex/GeneratedModuleMaps-iphonesimulator/grpcppWrapper.modulemap -Xcc -fmodule-map-file\=/Users/ckubal/Library/Developer/Xcode/DerivedData/RunMusic-ehzzznpmcelkqvgvaslgdtzbrdcu/Build/Intermediates.noindex/GeneratedModuleMaps-iphonesimulator/nanopb.modulemap -Xcc -fmodule-map-file\=/Users/ckubal/Library/Developer/Xcode/DerivedData/RunMusic-ehzzznpmcelkqvgvaslgdtzbrdcu/Build/Intermediates.noindex/GeneratedModuleMaps-iphonesimulator/leveldb.modulemap -Xcc -fmodule-map-file\=/Users/ckubal/Library/Developer/Xcode/DerivedData/RunMusic-ehzzznpmcelkqvgvaslgdtzbrdcu/Build/Intermediates.noindex/GeneratedModuleMaps-iphonesimulator/FirebaseFirestoreInternalWrapper.modulemap -Xcc -fmodule-map-file\=/Users/ckubal/Library/Developer/Xcode/DerivedData/RunMusic-ehzzznpmcelkqvgvaslgdtzbrdcu/Build/Intermediates.noindex/GeneratedModuleMaps-iphonesimulator/FirebaseFirestoreTarget.modulemap -Xcc -fmodule-map-file\=/Users/ckubal/Library/Developer/Xcode/DerivedData/RunMusic-ehzzznpmcelkqvgvaslgdtzbrdcu/Build/Intermediates.noindex/GeneratedModuleMaps-iphonesimulator/GoogleUtilities-Network.modulemap -Xcc -fmodule-map-file\=/Users/ckubal/Library/Developer/Xcode/DerivedData/RunMusic-ehzzznpmcelkqvgvaslgdtzbrdcu/Build/Intermediates.noindex/GeneratedModuleMaps-iphonesimulator/GoogleUtilities-Reachability.modulemap -Xcc -fmodule-map-file\=/Users/ckubal/Library/Developer/Xcode/DerivedData/RunMusic-ehzzznpmcelkqvgvaslgdtzbrdcu/Build/Intermediates.noindex/GeneratedModuleMaps-iphonesimulator/GoogleUtilities-AppDelegateSwizzler.modulemap -Xcc -fmodule-map-file\=/Users/ckubal/Library/Developer/Xcode/DerivedData/RunMusic-ehzzznpmcelkqvgvaslgdtzbrdcu/Build/Intermediates.noindex/GeneratedModuleMaps-iphonesimulator/RecaptchaInterop.modulemap -Xcc -fmodule-map-file\=/Users/ckubal/Library/Developer/Xcode/DerivedData/RunMusic-ehzzznpmcelkqvgvaslgdtzbrdcu/Build/Intermediates.noindex/GeneratedModuleMaps-iphonesimulator/FirebaseAuth.modulemap -Xcc -fmodule-map-file\=/Users/ckubal/Library/Developer/Xcode/DerivedData/RunMusic-ehzzznpmcelkqvgvaslgdtzbrdcu/Build/Intermediates.noindex/GeneratedModuleMaps-iphonesimulator/GoogleUtilities-NSData.modulemap -Xcc -fmodule-map-file\=/Users/ckubal/Library/Developer/Xcode/DerivedData/RunMusic-ehzzznpmcelkqvgvaslgdtzbrdcu/Build/Intermediates.noindex/GeneratedModuleMaps-iphonesimulator/GoogleUtilities-Environment.modulemap -Xcc -fmodule-map-file\=/Users/ckubal/Library/Developer/Xcode/DerivedData/RunMusic-ehzzznpmcelkqvgvaslgdtzbrdcu/Build/Intermediates.noindex/GeneratedModuleMaps-iphonesimulator/third-party-IsAppEncrypted.modulemap -Xcc -fmodule-map-file\=/Users/ckubal/Library/Developer/Xcode/DerivedData/RunMusic-ehzzznpmcelkqvgvaslgdtzbrdcu/Build/Intermediates.noindex/GeneratedModuleMaps-iphonesimulator/GoogleUtilities-Logger.modulemap -Xcc -fmodule-map-file\=/Users/ckubal/Library/Developer/Xcode/DerivedData/RunMusic-ehzzznpmcelkqvgvaslgdtzbrdcu/Build/Intermediates.noindex/GeneratedModuleMaps-iphonesimulator/GTMSessionFetcherCore.modulemap -Xcc -fmodule-map-file\=/Users/ckubal/Library/Developer/Xcode/DerivedData/RunMusic-ehzzznpmcelkqvgvaslgdtzbrdcu/Build/Intermediates.noindex/GeneratedModuleMaps-iphonesimulator/FirebaseMessagingInterop.modulemap -Xcc -fmodule-map-file\=/Users/ckubal/Library/Developer/Xcode/DerivedData/RunMusic-ehzzznpmcelkqvgvaslgdtzbrdcu/Build/Intermediates.noindex/GeneratedModuleMaps-iphonesimulator/FirebaseCoreExtension.modulemap -Xcc -fmodule-map-file\=/Users/ckubal/Library/Developer/Xcode/DerivedData/RunMusic-ehzzznpmcelkqvgvaslgdtzbrdcu/Build/Intermediates.noindex/GeneratedModuleMaps-iphonesimulator/FirebaseCore.modulemap -Xcc -fmodule-map-file\=/Users/ckubal/Library/Developer/Xcode/DerivedData/RunMusic-ehzzznpmcelkqvgvaslgdtzbrdcu/Build/Intermediates.noindex/GeneratedModuleMaps-iphonesimulator/FirebaseAuthInterop.modulemap -Xcc -fmodule-map-file\=/Users/ckubal/Library/Developer/Xcode/DerivedData/RunMusic-ehzzznpmcelkqvgvaslgdtzbrdcu/Build/Intermediates.noindex/GeneratedModuleMaps-iphonesimulator/FirebaseAppCheckInterop.modulemap -enable-bare-slash-regex -enable-experimental-feature DebugDescriptionMacro -sdk /Applications/Xcode.app/Contents/Developer/Platforms/iPhoneSimulator.platform/Developer/SDKs/iPhoneSimulator18.5.sdk -target arm64-apple-ios17.6-simulator -g -module-cache-path /Users/ckubal/Library/Developer/Xcode/DerivedData/ModuleCache.noindex -Xfrontend -serialize-debugging-options -enable-testing -index-store-path /Users/ckubal/Library/Developer/Xcode/DerivedData/RunMusic-ehzzznpmcelkqvgvaslgdtzbrdcu/Index.noindex/DataStore -swift-version 5 -I /Users/ckubal/Library/Developer/Xcode/DerivedData/RunMusic-ehzzznpmcelkqvgvaslgdtzbrdcu/Build/Products/Debug-iphonesimulator -F /Users/ckubal/Library/Developer/Xcode/DerivedData/RunMusic-ehzzznpmcelkqvgvaslgdtzbrdcu/Build/Products/Debug-iphonesimulator/PackageFrameworks -F /Users/ckubal/Library/Developer/Xcode/DerivedData/RunMusic-ehzzznpmcelkqvgvaslgdtzbrdcu/Build/Products/Debug-iphonesimulator/PackageFrameworks -F /Users/ckubal/Library/Developer/Xcode/DerivedData/RunMusic-ehzzznpmcelkqvgvaslgdtzbrdcu/Build/Products/Debug-iphonesimulator/PackageFrameworks -F /Users/ckubal/Library/Developer/Xcode/DerivedData/RunMusic-ehzzznpmcelkqvgvaslgdtzbrdcu/Build/Products/Debug-iphonesimulator/PackageFrameworks -F /Users/ckubal/Library/Developer/Xcode/DerivedData/RunMusic-ehzzznpmcelkqvgvaslgdtzbrdcu/Build/Products/Debug-iphonesimulator/PackageFrameworks -F /Users/ckubal/Library/Developer/Xcode/DerivedData/RunMusic-ehzzznpmcelkqvgvaslgdtzbrdcu/Build/Products/Debug-iphonesimulator/PackageFrameworks -F /Users/ckubal/Library/Developer/Xcode/DerivedData/RunMusic-ehzzznpmcelkqvgvaslgdtzbrdcu/Build/Products/Debug-iphonesimulator/PackageFrameworks -F /Users/ckubal/Library/Developer/Xcode/DerivedData/RunMusic-ehzzznpmcelkqvgvaslgdtzbrdcu/Build/Products/Debug-iphonesimulator/PackageFrameworks -F /Users/ckubal/Library/Developer/Xcode/DerivedData/RunMusic-ehzzznpmcelkqvgvaslgdtzbrdcu/Build/Products/Debug-iphonesimulator/PackageFrameworks -F /Users/ckubal/Library/Developer/Xcode/DerivedData/RunMusic-ehzzznpmcelkqvgvaslgdtzbrdcu/Build/Products/Debug-iphonesimulator/PackageFrameworks -F /Users/ckubal/Library/Developer/Xcode/DerivedData/RunMusic-ehzzznpmcelkqvgvaslgdtzbrdcu/Build/Products/Debug-iphonesimulator/PackageFrameworks -F /Users/ckubal/Library/Developer/Xcode/DerivedData/RunMusic-ehzzznpmcelkqvgvaslgdtzbrdcu/Build/Products/Debug-iphonesimulator/PackageFrameworks -F /Users/ckubal/Library/Developer/Xcode/DerivedData/RunMusic-ehzzznpmcelkqvgvaslgdtzbrdcu/Build/Products/Debug-iphonesimulator/PackageFrameworks -F /Users/ckubal/Library/Developer/Xcode/DerivedData/RunMusic-ehzzznpmcelkqvgvaslgdtzbrdcu/Build/Products/Debug-iphonesimulator/PackageFrameworks -F /Users/ckubal/Library/Developer/Xcode/DerivedData/RunMusic-ehzzznpmcelkqvgvaslgdtzbrdcu/Build/Products/Debug-iphonesimulator/PackageFrameworks -F /Users/ckubal/Library/Developer/Xcode/DerivedData/RunMusic-ehzzznpmcelkqvgvaslgdtzbrdcu/Build/Products/Debug-iphonesimulator/PackageFrameworks -F /Users/ckubal/Library/Developer/Xcode/DerivedData/RunMusic-ehzzznpmcelkqvgvaslgdtzbrdcu/Build/Products/Debug-iphonesimulator/PackageFrameworks -F /Users/ckubal/Library/Developer/Xcode/DerivedData/RunMusic-ehzzznpmcelkqvgvaslgdtzbrdcu/Build/Products/Debug-iphonesimulator/PackageFrameworks -F /Users/ckubal/Library/Developer/Xcode/DerivedData/RunMusic-ehzzznpmcelkqvgvaslgdtzbrdcu/Build/Products/Debug-iphonesimulator/PackageFrameworks -F /Users/ckubal/Library/Developer/Xcode/DerivedData/RunMusic-ehzzznpmcelkqvgvaslgdtzbrdcu/Build/Products/Debug-iphonesimulator/PackageFrameworks -F /Users/ckubal/Library/Developer/Xcode/DerivedData/RunMusic-ehzzznpmcelkqvgvaslgdtzbrdcu/Build/Products/Debug-iphonesimulator/PackageFrameworks -F /Users/ckubal/Library/Developer/Xcode/DerivedData/RunMusic-ehzzznpmcelkqvgvaslgdtzbrdcu/Build/Products/Debug-iphonesimulator/PackageFrameworks -F /Users/ckubal/Library/Developer/Xcode/DerivedData/RunMusic-ehzzznpmcelkqvgvaslgdtzbrdcu/Build/Products/Debug-iphonesimulator/PackageFrameworks -F /Users/ckubal/Library/Developer/Xcode/DerivedData/RunMusic-ehzzznpmcelkqvgvaslgdtzbrdcu/Build/Products/Debug-iphonesimulator/PackageFrameworks -F /Users/ckubal/Library/Developer/Xcode/DerivedData/RunMusic-ehzzznpmcelkqvgvaslgdtzbrdcu/Build/Products/Debug-iphonesimulator/PackageFrameworks -F /Users/ckubal/Library/Developer/Xcode/DerivedData/RunMusic-ehzzznpmcelkqvgvaslgdtzbrdcu/Build/Products/Debug-iphonesimulator/PackageFrameworks -F /Users/ckubal/Library/Developer/Xcode/DerivedData/RunMusic-ehzzznpmcelkqvgvaslgdtzbrdcu/Build/Products/Debug-iphonesimulator/PackageFrameworks -F /Users/ckubal/Library/Developer/Xcode/DerivedData/RunMusic-ehzzznpmcelkqvgvaslgdtzbrdcu/Build/Products/Debug-iphonesimulator/PackageFrameworks -F /Users/ckubal/Library/Developer/Xcode/DerivedData/RunMusic-ehzzznpmcelkqvgvaslgdtzbrdcu/Build/Products/Debug-iphonesimulator/PackageFrameworks -F /Users/ckubal/Library/Developer/Xcode/DerivedData/RunMusic-ehzzznpmcelkqvgvaslgdtzbrdcu/Build/Products/Debug-iphonesimulator/PackageFrameworks -F /Users/ckubal/Library/Developer/Xcode/DerivedData/RunMusic-ehzzznpmcelkqvgvaslgdtzbrdcu/Build/Products/Debug-iphonesimulator/PackageFrameworks -F /Users/ckubal/Library/Developer/Xcode/DerivedData/RunMusic-ehzzznpmcelkqvgvaslgdtzbrdcu/Build/Products/Debug-iphonesimulator/PackageFrameworks -F /Users/ckubal/Library/Developer/Xcode/DerivedData/RunMusic-ehzzznpmcelkqvgvaslgdtzbrdcu/Build/Products/Debug-iphonesimulator/PackageFrameworks -F /Users/ckubal/Library/Developer/Xcode/DerivedData/RunMusic-ehzzznpmcelkqvgvaslgdtzbrdcu/Build/Products/Debug-iphonesimulator/PackageFrameworks -F /Users/ckubal/Library/Developer/Xcode/DerivedData/RunMusic-ehzzznpmcelkqvgvaslgdtzbrdcu/Build/Products/Debug-iphonesimulator -emit-localized-strings -emit-localized-strings-path /Users/ckubal/Library/Developer/Xcode/DerivedData/RunMusic-ehzzznpmcelkqvgvaslgdtzbrdcu/Build/Intermediates.noindex/RunMusic.build/Debug-iphonesimulator/RunMusic.build/Objects-normal/arm64 -c -j10 -enable-batch-mode -incremental -Xcc -ivfsstatcache -Xcc /Users/ckubal/Library/Developer/Xcode/DerivedData/SDKStatCaches.noindex/iphonesimulator18.5-22F76-d5fc8ad4295d2ef488fb7d0f804ce0c4.sdkstatcache -output-file-map /Users/ckubal/Library/Developer/Xcode/DerivedData/RunMusic-ehzzznpmcelkqvgvaslgdtzbrdcu/Build/Intermediates.noindex/RunMusic.build/Debug-iphonesimulator/RunMusic.build/Objects-normal/arm64/RunMusic-OutputFileMap.json -use-frontend-parseable-output -save-temps -no-color-diagnostics -serialize-diagnostics -emit-dependencies -emit-module -emit-module-path /Users/ckubal/Library/Developer/Xcode/DerivedData/RunMusic-ehzzznpmcelkqvgvaslgdtzbrdcu/Build/Intermediates.noindex/RunMusic.build/Debug-iphonesimulator/RunMusic.build/Objects-normal/arm64/RunMusic.swiftmodule -validate-clang-modules-once -clang-build-session-file /Users/ckubal/Library/Developer/Xcode/DerivedData/ModuleCache.noindex/Session.modulevalidation -Xcc -I/Users/ckubal/Library/Developer/Xcode/DerivedData/RunMusic-ehzzznpmcelkqvgvaslgdtzbrdcu/Build/Intermediates.noindex/RunMusic.build/Debug-iphonesimulator/RunMusic.build/swift-overrides.hmap -emit-const-values -Xfrontend -const-gather-protocols-file -Xfrontend /Users/ckubal/Library/Developer/Xcode/DerivedData/RunMusic-ehzzznpmcelkqvgvaslgdtzbrdcu/Build/Intermediates.noindex/RunMusic.build/Debug-iphonesimulator/RunMusic.build/Objects-normal/arm64/RunMusic_const_extract_protocols.json -Xcc -iquote -Xcc /Users/ckubal/Library/Developer/Xcode/DerivedData/RunMusic-ehzzznpmcelkqvgvaslgdtzbrdcu/Build/Intermediates.noindex/RunMusic.build/Debug-iphonesimulator/RunMusic.build/RunMusic-generated-files.hmap -Xcc -I/Users/ckubal/Library/Developer/Xcode/DerivedData/RunMusic-ehzzznpmcelkqvgvaslgdtzbrdcu/Build/Intermediates.noindex/RunMusic.build/Debug-iphonesimulator/RunMusic.build/RunMusic-own-target-headers.hmap -Xcc -I/Users/ckubal/Library/Developer/Xcode/DerivedData/RunMusic-ehzzznpmcelkqvgvaslgdtzbrdcu/Build/Intermediates.noindex/RunMusic.build/Debug-iphonesimulator/RunMusic.build/RunMusic-all-non-framework-target-headers.hmap -Xcc -ivfsoverlay -Xcc /Users/ckubal/Library/Developer/Xcode/DerivedData/RunMusic-ehzzznpmcelkqvgvaslgdtzbrdcu/Build/Intermediates.noindex/RunMusic.build/Debug-iphonesimulator/RunMusic-9ea393dc3db56d2d01f40a6dd024fcf3-VFS-iphonesimulator/all-product-headers.yaml -Xcc -iquote -Xcc /Users/ckubal/Library/Developer/Xcode/DerivedData/RunMusic-ehzzznpmcelkqvgvaslgdtzbrdcu/Build/Intermediates.noindex/RunMusic.build/Debug-iphonesimulator/RunMusic.build/RunMusic-project-headers.hmap -Xcc -I/Users/ckubal/Library/Developer/Xcode/DerivedData/RunMusic-ehzzznpmcelkqvgvaslgdtzbrdcu/SourcePackages/checkouts/AppAuth-iOS/Sources/AppAuth -Xcc -I/Users/ckubal/Library/Developer/Xcode/DerivedData/RunMusic-ehzzznpmcelkqvgvaslgdtzbrdcu/SourcePackages/checkouts/AppAuth-iOS/Sources/AppAuthCore -Xcc -I/Users/ckubal/Library/Developer/Xcode/DerivedData/RunMusic-ehzzznpmcelkqvgvaslgdtzbrdcu/SourcePackages/checkouts/GoogleSignIn-iOS/GoogleSignIn/Sources/Public -Xcc -I/Users/ckubal/Library/Developer/Xcode/DerivedData/RunMusic-ehzzznpmcelkqvgvaslgdtzbrdcu/SourcePackages/checkouts/abseil-cpp-binary/absl-Wrapper/include -Xcc -I/Users/ckubal/Library/Developer/Xcode/DerivedData/RunMusic-ehzzznpmcelkqvgvaslgdtzbrdcu/SourcePackages/checkouts/grpc-binary/openssl-grpc-Wrapper/include -Xcc -I/Users/ckubal/Library/Developer/Xcode/DerivedData/RunMusic-ehzzznpmcelkqvgvaslgdtzbrdcu/SourcePackages/checkouts/grpc-binary/grpc-Wrapper/include -Xcc -I/Users/ckubal/Library/Developer/Xcode/DerivedData/RunMusic-ehzzznpmcelkqvgvaslgdtzbrdcu/SourcePackages/checkouts/grpc-binary/grpcpp-Wrapper/include -Xcc -I/Users/ckubal/Library/Developer/Xcode/DerivedData/RunMusic-ehzzznpmcelkqvgvaslgdtzbrdcu/SourcePackages/checkouts/nanopb/spm_headers -Xcc -I/Users/ckubal/Library/Developer/Xcode/DerivedData/RunMusic-ehzzznpmcelkqvgvaslgdtzbrdcu/SourcePackages/checkouts/leveldb/include -Xcc -I/Users/ckubal/Library/Developer/Xcode/DerivedData/RunMusic-ehzzznpmcelkqvgvaslgdtzbrdcu/SourcePackages/checkouts/firebase-ios-sdk/FirebaseFirestoreInternal -Xcc -I/Users/ckubal/Library/Developer/Xcode/DerivedData/RunMusic-ehzzznpmcelkqvgvaslgdtzbrdcu/SourcePackages/checkouts/firebase-ios-sdk/SwiftPM-PlatformExclude/FirebaseFirestoreWrap/include -Xcc -I/Users/ckubal/Library/Developer/Xcode/DerivedData/RunMusic-ehzzznpmcelkqvgvaslgdtzbrdcu/SourcePackages/checkouts/GoogleUtilities/GoogleUtilities/Network/Public -Xcc -I/Users/ckubal/Library/Developer/Xcode/DerivedData/RunMusic-ehzzznpmcelkqvgvaslgdtzbrdcu/SourcePackages/checkouts/GoogleUtilities/GoogleUtilities/Reachability/Public -Xcc -I/Users/ckubal/Library/Developer/Xcode/DerivedData/RunMusic-ehzzznpmcelkqvgvaslgdtzbrdcu/SourcePackages/checkouts/GoogleUtilities/GoogleUtilities/AppDelegateSwizzler/Public -Xcc -I/Users/ckubal/Library/Developer/Xcode/DerivedData/RunMusic-ehzzznpmcelkqvgvaslgdtzbrdcu/SourcePackages/checkouts/interop-ios-for-google-sdks/RecaptchaEnterprise/RecaptchaInterop/Public -Xcc -I/Users/ckubal/Library/Developer/Xcode/DerivedData/RunMusic-ehzzznpmcelkqvgvaslgdtzbrdcu/SourcePackages/checkouts/firebase-ios-sdk/FirebaseAuth/Sources/Public -Xcc -I/Users/ckubal/Library/Developer/Xcode/DerivedData/RunMusic-ehzzznpmcelkqvgvaslgdtzbrdcu/SourcePackages/checkouts/GoogleUtilities/GoogleUtilities/NSData+zlib/Public -Xcc -I/Users/ckubal/Library/Developer/Xcode/DerivedData/RunMusic-ehzzznpmcelkqvgvaslgdtzbrdcu/SourcePackages/checkouts/promises/Sources/FBLPromises/include -Xcc -I/Users/ckubal/Library/Developer/Xcode/DerivedData/RunMusic-ehzzznpmcelkqvgvaslgdtzbrdcu/SourcePackages/checkouts/GoogleUtilities/GoogleUtilities/Environment/Public -Xcc -I/Users/ckubal/Library/Developer/Xcode/DerivedData/RunMusic-ehzzznpmcelkqvgvaslgdtzbrdcu/SourcePackages/checkouts/GoogleUtilities/third_party/IsAppEncrypted/Public -Xcc -I/Users/ckubal/Library/Developer/Xcode/DerivedData/RunMusic-ehzzznpmcelkqvgvaslgdtzbrdcu/SourcePackages/checkouts/GoogleUtilities/GoogleUtilities/Logger/Public -Xcc -I/Users/ckubal/Library/Developer/Xcode/DerivedData/RunMusic-ehzzznpmcelkqvgvaslgdtzbrdcu/SourcePackages/checkouts/gtm-session-fetcher/Sources/Core/Public -Xcc -I/Users/ckubal/Library/Developer/Xcode/DerivedData/RunMusic-ehzzznpmcelkqvgvaslgdtzbrdcu/SourcePackages/checkouts/firebase-ios-sdk/FirebaseMessaging/Interop -Xcc -I/Users/ckubal/Library/Developer/Xcode/DerivedData/RunMusic-ehzzznpmcelkqvgvaslgdtzbrdcu/SourcePackages/checkouts/firebase-ios-sdk/FirebaseCore/Extension -Xcc -I/Users/ckubal/Library/Developer/Xcode/DerivedData/RunMusic-ehzzznpmcelkqvgvaslgdtzbrdcu/SourcePackages/checkouts/firebase-ios-sdk/FirebaseCore/Sources/Public -Xcc -I/Users/ckubal/Library/Developer/Xcode/DerivedData/RunMusic-ehzzznpmcelkqvgvaslgdtzbrdcu/SourcePackages/checkouts/firebase-ios-sdk/CoreOnly/Sources -Xcc -I/Users/ckubal/Library/Developer/Xcode/DerivedData/RunMusic-ehzzznpmcelkqvgvaslgdtzbrdcu/SourcePackages/checkouts/firebase-ios-sdk/FirebaseAuth/Interop -Xcc -I/Users/ckubal/Library/Developer/Xcode/DerivedData/RunMusic-ehzzznpmcelkqvgvaslgdtzbrdcu/SourcePackages/checkouts/firebase-ios-sdk/FirebaseAppCheck/Interop/Public -Xcc -I/Users/ckubal/Library/Developer/Xcode/DerivedData/RunMusic-ehzzznpmcelkqvgvaslgdtzbrdcu/Build/Products/Debug-iphonesimulator/include -Xcc -I/Users/ckubal/Library/Developer/Xcode/DerivedData/RunMusic-ehzzznpmcelkqvgvaslgdtzbrdcu/Build/Intermediates.noindex/RunMusic.build/Debug-iphonesimulator/RunMusic.build/DerivedSources-normal/arm64 -Xcc -I/Users/ckubal/Library/Developer/Xcode/DerivedData/RunMusic-ehzzznpmcelkqvgvaslgdtzbrdcu/Build/Intermediates.noindex/RunMusic.build/Debug-iphonesimulator/RunMusic.build/DerivedSources/arm64 -Xcc -I/Users/ckubal/Library/Developer/Xcode/DerivedData/RunMusic-ehzzznpmcelkqvgvaslgdtzbrdcu/Build/Intermediates.noindex/RunMusic.build/Debug-iphonesimulator/RunMusic.build/DerivedSources -Xcc -DDEBUG\=1 -emit-objc-header -emit-objc-header-path /Users/ckubal/Library/Developer/Xcode/DerivedData/RunMusic-ehzzznpmcelkqvgvaslgdtzbrdcu/Build/Intermediates.noindex/RunMusic.build/Debug-iphonesimulator/RunMusic.build/Objects-normal/arm64/RunMusic-Swift.h -working-directory /Users/ckubal/Documents/Programming/iOS\ Programming\ Projects/RunMusic -experimental-emit-module-separately -disable-cmo

Copy /Users/ckubal/Library/Developer/Xcode/DerivedData/RunMusic-ehzzznpmcelkqvgvaslgdtzbrdcu/Build/Products/Debug-iphonesimulator/RunMusic.app/abseil_abslWrapper.bundle /Users/ckubal/Library/Developer/Xcode/DerivedData/RunMusic-ehzzznpmcelkqvgvaslgdtzbrdcu/Build/Products/Debug-iphonesimulator/abseil_abslWrapper.bundle (in target 'RunMusic' from project 'RunMusic')
    cd /Users/ckubal/Documents/Programming/iOS\ Programming\ Projects/RunMusic
    builtin-copy -exclude .DS_Store -exclude CVS -exclude .svn -exclude .git -exclude .hg -resolve-src-symlinks /Users/ckubal/Library/Developer/Xcode/DerivedData/RunMusic-ehzzznpmcelkqvgvaslgdtzbrdcu/Build/Products/Debug-iphonesimulator/abseil_abslWrapper.bundle /Users/ckubal/Library/Developer/Xcode/DerivedData/RunMusic-ehzzznpmcelkqvgvaslgdtzbrdcu/Build/Products/Debug-iphonesimulator/RunMusic.app

Copy /Users/ckubal/Library/Developer/Xcode/DerivedData/RunMusic-ehzzznpmcelkqvgvaslgdtzbrdcu/Build/Products/Debug-iphonesimulator/RunMusic.app/Promises_FBLPromises.bundle /Users/ckubal/Library/Developer/Xcode/DerivedData/RunMusic-ehzzznpmcelkqvgvaslgdtzbrdcu/Build/Products/Debug-iphonesimulator/Promises_FBLPromises.bundle (in target 'RunMusic' from project 'RunMusic')
    cd /Users/ckubal/Documents/Programming/iOS\ Programming\ Projects/RunMusic
    builtin-copy -exclude .DS_Store -exclude CVS -exclude .svn -exclude .git -exclude .hg -resolve-src-symlinks /Users/ckubal/Library/Developer/Xcode/DerivedData/RunMusic-ehzzznpmcelkqvgvaslgdtzbrdcu/Build/Products/Debug-iphonesimulator/Promises_FBLPromises.bundle /Users/ckubal/Library/Developer/Xcode/DerivedData/RunMusic-ehzzznpmcelkqvgvaslgdtzbrdcu/Build/Products/Debug-iphonesimulator/RunMusic.app

Copy /Users/ckubal/Library/Developer/Xcode/DerivedData/RunMusic-ehzzznpmcelkqvgvaslgdtzbrdcu/Build/Products/Debug-iphonesimulator/RunMusic.app/Lottie_Lottie.bundle /Users/ckubal/Library/Developer/Xcode/DerivedData/RunMusic-ehzzznpmcelkqvgvaslgdtzbrdcu/Build/Products/Debug-iphonesimulator/Lottie_Lottie.bundle (in target 'RunMusic' from project 'RunMusic')
    cd /Users/ckubal/Documents/Programming/iOS\ Programming\ Projects/RunMusic
    builtin-copy -exclude .DS_Store -exclude CVS -exclude .svn -exclude .git -exclude .hg -resolve-src-symlinks /Users/ckubal/Library/Developer/Xcode/DerivedData/RunMusic-ehzzznpmcelkqvgvaslgdtzbrdcu/Build/Products/Debug-iphonesimulator/Lottie_Lottie.bundle /Users/ckubal/Library/Developer/Xcode/DerivedData/RunMusic-ehzzznpmcelkqvgvaslgdtzbrdcu/Build/Products/Debug-iphonesimulator/RunMusic.app

Copy /Users/ckubal/Library/Developer/Xcode/DerivedData/RunMusic-ehzzznpmcelkqvgvaslgdtzbrdcu/Build/Products/Debug-iphonesimulator/RunMusic.app/GoogleUtilities_GoogleUtilities-Reachability.bundle /Users/ckubal/Library/Developer/Xcode/DerivedData/RunMusic-ehzzznpmcelkqvgvaslgdtzbrdcu/Build/Products/Debug-iphonesimulator/GoogleUtilities_GoogleUtilities-Reachability.bundle (in target 'RunMusic' from project 'RunMusic')
    cd /Users/ckubal/Documents/Programming/iOS\ Programming\ Projects/RunMusic
    builtin-copy -exclude .DS_Store -exclude CVS -exclude .svn -exclude .git -exclude .hg -resolve-src-symlinks /Users/ckubal/Library/Developer/Xcode/DerivedData/RunMusic-ehzzznpmcelkqvgvaslgdtzbrdcu/Build/Products/Debug-iphonesimulator/GoogleUtilities_GoogleUtilities-Reachability.bundle /Users/ckubal/Library/Developer/Xcode/DerivedData/RunMusic-ehzzznpmcelkqvgvaslgdtzbrdcu/Build/Products/Debug-iphonesimulator/RunMusic.app

Copy /Users/ckubal/Library/Developer/Xcode/DerivedData/RunMusic-ehzzznpmcelkqvgvaslgdtzbrdcu/Build/Products/Debug-iphonesimulator/RunMusic.app/GoogleUtilities_GoogleUtilities-Network.bundle /Users/ckubal/Library/Developer/Xcode/DerivedData/RunMusic-ehzzznpmcelkqvgvaslgdtzbrdcu/Build/Products/Debug-iphonesimulator/GoogleUtilities_GoogleUtilities-Network.bundle (in target 'RunMusic' from project 'RunMusic')
    cd /Users/ckubal/Documents/Programming/iOS\ Programming\ Projects/RunMusic
    builtin-copy -exclude .DS_Store -exclude CVS -exclude .svn -exclude .git -exclude .hg -resolve-src-symlinks /Users/ckubal/Library/Developer/Xcode/DerivedData/RunMusic-ehzzznpmcelkqvgvaslgdtzbrdcu/Build/Products/Debug-iphonesimulator/GoogleUtilities_GoogleUtilities-Network.bundle /Users/ckubal/Library/Developer/Xcode/DerivedData/RunMusic-ehzzznpmcelkqvgvaslgdtzbrdcu/Build/Products/Debug-iphonesimulator/RunMusic.app

Copy /Users/ckubal/Library/Developer/Xcode/DerivedData/RunMusic-ehzzznpmcelkqvgvaslgdtzbrdcu/Build/Products/Debug-iphonesimulator/RunMusic.app/GoogleUtilities_GoogleUtilities-NSData.bundle /Users/ckubal/Library/Developer/Xcode/DerivedData/RunMusic-ehzzznpmcelkqvgvaslgdtzbrdcu/Build/Products/Debug-iphonesimulator/GoogleUtilities_GoogleUtilities-NSData.bundle (in target 'RunMusic' from project 'RunMusic')
    cd /Users/ckubal/Documents/Programming/iOS\ Programming\ Projects/RunMusic
    builtin-copy -exclude .DS_Store -exclude CVS -exclude .svn -exclude .git -exclude .hg -resolve-src-symlinks /Users/ckubal/Library/Developer/Xcode/DerivedData/RunMusic-ehzzznpmcelkqvgvaslgdtzbrdcu/Build/Products/Debug-iphonesimulator/GoogleUtilities_GoogleUtilities-NSData.bundle /Users/ckubal/Library/Developer/Xcode/DerivedData/RunMusic-ehzzznpmcelkqvgvaslgdtzbrdcu/Build/Products/Debug-iphonesimulator/RunMusic.app

Copy /Users/ckubal/Library/Developer/Xcode/DerivedData/RunMusic-ehzzznpmcelkqvgvaslgdtzbrdcu/Build/Products/Debug-iphonesimulator/RunMusic.app/GoogleUtilities_GoogleUtilities-Logger.bundle /Users/ckubal/Library/Developer/Xcode/DerivedData/RunMusic-ehzzznpmcelkqvgvaslgdtzbrdcu/Build/Products/Debug-iphonesimulator/GoogleUtilities_GoogleUtilities-Logger.bundle (in target 'RunMusic' from project 'RunMusic')
    cd /Users/ckubal/Documents/Programming/iOS\ Programming\ Projects/RunMusic
    builtin-copy -exclude .DS_Store -exclude CVS -exclude .svn -exclude .git -exclude .hg -resolve-src-symlinks /Users/ckubal/Library/Developer/Xcode/DerivedData/RunMusic-ehzzznpmcelkqvgvaslgdtzbrdcu/Build/Products/Debug-iphonesimulator/GoogleUtilities_GoogleUtilities-Logger.bundle /Users/ckubal/Library/Developer/Xcode/DerivedData/RunMusic-ehzzznpmcelkqvgvaslgdtzbrdcu/Build/Products/Debug-iphonesimulator/RunMusic.app

Copy /Users/ckubal/Library/Developer/Xcode/DerivedData/RunMusic-ehzzznpmcelkqvgvaslgdtzbrdcu/Build/Products/Debug-iphonesimulator/RunMusic.app/GoogleUtilities_GoogleUtilities-Environment.bundle /Users/ckubal/Library/Developer/Xcode/DerivedData/RunMusic-ehzzznpmcelkqvgvaslgdtzbrdcu/Build/Products/Debug-iphonesimulator/GoogleUtilities_GoogleUtilities-Environment.bundle (in target 'RunMusic' from project 'RunMusic')
    cd /Users/ckubal/Documents/Programming/iOS\ Programming\ Projects/RunMusic
    builtin-copy -exclude .DS_Store -exclude CVS -exclude .svn -exclude .git -exclude .hg -resolve-src-symlinks /Users/ckubal/Library/Developer/Xcode/DerivedData/RunMusic-ehzzznpmcelkqvgvaslgdtzbrdcu/Build/Products/Debug-iphonesimulator/GoogleUtilities_GoogleUtilities-Environment.bundle /Users/ckubal/Library/Developer/Xcode/DerivedData/RunMusic-ehzzznpmcelkqvgvaslgdtzbrdcu/Build/Products/Debug-iphonesimulator/RunMusic.app

Copy /Users/ckubal/Library/Developer/Xcode/DerivedData/RunMusic-ehzzznpmcelkqvgvaslgdtzbrdcu/Build/Products/Debug-iphonesimulator/RunMusic.app/GoogleUtilities_GoogleUtilities-AppDelegateSwizzler.bundle /Users/ckubal/Library/Developer/Xcode/DerivedData/RunMusic-ehzzznpmcelkqvgvaslgdtzbrdcu/Build/Products/Debug-iphonesimulator/GoogleUtilities_GoogleUtilities-AppDelegateSwizzler.bundle (in target 'RunMusic' from project 'RunMusic')
    cd /Users/ckubal/Documents/Programming/iOS\ Programming\ Projects/RunMusic
    builtin-copy -exclude .DS_Store -exclude CVS -exclude .svn -exclude .git -exclude .hg -resolve-src-symlinks /Users/ckubal/Library/Developer/Xcode/DerivedData/RunMusic-ehzzznpmcelkqvgvaslgdtzbrdcu/Build/Products/Debug-iphonesimulator/GoogleUtilities_GoogleUtilities-AppDelegateSwizzler.bundle /Users/ckubal/Library/Developer/Xcode/DerivedData/RunMusic-ehzzznpmcelkqvgvaslgdtzbrdcu/Build/Products/Debug-iphonesimulator/RunMusic.app

Copy /Users/ckubal/Library/Developer/Xcode/DerivedData/RunMusic-ehzzznpmcelkqvgvaslgdtzbrdcu/Build/Products/Debug-iphonesimulator/RunMusic.app/GoogleSignIn_GoogleSignIn.bundle /Users/ckubal/Library/Developer/Xcode/DerivedData/RunMusic-ehzzznpmcelkqvgvaslgdtzbrdcu/Build/Products/Debug-iphonesimulator/GoogleSignIn_GoogleSignIn.bundle (in target 'RunMusic' from project 'RunMusic')
    cd /Users/ckubal/Documents/Programming/iOS\ Programming\ Projects/RunMusic
    builtin-copy -exclude .DS_Store -exclude CVS -exclude .svn -exclude .git -exclude .hg -resolve-src-symlinks /Users/ckubal/Library/Developer/Xcode/DerivedData/RunMusic-ehzzznpmcelkqvgvaslgdtzbrdcu/Build/Products/Debug-iphonesimulator/GoogleSignIn_GoogleSignIn.bundle /Users/ckubal/Library/Developer/Xcode/DerivedData/RunMusic-ehzzznpmcelkqvgvaslgdtzbrdcu/Build/Products/Debug-iphonesimulator/RunMusic.app

Copy /Users/ckubal/Library/Developer/Xcode/DerivedData/RunMusic-ehzzznpmcelkqvgvaslgdtzbrdcu/Build/Products/Debug-iphonesimulator/RunMusic.app/GTMSessionFetcher_GTMSessionFetcherCore.bundle /Users/ckubal/Library/Developer/Xcode/DerivedData/RunMusic-ehzzznpmcelkqvgvaslgdtzbrdcu/Build/Products/Debug-iphonesimulator/GTMSessionFetcher_GTMSessionFetcherCore.bundle (in target 'RunMusic' from project 'RunMusic')
    cd /Users/ckubal/Documents/Programming/iOS\ Programming\ Projects/RunMusic
    builtin-copy -exclude .DS_Store -exclude CVS -exclude .svn -exclude .git -exclude .hg -resolve-src-symlinks /Users/ckubal/Library/Developer/Xcode/DerivedData/RunMusic-ehzzznpmcelkqvgvaslgdtzbrdcu/Build/Products/Debug-iphonesimulator/GTMSessionFetcher_GTMSessionFetcherCore.bundle /Users/ckubal/Library/Developer/Xcode/DerivedData/RunMusic-ehzzznpmcelkqvgvaslgdtzbrdcu/Build/Products/Debug-iphonesimulator/RunMusic.app

Copy /Users/ckubal/Library/Developer/Xcode/DerivedData/RunMusic-ehzzznpmcelkqvgvaslgdtzbrdcu/Build/Products/Debug-iphonesimulator/RunMusic.app/GTMAppAuth_GTMAppAuth.bundle /Users/ckubal/Library/Developer/Xcode/DerivedData/RunMusic-ehzzznpmcelkqvgvaslgdtzbrdcu/Build/Products/Debug-iphonesimulator/GTMAppAuth_GTMAppAuth.bundle (in target 'RunMusic' from project 'RunMusic')
    cd /Users/ckubal/Documents/Programming/iOS\ Programming\ Projects/RunMusic
    builtin-copy -exclude .DS_Store -exclude CVS -exclude .svn -exclude .git -exclude .hg -resolve-src-symlinks /Users/ckubal/Library/Developer/Xcode/DerivedData/RunMusic-ehzzznpmcelkqvgvaslgdtzbrdcu/Build/Products/Debug-iphonesimulator/GTMAppAuth_GTMAppAuth.bundle /Users/ckubal/Library/Developer/Xcode/DerivedData/RunMusic-ehzzznpmcelkqvgvaslgdtzbrdcu/Build/Products/Debug-iphonesimulator/RunMusic.app

Copy /Users/ckubal/Library/Developer/Xcode/DerivedData/RunMusic-ehzzznpmcelkqvgvaslgdtzbrdcu/Build/Products/Debug-iphonesimulator/RunMusic.app/Frameworks/openssl_grpc.framework /Users/ckubal/Library/Developer/Xcode/DerivedData/RunMusic-ehzzznpmcelkqvgvaslgdtzbrdcu/SourcePackages/artifacts/grpc-binary/openssl_grpc/openssl_grpc.xcframework/ios-arm64_x86_64-simulator/openssl_grpc.framework (in target 'RunMusic' from project 'RunMusic')
    cd /Users/ckubal/Documents/Programming/iOS\ Programming\ Projects/RunMusic
    builtin-copy -exclude .DS_Store -exclude CVS -exclude .svn -exclude .git -exclude .hg -exclude Headers -exclude PrivateHeaders -exclude Modules -exclude \*.tbd -resolve-src-symlinks -remove-static-executable /Users/ckubal/Library/Developer/Xcode/DerivedData/RunMusic-ehzzznpmcelkqvgvaslgdtzbrdcu/SourcePackages/artifacts/grpc-binary/openssl_grpc/openssl_grpc.xcframework/ios-arm64_x86_64-simulator/openssl_grpc.framework /Users/ckubal/Library/Developer/Xcode/DerivedData/RunMusic-ehzzznpmcelkqvgvaslgdtzbrdcu/Build/Products/Debug-iphonesimulator/RunMusic.app/Frameworks
note: Injecting stub binary into codeless framework (in target 'RunMusic' from project 'RunMusic')
    /Applications/Xcode.app/Contents/Developer/Toolchains/XcodeDefault.xctoolchain/usr/bin/clang -isysroot /Applications/Xcode.app/Contents/Developer/Platforms/iPhoneSimulator.platform/Developer/SDKs/iPhoneSimulator18.5.sdk -x c -c /dev/null -target arm64-apple-ios100.0-simulator -o /private/var/folders/jc/gjjqjwy16_nb0q5_q0bys0p00000gn/T/swbuild.tmp.DJ6VaKII/Data.noindex/arm64-apple.o
    /Applications/Xcode.app/Contents/Developer/Toolchains/XcodeDefault.xctoolchain/usr/bin/clang -isysroot /Applications/Xcode.app/Contents/Developer/Platforms/iPhoneSimulator.platform/Developer/SDKs/iPhoneSimulator18.5.sdk -dynamiclib -Xlinker -adhoc_codesign -target arm64-apple-ios100.0-simulator -o /private/var/folders/jc/gjjqjwy16_nb0q5_q0bys0p00000gn/T/swbuild.tmp.DJ6VaKII/Data.noindex/arm64-apple /private/var/folders/jc/gjjqjwy16_nb0q5_q0bys0p00000gn/T/swbuild.tmp.DJ6VaKII/Data.noindex/arm64-apple.o
    /Applications/Xcode.app/Contents/Developer/Toolchains/XcodeDefault.xctoolchain/usr/bin/lipo -create -output /Users/ckubal/Library/Developer/Xcode/DerivedData/RunMusic-ehzzznpmcelkqvgvaslgdtzbrdcu/Build/Products/Debug-iphonesimulator/RunMusic.app/Frameworks/openssl_grpc.framework/openssl_grpc /private/var/folders/jc/gjjqjwy16_nb0q5_q0bys0p00000gn/T/swbuild.tmp.DJ6VaKII/Data.noindex/arm64-apple

Copy /Users/ckubal/Library/Developer/Xcode/DerivedData/RunMusic-ehzzznpmcelkqvgvaslgdtzbrdcu/Build/Products/Debug-iphonesimulator/RunMusic.app/Frameworks/grpcpp.framework /Users/ckubal/Library/Developer/Xcode/DerivedData/RunMusic-ehzzznpmcelkqvgvaslgdtzbrdcu/SourcePackages/artifacts/grpc-binary/grpcpp/grpcpp.xcframework/ios-arm64_x86_64-simulator/grpcpp.framework (in target 'RunMusic' from project 'RunMusic')
    cd /Users/ckubal/Documents/Programming/iOS\ Programming\ Projects/RunMusic
    builtin-copy -exclude .DS_Store -exclude CVS -exclude .svn -exclude .git -exclude .hg -exclude Headers -exclude PrivateHeaders -exclude Modules -exclude \*.tbd -resolve-src-symlinks -remove-static-executable /Users/ckubal/Library/Developer/Xcode/DerivedData/RunMusic-ehzzznpmcelkqvgvaslgdtzbrdcu/SourcePackages/artifacts/grpc-binary/grpcpp/grpcpp.xcframework/ios-arm64_x86_64-simulator/grpcpp.framework /Users/ckubal/Library/Developer/Xcode/DerivedData/RunMusic-ehzzznpmcelkqvgvaslgdtzbrdcu/Build/Products/Debug-iphonesimulator/RunMusic.app/Frameworks
note: Injecting stub binary into codeless framework (in target 'RunMusic' from project 'RunMusic')
    /Applications/Xcode.app/Contents/Developer/Toolchains/XcodeDefault.xctoolchain/usr/bin/clang -isysroot /Applications/Xcode.app/Contents/Developer/Platforms/iPhoneSimulator.platform/Developer/SDKs/iPhoneSimulator18.5.sdk -x c -c /dev/null -target arm64-apple-ios100.0-simulator -o /private/var/folders/jc/gjjqjwy16_nb0q5_q0bys0p00000gn/T/swbuild.tmp.XVWLGuNN/Data.noindex/arm64-apple.o
    /Applications/Xcode.app/Contents/Developer/Toolchains/XcodeDefault.xctoolchain/usr/bin/clang -isysroot /Applications/Xcode.app/Contents/Developer/Platforms/iPhoneSimulator.platform/Developer/SDKs/iPhoneSimulator18.5.sdk -dynamiclib -Xlinker -adhoc_codesign -target arm64-apple-ios100.0-simulator -o /private/var/folders/jc/gjjqjwy16_nb0q5_q0bys0p00000gn/T/swbuild.tmp.XVWLGuNN/Data.noindex/arm64-apple /private/var/folders/jc/gjjqjwy16_nb0q5_q0bys0p00000gn/T/swbuild.tmp.XVWLGuNN/Data.noindex/arm64-apple.o
    /Applications/Xcode.app/Contents/Developer/Toolchains/XcodeDefault.xctoolchain/usr/bin/lipo -create -output /Users/ckubal/Library/Developer/Xcode/DerivedData/RunMusic-ehzzznpmcelkqvgvaslgdtzbrdcu/Build/Products/Debug-iphonesimulator/RunMusic.app/Frameworks/grpcpp.framework/grpcpp /private/var/folders/jc/gjjqjwy16_nb0q5_q0bys0p00000gn/T/swbuild.tmp.XVWLGuNN/Data.noindex/arm64-apple

Copy /Users/ckubal/Library/Developer/Xcode/DerivedData/RunMusic-ehzzznpmcelkqvgvaslgdtzbrdcu/Build/Products/Debug-iphonesimulator/RunMusic.app/Frameworks/grpc.framework /Users/ckubal/Library/Developer/Xcode/DerivedData/RunMusic-ehzzznpmcelkqvgvaslgdtzbrdcu/SourcePackages/artifacts/grpc-binary/grpc/grpc.xcframework/ios-arm64_x86_64-simulator/grpc.framework (in target 'RunMusic' from project 'RunMusic')
    cd /Users/ckubal/Documents/Programming/iOS\ Programming\ Projects/RunMusic
    builtin-copy -exclude .DS_Store -exclude CVS -exclude .svn -exclude .git -exclude .hg -exclude Headers -exclude PrivateHeaders -exclude Modules -exclude \*.tbd -resolve-src-symlinks -remove-static-executable /Users/ckubal/Library/Developer/Xcode/DerivedData/RunMusic-ehzzznpmcelkqvgvaslgdtzbrdcu/SourcePackages/artifacts/grpc-binary/grpc/grpc.xcframework/ios-arm64_x86_64-simulator/grpc.framework /Users/ckubal/Library/Developer/Xcode/DerivedData/RunMusic-ehzzznpmcelkqvgvaslgdtzbrdcu/Build/Products/Debug-iphonesimulator/RunMusic.app/Frameworks
note: Injecting stub binary into codeless framework (in target 'RunMusic' from project 'RunMusic')
    /Applications/Xcode.app/Contents/Developer/Toolchains/XcodeDefault.xctoolchain/usr/bin/clang -isysroot /Applications/Xcode.app/Contents/Developer/Platforms/iPhoneSimulator.platform/Developer/SDKs/iPhoneSimulator18.5.sdk -x c -c /dev/null -target arm64-apple-ios100.0-simulator -o /private/var/folders/jc/gjjqjwy16_nb0q5_q0bys0p00000gn/T/swbuild.tmp.6Z5YTBiJ/Data.noindex/arm64-apple.o
    /Applications/Xcode.app/Contents/Developer/Toolchains/XcodeDefault.xctoolchain/usr/bin/clang -isysroot /Applications/Xcode.app/Contents/Developer/Platforms/iPhoneSimulator.platform/Developer/SDKs/iPhoneSimulator18.5.sdk -dynamiclib -Xlinker -adhoc_codesign -target arm64-apple-ios100.0-simulator -o /private/var/folders/jc/gjjqjwy16_nb0q5_q0bys0p00000gn/T/swbuild.tmp.6Z5YTBiJ/Data.noindex/arm64-apple /private/var/folders/jc/gjjqjwy16_nb0q5_q0bys0p00000gn/T/swbuild.tmp.6Z5YTBiJ/Data.noindex/arm64-apple.o
    /Applications/Xcode.app/Contents/Developer/Toolchains/XcodeDefault.xctoolchain/usr/bin/lipo -create -output /Users/ckubal/Library/Developer/Xcode/DerivedData/RunMusic-ehzzznpmcelkqvgvaslgdtzbrdcu/Build/Products/Debug-iphonesimulator/RunMusic.app/Frameworks/grpc.framework/grpc /private/var/folders/jc/gjjqjwy16_nb0q5_q0bys0p00000gn/T/swbuild.tmp.6Z5YTBiJ/Data.noindex/arm64-apple

Copy /Users/ckubal/Library/Developer/Xcode/DerivedData/RunMusic-ehzzznpmcelkqvgvaslgdtzbrdcu/Build/Products/Debug-iphonesimulator/RunMusic.app/Frameworks/absl.framework /Users/ckubal/Library/Developer/Xcode/DerivedData/RunMusic-ehzzznpmcelkqvgvaslgdtzbrdcu/SourcePackages/artifacts/abseil-cpp-binary/absl/absl.xcframework/ios-arm64_x86_64-simulator/absl.framework (in target 'RunMusic' from project 'RunMusic')
    cd /Users/ckubal/Documents/Programming/iOS\ Programming\ Projects/RunMusic
    builtin-copy -exclude .DS_Store -exclude CVS -exclude .svn -exclude .git -exclude .hg -exclude Headers -exclude PrivateHeaders -exclude Modules -exclude \*.tbd -resolve-src-symlinks -remove-static-executable /Users/ckubal/Library/Developer/Xcode/DerivedData/RunMusic-ehzzznpmcelkqvgvaslgdtzbrdcu/SourcePackages/artifacts/abseil-cpp-binary/absl/absl.xcframework/ios-arm64_x86_64-simulator/absl.framework /Users/ckubal/Library/Developer/Xcode/DerivedData/RunMusic-ehzzznpmcelkqvgvaslgdtzbrdcu/Build/Products/Debug-iphonesimulator/RunMusic.app/Frameworks
note: Injecting stub binary into codeless framework (in target 'RunMusic' from project 'RunMusic')
    /Applications/Xcode.app/Contents/Developer/Toolchains/XcodeDefault.xctoolchain/usr/bin/clang -isysroot /Applications/Xcode.app/Contents/Developer/Platforms/iPhoneSimulator.platform/Developer/SDKs/iPhoneSimulator18.5.sdk -x c -c /dev/null -target arm64-apple-ios100.0-simulator -o /private/var/folders/jc/gjjqjwy16_nb0q5_q0bys0p00000gn/T/swbuild.tmp.1D9kbHxo/Data.noindex/arm64-apple.o
    /Applications/Xcode.app/Contents/Developer/Toolchains/XcodeDefault.xctoolchain/usr/bin/clang -isysroot /Applications/Xcode.app/Contents/Developer/Platforms/iPhoneSimulator.platform/Developer/SDKs/iPhoneSimulator18.5.sdk -dynamiclib -Xlinker -adhoc_codesign -target arm64-apple-ios100.0-simulator -o /private/var/folders/jc/gjjqjwy16_nb0q5_q0bys0p00000gn/T/swbuild.tmp.1D9kbHxo/Data.noindex/arm64-apple /private/var/folders/jc/gjjqjwy16_nb0q5_q0bys0p00000gn/T/swbuild.tmp.1D9kbHxo/Data.noindex/arm64-apple.o
    /Applications/Xcode.app/Contents/Developer/Toolchains/XcodeDefault.xctoolchain/usr/bin/lipo -create -output /Users/ckubal/Library/Developer/Xcode/DerivedData/RunMusic-ehzzznpmcelkqvgvaslgdtzbrdcu/Build/Products/Debug-iphonesimulator/RunMusic.app/Frameworks/absl.framework/absl /private/var/folders/jc/gjjqjwy16_nb0q5_q0bys0p00000gn/T/swbuild.tmp.1D9kbHxo/Data.noindex/arm64-apple

Copy /Users/ckubal/Library/Developer/Xcode/DerivedData/RunMusic-ehzzznpmcelkqvgvaslgdtzbrdcu/Build/Products/Debug-iphonesimulator/RunMusic.app/Frameworks/FirebaseFirestoreInternal.framework /Users/ckubal/Library/Developer/Xcode/DerivedData/RunMusic-ehzzznpmcelkqvgvaslgdtzbrdcu/SourcePackages/artifacts/firebase-ios-sdk/FirebaseFirestoreInternal/FirebaseFirestoreInternal.xcframework/ios-arm64_x86_64-simulator/FirebaseFirestoreInternal.framework (in target 'RunMusic' from project 'RunMusic')
    cd /Users/ckubal/Documents/Programming/iOS\ Programming\ Projects/RunMusic
    builtin-copy -exclude .DS_Store -exclude CVS -exclude .svn -exclude .git -exclude .hg -exclude Headers -exclude PrivateHeaders -exclude Modules -exclude \*.tbd -resolve-src-symlinks -remove-static-executable /Users/ckubal/Library/Developer/Xcode/DerivedData/RunMusic-ehzzznpmcelkqvgvaslgdtzbrdcu/SourcePackages/artifacts/firebase-ios-sdk/FirebaseFirestoreInternal/FirebaseFirestoreInternal.xcframework/ios-arm64_x86_64-simulator/FirebaseFirestoreInternal.framework /Users/ckubal/Library/Developer/Xcode/DerivedData/RunMusic-ehzzznpmcelkqvgvaslgdtzbrdcu/Build/Products/Debug-iphonesimulator/RunMusic.app/Frameworks
note: Injecting stub binary into codeless framework (in target 'RunMusic' from project 'RunMusic')
    /Applications/Xcode.app/Contents/Developer/Toolchains/XcodeDefault.xctoolchain/usr/bin/clang -isysroot /Applications/Xcode.app/Contents/Developer/Platforms/iPhoneSimulator.platform/Developer/SDKs/iPhoneSimulator18.5.sdk -x c -c /dev/null -target arm64-apple-ios100.0-simulator -o /private/var/folders/jc/gjjqjwy16_nb0q5_q0bys0p00000gn/T/swbuild.tmp.4fToGzfn/Data.noindex/arm64-apple.o
    /Applications/Xcode.app/Contents/Developer/Toolchains/XcodeDefault.xctoolchain/usr/bin/clang -isysroot /Applications/Xcode.app/Contents/Developer/Platforms/iPhoneSimulator.platform/Developer/SDKs/iPhoneSimulator18.5.sdk -dynamiclib -Xlinker -adhoc_codesign -target arm64-apple-ios100.0-simulator -o /private/var/folders/jc/gjjqjwy16_nb0q5_q0bys0p00000gn/T/swbuild.tmp.4fToGzfn/Data.noindex/arm64-apple /private/var/folders/jc/gjjqjwy16_nb0q5_q0bys0p00000gn/T/swbuild.tmp.4fToGzfn/Data.noindex/arm64-apple.o
    /Applications/Xcode.app/Contents/Developer/Toolchains/XcodeDefault.xctoolchain/usr/bin/lipo -create -output /Users/ckubal/Library/Developer/Xcode/DerivedData/RunMusic-ehzzznpmcelkqvgvaslgdtzbrdcu/Build/Products/Debug-iphonesimulator/RunMusic.app/Frameworks/FirebaseFirestoreInternal.framework/FirebaseFirestoreInternal /private/var/folders/jc/gjjqjwy16_nb0q5_q0bys0p00000gn/T/swbuild.tmp.4fToGzfn/Data.noindex/arm64-apple

Copy /Users/ckubal/Library/Developer/Xcode/DerivedData/RunMusic-ehzzznpmcelkqvgvaslgdtzbrdcu/Build/Products/Debug-iphonesimulator/RunMusic.app/Firebase_FirebaseFirestore.bundle /Users/ckubal/Library/Developer/Xcode/DerivedData/RunMusic-ehzzznpmcelkqvgvaslgdtzbrdcu/Build/Products/Debug-iphonesimulator/Firebase_FirebaseFirestore.bundle (in target 'RunMusic' from project 'RunMusic')
    cd /Users/ckubal/Documents/Programming/iOS\ Programming\ Projects/RunMusic
    builtin-copy -exclude .DS_Store -exclude CVS -exclude .svn -exclude .git -exclude .hg -resolve-src-symlinks /Users/ckubal/Library/Developer/Xcode/DerivedData/RunMusic-ehzzznpmcelkqvgvaslgdtzbrdcu/Build/Products/Debug-iphonesimulator/Firebase_FirebaseFirestore.bundle /Users/ckubal/Library/Developer/Xcode/DerivedData/RunMusic-ehzzznpmcelkqvgvaslgdtzbrdcu/Build/Products/Debug-iphonesimulator/RunMusic.app

Copy /Users/ckubal/Library/Developer/Xcode/DerivedData/RunMusic-ehzzznpmcelkqvgvaslgdtzbrdcu/Build/Products/Debug-iphonesimulator/RunMusic.app/Firebase_FirebaseCoreInternal.bundle /Users/ckubal/Library/Developer/Xcode/DerivedData/RunMusic-ehzzznpmcelkqvgvaslgdtzbrdcu/Build/Products/Debug-iphonesimulator/Firebase_FirebaseCoreInternal.bundle (in target 'RunMusic' from project 'RunMusic')
    cd /Users/ckubal/Documents/Programming/iOS\ Programming\ Projects/RunMusic
    builtin-copy -exclude .DS_Store -exclude CVS -exclude .svn -exclude .git -exclude .hg -resolve-src-symlinks /Users/ckubal/Library/Developer/Xcode/DerivedData/RunMusic-ehzzznpmcelkqvgvaslgdtzbrdcu/Build/Products/Debug-iphonesimulator/Firebase_FirebaseCoreInternal.bundle /Users/ckubal/Library/Developer/Xcode/DerivedData/RunMusic-ehzzznpmcelkqvgvaslgdtzbrdcu/Build/Products/Debug-iphonesimulator/RunMusic.app

Copy /Users/ckubal/Library/Developer/Xcode/DerivedData/RunMusic-ehzzznpmcelkqvgvaslgdtzbrdcu/Build/Products/Debug-iphonesimulator/RunMusic.app/Firebase_FirebaseCoreExtension.bundle /Users/ckubal/Library/Developer/Xcode/DerivedData/RunMusic-ehzzznpmcelkqvgvaslgdtzbrdcu/Build/Products/Debug-iphonesimulator/Firebase_FirebaseCoreExtension.bundle (in target 'RunMusic' from project 'RunMusic')
    cd /Users/ckubal/Documents/Programming/iOS\ Programming\ Projects/RunMusic
    builtin-copy -exclude .DS_Store -exclude CVS -exclude .svn -exclude .git -exclude .hg -resolve-src-symlinks /Users/ckubal/Library/Developer/Xcode/DerivedData/RunMusic-ehzzznpmcelkqvgvaslgdtzbrdcu/Build/Products/Debug-iphonesimulator/Firebase_FirebaseCoreExtension.bundle /Users/ckubal/Library/Developer/Xcode/DerivedData/RunMusic-ehzzznpmcelkqvgvaslgdtzbrdcu/Build/Products/Debug-iphonesimulator/RunMusic.app

Copy /Users/ckubal/Library/Developer/Xcode/DerivedData/RunMusic-ehzzznpmcelkqvgvaslgdtzbrdcu/Build/Products/Debug-iphonesimulator/RunMusic.app/Firebase_FirebaseCore.bundle /Users/ckubal/Library/Developer/Xcode/DerivedData/RunMusic-ehzzznpmcelkqvgvaslgdtzbrdcu/Build/Products/Debug-iphonesimulator/Firebase_FirebaseCore.bundle (in target 'RunMusic' from project 'RunMusic')
    cd /Users/ckubal/Documents/Programming/iOS\ Programming\ Projects/RunMusic
    builtin-copy -exclude .DS_Store -exclude CVS -exclude .svn -exclude .git -exclude .hg -resolve-src-symlinks /Users/ckubal/Library/Developer/Xcode/DerivedData/RunMusic-ehzzznpmcelkqvgvaslgdtzbrdcu/Build/Products/Debug-iphonesimulator/Firebase_FirebaseCore.bundle /Users/ckubal/Library/Developer/Xcode/DerivedData/RunMusic-ehzzznpmcelkqvgvaslgdtzbrdcu/Build/Products/Debug-iphonesimulator/RunMusic.app

Copy /Users/ckubal/Library/Developer/Xcode/DerivedData/RunMusic-ehzzznpmcelkqvgvaslgdtzbrdcu/Build/Products/Debug-iphonesimulator/RunMusic.app/Firebase_FirebaseAuth.bundle /Users/ckubal/Library/Developer/Xcode/DerivedData/RunMusic-ehzzznpmcelkqvgvaslgdtzbrdcu/Build/Products/Debug-iphonesimulator/Firebase_FirebaseAuth.bundle (in target 'RunMusic' from project 'RunMusic')
    cd /Users/ckubal/Documents/Programming/iOS\ Programming\ Projects/RunMusic
    builtin-copy -exclude .DS_Store -exclude CVS -exclude .svn -exclude .git -exclude .hg -resolve-src-symlinks /Users/ckubal/Library/Developer/Xcode/DerivedData/RunMusic-ehzzznpmcelkqvgvaslgdtzbrdcu/Build/Products/Debug-iphonesimulator/Firebase_FirebaseAuth.bundle /Users/ckubal/Library/Developer/Xcode/DerivedData/RunMusic-ehzzznpmcelkqvgvaslgdtzbrdcu/Build/Products/Debug-iphonesimulator/RunMusic.app

Copy /Users/ckubal/Library/Developer/Xcode/DerivedData/RunMusic-ehzzznpmcelkqvgvaslgdtzbrdcu/Build/Products/Debug-iphonesimulator/RunMusic.app/AppAuth_AppAuthCore.bundle /Users/ckubal/Library/Developer/Xcode/DerivedData/RunMusic-ehzzznpmcelkqvgvaslgdtzbrdcu/Build/Products/Debug-iphonesimulator/AppAuth_AppAuthCore.bundle (in target 'RunMusic' from project 'RunMusic')
    cd /Users/ckubal/Documents/Programming/iOS\ Programming\ Projects/RunMusic
    builtin-copy -exclude .DS_Store -exclude CVS -exclude .svn -exclude .git -exclude .hg -resolve-src-symlinks /Users/ckubal/Library/Developer/Xcode/DerivedData/RunMusic-ehzzznpmcelkqvgvaslgdtzbrdcu/Build/Products/Debug-iphonesimulator/AppAuth_AppAuthCore.bundle /Users/ckubal/Library/Developer/Xcode/DerivedData/RunMusic-ehzzznpmcelkqvgvaslgdtzbrdcu/Build/Products/Debug-iphonesimulator/RunMusic.app

Copy /Users/ckubal/Library/Developer/Xcode/DerivedData/RunMusic-ehzzznpmcelkqvgvaslgdtzbrdcu/Build/Products/Debug-iphonesimulator/RunMusic.app/AppAuth_AppAuth.bundle /Users/ckubal/Library/Developer/Xcode/DerivedData/RunMusic-ehzzznpmcelkqvgvaslgdtzbrdcu/Build/Products/Debug-iphonesimulator/AppAuth_AppAuth.bundle (in target 'RunMusic' from project 'RunMusic')
    cd /Users/ckubal/Documents/Programming/iOS\ Programming\ Projects/RunMusic
    builtin-copy -exclude .DS_Store -exclude CVS -exclude .svn -exclude .git -exclude .hg -resolve-src-symlinks /Users/ckubal/Library/Developer/Xcode/DerivedData/RunMusic-ehzzznpmcelkqvgvaslgdtzbrdcu/Build/Products/Debug-iphonesimulator/AppAuth_AppAuth.bundle /Users/ckubal/Library/Developer/Xcode/DerivedData/RunMusic-ehzzznpmcelkqvgvaslgdtzbrdcu/Build/Products/Debug-iphonesimulator/RunMusic.app

CompileAssetCatalogVariant thinned /Users/ckubal/Library/Developer/Xcode/DerivedData/RunMusic-ehzzznpmcelkqvgvaslgdtzbrdcu/Build/Products/Debug-iphonesimulator/RunMusic.app /Users/ckubal/Documents/Programming/iOS\ Programming\ Projects/RunMusic/RunMusic/Preview\ Content/Preview\ Assets.xcassets /Users/ckubal/Documents/Programming/iOS\ Programming\ Projects/RunMusic/RunMusic/Assets.xcassets (in target 'RunMusic' from project 'RunMusic')
    cd /Users/ckubal/Documents/Programming/iOS\ Programming\ Projects/RunMusic
    /Applications/Xcode.app/Contents/Developer/usr/bin/actool /Users/ckubal/Documents/Programming/iOS\ Programming\ Projects/RunMusic/RunMusic/Preview\ Content/Preview\ Assets.xcassets /Users/ckubal/Documents/Programming/iOS\ Programming\ Projects/RunMusic/RunMusic/Assets.xcassets --compile /Users/ckubal/Library/Developer/Xcode/DerivedData/RunMusic-ehzzznpmcelkqvgvaslgdtzbrdcu/Build/Intermediates.noindex/RunMusic.build/Debug-iphonesimulator/RunMusic.build/assetcatalog_output/thinned --output-format human-readable-text --notices --warnings --export-dependency-info /Users/ckubal/Library/Developer/Xcode/DerivedData/RunMusic-ehzzznpmcelkqvgvaslgdtzbrdcu/Build/Intermediates.noindex/RunMusic.build/Debug-iphonesimulator/RunMusic.build/assetcatalog_dependencies_thinned --output-partial-info-plist /Users/ckubal/Library/Developer/Xcode/DerivedData/RunMusic-ehzzznpmcelkqvgvaslgdtzbrdcu/Build/Intermediates.noindex/RunMusic.build/Debug-iphonesimulator/RunMusic.build/assetcatalog_generated_info.plist_thinned --app-icon AppIcon --accent-color AccentColor --compress-pngs --enable-on-demand-resources YES --filter-for-thinning-device-configuration iPhone17,3 --filter-for-device-os-version 18.5 --development-region en --target-device iphone --target-device ipad --minimum-deployment-target 17.6 --platform iphonesimulator

SwiftEmitModule normal arm64 Emitting\ module\ for\ RunMusic (in target 'RunMusic' from project 'RunMusic')

EmitSwiftModule normal arm64 (in target 'RunMusic' from project 'RunMusic')
    cd /Users/ckubal/Documents/Programming/iOS\ Programming\ Projects/RunMusic
    
/Users/ckubal/Documents/Programming/iOS Programming Projects/RunMusic/RunMusic/Services/SpotifyService.swift:25:52: warning: main actor-isolated static property 'shared' can not be referenced from a nonisolated context; this is an error in the Swift 6 language mode
    private let firebaseAuth = FirebaseAuthService.shared
                                                   ^
/Users/ckubal/Documents/Programming/iOS Programming Projects/RunMusic/RunMusic/Services/FirebaseAuthService.swift:8:16: note: static property declared here
    static let shared = FirebaseAuthService()
               ^
/Users/ckubal/Documents/Programming/iOS Programming Projects/RunMusic/RunMusic/Services/CardExportService.swift:36:40: warning: main actor-isolated property 'scale' can not be referenced from a nonisolated context; this is an error in the Swift 6 language mode
        scale: CGFloat = UIScreen.main.scale,
                                       ^
/Applications/Xcode.app/Contents/Developer/Platforms/iPhoneSimulator.platform/Developer/SDKs/iPhoneSimulator18.5.sdk/System/Library/Frameworks/UIKit.framework/Headers/UIScreen.h:60:39: note: property declared here
@property(nonatomic,readonly) CGFloat scale API_AVAILABLE(ios(4.0));
                                      ^
/Users/ckubal/Documents/Programming/iOS Programming Projects/RunMusic/RunMusic/Services/CardExportService.swift:36:35: warning: main actor-isolated class property 'main' can not be referenced from a nonisolated context; this is an error in the Swift 6 language mode
        scale: CGFloat = UIScreen.main.scale,
                                  ^
/Applications/Xcode.app/Contents/Developer/Platforms/iPhoneSimulator.platform/Developer/SDKs/iPhoneSimulator18.5.sdk/System/Library/Frameworks/UIKit.framework/Headers/UIScreen.h:57:49: note: class property declared here
@property(class, nonatomic, readonly) UIScreen *mainScreen API_DEPRECATED("Use a UIScreen instance found through context instead: i.e, view.window.windowScene.screen", ios(2.0, API_TO_BE_DEPRECATED), visionos(1.0, API_TO_BE_DEPRECATED)) API_UNAVAILABLE(watchos); // the device's internal screen
                                                ^
/Users/ckubal/Documents/Programming/iOS Programming Projects/RunMusic/RunMusic/Services/CardExportService.swift:123:40: warning: main actor-isolated property 'scale' can not be referenced from a nonisolated context; this is an error in the Swift 6 language mode
        scale: CGFloat = UIScreen.main.scale,
                                       ^
/Applications/Xcode.app/Contents/Developer/Platforms/iPhoneSimulator.platform/Developer/SDKs/iPhoneSimulator18.5.sdk/System/Library/Frameworks/UIKit.framework/Headers/UIScreen.h:60:39: note: property declared here
@property(nonatomic,readonly) CGFloat scale API_AVAILABLE(ios(4.0));
                                      ^
/Users/ckubal/Documents/Programming/iOS Programming Projects/RunMusic/RunMusic/Services/CardExportService.swift:123:35: warning: main actor-isolated class property 'main' can not be referenced from a nonisolated context; this is an error in the Swift 6 language mode
        scale: CGFloat = UIScreen.main.scale,
                                  ^
/Applications/Xcode.app/Contents/Developer/Platforms/iPhoneSimulator.platform/Developer/SDKs/iPhoneSimulator18.5.sdk/System/Library/Frameworks/UIKit.framework/Headers/UIScreen.h:57:49: note: class property declared here
@property(class, nonatomic, readonly) UIScreen *mainScreen API_DEPRECATED("Use a UIScreen instance found through context instead: i.e, view.window.windowScene.screen", ios(2.0, API_TO_BE_DEPRECATED), visionos(1.0, API_TO_BE_DEPRECATED)) API_UNAVAILABLE(watchos); // the device's internal screen
                                                ^

SwiftCompile normal arm64 Compiling\ StravaService.swift,\ SpotifyFileScanner.swift,\ FirebaseAuthService.swift,\ LocationAnalysisService.swift,\ FirestoreService.swift /Users/ckubal/Documents/Programming/iOS\ Programming\ Projects/RunMusic/RunMusic/Services/StravaService.swift /Users/ckubal/Documents/Programming/iOS\ Programming\ Projects/RunMusic/RunMusic/Services/SpotifyFileScanner.swift /Users/ckubal/Documents/Programming/iOS\ Programming\ Projects/RunMusic/RunMusic/Services/FirebaseAuthService.swift /Users/ckubal/Documents/Programming/iOS\ Programming\ Projects/RunMusic/RunMusic/Services/LocationAnalysisService.swift /Users/ckubal/Documents/Programming/iOS\ Programming\ Projects/RunMusic/RunMusic/Services/FirestoreService.swift (in target 'RunMusic' from project 'RunMusic')

SwiftCompile normal arm64 /Users/ckubal/Documents/Programming/iOS\ Programming\ Projects/RunMusic/RunMusic/Services/StravaService.swift (in target 'RunMusic' from project 'RunMusic')
    cd /Users/ckubal/Documents/Programming/iOS\ Programming\ Projects/RunMusic
    

SwiftCompile normal arm64 /Users/ckubal/Documents/Programming/iOS\ Programming\ Projects/RunMusic/RunMusic/Services/SpotifyFileScanner.swift (in target 'RunMusic' from project 'RunMusic')
    cd /Users/ckubal/Documents/Programming/iOS\ Programming\ Projects/RunMusic
    

SwiftCompile normal arm64 /Users/ckubal/Documents/Programming/iOS\ Programming\ Projects/RunMusic/RunMusic/Services/FirebaseAuthService.swift (in target 'RunMusic' from project 'RunMusic')
    cd /Users/ckubal/Documents/Programming/iOS\ Programming\ Projects/RunMusic
    
/Users/ckubal/Documents/Programming/iOS Programming Projects/RunMusic/RunMusic/Services/FirebaseAuthService.swift:51:37: warning: no 'async' operations occur within 'await' expression
            guard let windowScene = await UIApplication.shared.connectedScenes.first as? UIWindowScene,
                                    ^
/Users/ckubal/Documents/Programming/iOS Programming Projects/RunMusic/RunMusic/Services/FirebaseAuthService.swift:52:32: warning: no 'async' operations occur within 'await' expression
                  let window = await windowScene.windows.first,
                               ^
/Users/ckubal/Documents/Programming/iOS Programming Projects/RunMusic/RunMusic/Services/FirebaseAuthService.swift:53:44: warning: no 'async' operations occur within 'await' expression
                  let rootViewController = await window.rootViewController else {
                                           ^
/Users/ckubal/Documents/Programming/iOS Programming Projects/RunMusic/RunMusic/Services/FirebaseAuthService.swift:156:27: warning: no 'async' operations occur within 'await' expression
        let spotifyAuth = await SpotifyService.shared.isAuthenticated
                          ^
/Users/ckubal/Documents/Programming/iOS Programming Projects/RunMusic/RunMusic/Services/FirebaseAuthService.swift:157:26: warning: no 'async' operations occur within 'await' expression
        let stravaAuth = await StravaService.shared.isAuthenticated
                         ^

SwiftCompile normal arm64 /Users/ckubal/Documents/Programming/iOS\ Programming\ Projects/RunMusic/RunMusic/Services/LocationAnalysisService.swift (in target 'RunMusic' from project 'RunMusic')
    cd /Users/ckubal/Documents/Programming/iOS\ Programming\ Projects/RunMusic
    

SwiftCompile normal arm64 /Users/ckubal/Documents/Programming/iOS\ Programming\ Projects/RunMusic/RunMusic/Services/FirestoreService.swift (in target 'RunMusic' from project 'RunMusic')
    cd /Users/ckubal/Documents/Programming/iOS\ Programming\ Projects/RunMusic
    

SwiftCompile normal arm64 Compiling\ SpotifyImportGuideView.swift,\ SpotifyHistoryImportPrompt.swift,\ ColorSchemePicker.swift,\ AnimatedRoutePathView.swift,\ TokenEncryption.swift,\ AnimatedRunCardView.swift /Users/ckubal/Documents/Programming/iOS\ Programming\ Projects/RunMusic/RunMusic/Views/SpotifyImportGuideView.swift /Users/ckubal/Documents/Programming/iOS\ Programming\ Projects/RunMusic/RunMusic/Views/Components/SpotifyHistoryImportPrompt.swift /Users/ckubal/Documents/Programming/iOS\ Programming\ Projects/RunMusic/RunMusic/Views/Components/ColorSchemePicker.swift /Users/ckubal/Documents/Programming/iOS\ Programming\ Projects/RunMusic/RunMusic/Views/Components/AnimatedRoutePathView.swift /Users/ckubal/Documents/Programming/iOS\ Programming\ Projects/RunMusic/RunMusic/Services/TokenEncryption.swift /Users/ckubal/Documents/Programming/iOS\ Programming\ Projects/RunMusic/RunMusic/Views/Components/AnimatedRunCardView.swift (in target 'RunMusic' from project 'RunMusic')
SwiftCompile normal arm64 /Users/ckubal/Documents/Programming/iOS\ Programming\ Projects/RunMusic/RunMusic/Views/SpotifyImportGuideView.swift (in target 'RunMusic' from project 'RunMusic')
    cd /Users/ckubal/Documents/Programming/iOS\ Programming\ Projects/RunMusic
    

SwiftCompile normal arm64 /Users/ckubal/Documents/Programming/iOS\ Programming\ Projects/RunMusic/RunMusic/Views/Components/SpotifyHistoryImportPrompt.swift (in target 'RunMusic' from project 'RunMusic')
    cd /Users/ckubal/Documents/Programming/iOS\ Programming\ Projects/RunMusic
    

SwiftCompile normal arm64 /Users/ckubal/Documents/Programming/iOS\ Programming\ Projects/RunMusic/RunMusic/Views/Components/ColorSchemePicker.swift (in target 'RunMusic' from project 'RunMusic')
    cd /Users/ckubal/Documents/Programming/iOS\ Programming\ Projects/RunMusic
    

SwiftCompile normal arm64 /Users/ckubal/Documents/Programming/iOS\ Programming\ Projects/RunMusic/RunMusic/Views/Components/AnimatedRoutePathView.swift (in target 'RunMusic' from project 'RunMusic')
    cd /Users/ckubal/Documents/Programming/iOS\ Programming\ Projects/RunMusic
    

SwiftCompile normal arm64 /Users/ckubal/Documents/Programming/iOS\ Programming\ Projects/RunMusic/RunMusic/Services/TokenEncryption.swift (in target 'RunMusic' from project 'RunMusic')
    cd /Users/ckubal/Documents/Programming/iOS\ Programming\ Projects/RunMusic
    

SwiftCompile normal arm64 /Users/ckubal/Documents/Programming/iOS\ Programming\ Projects/RunMusic/RunMusic/Views/Components/AnimatedRunCardView.swift (in target 'RunMusic' from project 'RunMusic')
    cd /Users/ckubal/Documents/Programming/iOS\ Programming\ Projects/RunMusic
    

SwiftCompile normal arm64 Compiling\ InteractiveShareableCardView.swift,\ PhotoService.swift,\ RunningManLoader.swift,\ AnimatedShareableCardView.swift,\ UserPreferences.swift,\ RoutePathView.swift /Users/ckubal/Documents/Programming/iOS\ Programming\ Projects/RunMusic/RunMusic/Views/InteractiveShareableCardView.swift /Users/ckubal/Documents/Programming/iOS\ Programming\ Projects/RunMusic/RunMusic/Services/PhotoService.swift /Users/ckubal/Documents/Programming/iOS\ Programming\ Projects/RunMusic/RunMusic/Views/Components/RunningManLoader.swift /Users/ckubal/Documents/Programming/iOS\ Programming\ Projects/RunMusic/RunMusic/Views/Components/AnimatedShareableCardView.swift /Users/ckubal/Documents/Programming/iOS\ Programming\ Projects/RunMusic/RunMusic/Services/UserPreferences.swift /Users/ckubal/Documents/Programming/iOS\ Programming\ Projects/RunMusic/RunMusic/Views/RoutePathView.swift (in target 'RunMusic' from project 'RunMusic')

SwiftCompile normal arm64 /Users/ckubal/Documents/Programming/iOS\ Programming\ Projects/RunMusic/RunMusic/Views/InteractiveShareableCardView.swift (in target 'RunMusic' from project 'RunMusic')
    cd /Users/ckubal/Documents/Programming/iOS\ Programming\ Projects/RunMusic
    

SwiftCompile normal arm64 /Users/ckubal/Documents/Programming/iOS\ Programming\ Projects/RunMusic/RunMusic/Services/PhotoService.swift (in target 'RunMusic' from project 'RunMusic')
    cd /Users/ckubal/Documents/Programming/iOS\ Programming\ Projects/RunMusic
    

SwiftCompile normal arm64 /Users/ckubal/Documents/Programming/iOS\ Programming\ Projects/RunMusic/RunMusic/Views/Components/RunningManLoader.swift (in target 'RunMusic' from project 'RunMusic')
    cd /Users/ckubal/Documents/Programming/iOS\ Programming\ Projects/RunMusic
    

SwiftCompile normal arm64 /Users/ckubal/Documents/Programming/iOS\ Programming\ Projects/RunMusic/RunMusic/Views/Components/AnimatedShareableCardView.swift (in target 'RunMusic' from project 'RunMusic')
    cd /Users/ckubal/Documents/Programming/iOS\ Programming\ Projects/RunMusic
    

SwiftCompile normal arm64 /Users/ckubal/Documents/Programming/iOS\ Programming\ Projects/RunMusic/RunMusic/Services/UserPreferences.swift (in target 'RunMusic' from project 'RunMusic')
    cd /Users/ckubal/Documents/Programming/iOS\ Programming\ Projects/RunMusic
    

SwiftCompile normal arm64 /Users/ckubal/Documents/Programming/iOS\ Programming\ Projects/RunMusic/RunMusic/Views/RoutePathView.swift (in target 'RunMusic' from project 'RunMusic')
    cd /Users/ckubal/Documents/Programming/iOS\ Programming\ Projects/RunMusic
    

SwiftCompile normal arm64 Compiling\ LoadingAnimations.swift,\ AlbumArt.swift,\ SpotifyService.swift,\ PullToRefresh.swift,\ StravaModels.swift,\ AuthenticationView.swift /Users/ckubal/Documents/Programming/iOS\ Programming\ Projects/RunMusic/RunMusic/Views/Components/LoadingAnimations.swift /Users/ckubal/Documents/Programming/iOS\ Programming\ Projects/RunMusic/RunMusic/Models/AlbumArt.swift /Users/ckubal/Documents/Programming/iOS\ Programming\ Projects/RunMusic/RunMusic/Services/SpotifyService.swift /Users/ckubal/Documents/Programming/iOS\ Programming\ Projects/RunMusic/RunMusic/Views/Components/PullToRefresh.swift /Users/ckubal/Documents/Programming/iOS\ Programming\ Projects/RunMusic/RunMusic/Models/StravaModels.swift /Users/ckubal/Documents/Programming/iOS\ Programming\ Projects/RunMusic/RunMusic/Views/AuthenticationView.swift (in target 'RunMusic' from project 'RunMusic')

SwiftCompile normal arm64 /Users/ckubal/Documents/Programming/iOS\ Programming\ Projects/RunMusic/RunMusic/Views/Components/LoadingAnimations.swift (in target 'RunMusic' from project 'RunMusic')
    cd /Users/ckubal/Documents/Programming/iOS\ Programming\ Projects/RunMusic
    

SwiftCompile normal arm64 /Users/ckubal/Documents/Programming/iOS\ Programming\ Projects/RunMusic/RunMusic/Models/AlbumArt.swift (in target 'RunMusic' from project 'RunMusic')
    cd /Users/ckubal/Documents/Programming/iOS\ Programming\ Projects/RunMusic
    

SwiftCompile normal arm64 /Users/ckubal/Documents/Programming/iOS\ Programming\ Projects/RunMusic/RunMusic/Services/SpotifyService.swift (in target 'RunMusic' from project 'RunMusic')
    cd /Users/ckubal/Documents/Programming/iOS\ Programming\ Projects/RunMusic
    

SwiftCompile normal arm64 /Users/ckubal/Documents/Programming/iOS\ Programming\ Projects/RunMusic/RunMusic/Views/Components/PullToRefresh.swift (in target 'RunMusic' from project 'RunMusic')
    cd /Users/ckubal/Documents/Programming/iOS\ Programming\ Projects/RunMusic
    

SwiftCompile normal arm64 /Users/ckubal/Documents/Programming/iOS\ Programming\ Projects/RunMusic/RunMusic/Models/StravaModels.swift (in target 'RunMusic' from project 'RunMusic')
    cd /Users/ckubal/Documents/Programming/iOS\ Programming\ Projects/RunMusic
    

SwiftCompile normal arm64 /Users/ckubal/Documents/Programming/iOS\ Programming\ Projects/RunMusic/RunMusic/Views/AuthenticationView.swift (in target 'RunMusic' from project 'RunMusic')
    cd /Users/ckubal/Documents/Programming/iOS\ Programming\ Projects/RunMusic
    

SwiftCompile normal arm64 Compiling\ SpotifyBackgroundSync.swift,\ AnimationEngine.swift,\ UsernameSelectionView.swift,\ SignInPromptView.swift,\ ContentView.swift /Users/ckubal/Documents/Programming/iOS\ Programming\ Projects/RunMusic/RunMusic/Services/SpotifyBackgroundSync.swift /Users/ckubal/Documents/Programming/iOS\ Programming\ Projects/RunMusic/RunMusic/Services/AnimationEngine.swift /Users/ckubal/Documents/Programming/iOS\ Programming\ Projects/RunMusic/RunMusic/Views/UsernameSelectionView.swift /Users/ckubal/Documents/Programming/iOS\ Programming\ Projects/RunMusic/RunMusic/Views/Components/SignInPromptView.swift /Users/ckubal/Documents/Programming/iOS\ Programming\ Projects/RunMusic/RunMusic/ContentView.swift (in target 'RunMusic' from project 'RunMusic')
SwiftCompile normal arm64 /Users/ckubal/Documents/Programming/iOS\ Programming\ Projects/RunMusic/RunMusic/Services/SpotifyBackgroundSync.swift (in target 'RunMusic' from project 'RunMusic')
    cd /Users/ckubal/Documents/Programming/iOS\ Programming\ Projects/RunMusic
    

SwiftCompile normal arm64 /Users/ckubal/Documents/Programming/iOS\ Programming\ Projects/RunMusic/RunMusic/Services/AnimationEngine.swift (in target 'RunMusic' from project 'RunMusic')
    cd /Users/ckubal/Documents/Programming/iOS\ Programming\ Projects/RunMusic
    

SwiftCompile normal arm64 /Users/ckubal/Documents/Programming/iOS\ Programming\ Projects/RunMusic/RunMusic/Views/UsernameSelectionView.swift (in target 'RunMusic' from project 'RunMusic')
    cd /Users/ckubal/Documents/Programming/iOS\ Programming\ Projects/RunMusic
    

SwiftCompile normal arm64 /Users/ckubal/Documents/Programming/iOS\ Programming\ Projects/RunMusic/RunMusic/Views/Components/SignInPromptView.swift (in target 'RunMusic' from project 'RunMusic')
    cd /Users/ckubal/Documents/Programming/iOS\ Programming\ Projects/RunMusic
    

SwiftCompile normal arm64 /Users/ckubal/Documents/Programming/iOS\ Programming\ Projects/RunMusic/RunMusic/ContentView.swift (in target 'RunMusic' from project 'RunMusic')
    cd /Users/ckubal/Documents/Programming/iOS\ Programming\ Projects/RunMusic
    

SwiftCompile normal arm64 Compiling\ RunColorScheme.swift,\ PreviewRunHistoryView.swift,\ RunDetailView.swift,\ RunActivity.swift,\ BackgroundImportProgressView.swift,\ RunHistoryView.swift /Users/ckubal/Documents/Programming/iOS\ Programming\ Projects/RunMusic/RunMusic/Models/RunColorScheme.swift /Users/ckubal/Documents/Programming/iOS\ Programming\ Projects/RunMusic/RunMusic/Views/PreviewRunHistoryView.swift /Users/ckubal/Documents/Programming/iOS\ Programming\ Projects/RunMusic/RunMusic/Views/RunDetailView.swift /Users/ckubal/Documents/Programming/iOS\ Programming\ Projects/RunMusic/RunMusic/Models/RunActivity.swift /Users/ckubal/Documents/Programming/iOS\ Programming\ Projects/RunMusic/RunMusic/Views/BackgroundImportProgressView.swift /Users/ckubal/Documents/Programming/iOS\ Programming\ Projects/RunMusic/RunMusic/Views/RunHistoryView.swift (in target 'RunMusic' from project 'RunMusic')

SwiftCompile normal arm64 /Users/ckubal/Documents/Programming/iOS\ Programming\ Projects/RunMusic/RunMusic/Models/RunColorScheme.swift (in target 'RunMusic' from project 'RunMusic')
    cd /Users/ckubal/Documents/Programming/iOS\ Programming\ Projects/RunMusic
    

SwiftCompile normal arm64 /Users/ckubal/Documents/Programming/iOS\ Programming\ Projects/RunMusic/RunMusic/Views/PreviewRunHistoryView.swift (in target 'RunMusic' from project 'RunMusic')
    cd /Users/ckubal/Documents/Programming/iOS\ Programming\ Projects/RunMusic
    

SwiftCompile normal arm64 /Users/ckubal/Documents/Programming/iOS\ Programming\ Projects/RunMusic/RunMusic/Views/RunDetailView.swift (in target 'RunMusic' from project 'RunMusic')
    cd /Users/ckubal/Documents/Programming/iOS\ Programming\ Projects/RunMusic
    

SwiftCompile normal arm64 /Users/ckubal/Documents/Programming/iOS\ Programming\ Projects/RunMusic/RunMusic/Models/RunActivity.swift (in target 'RunMusic' from project 'RunMusic')
    cd /Users/ckubal/Documents/Programming/iOS\ Programming\ Projects/RunMusic
    

SwiftCompile normal arm64 /Users/ckubal/Documents/Programming/iOS\ Programming\ Projects/RunMusic/RunMusic/Views/BackgroundImportProgressView.swift (in target 'RunMusic' from project 'RunMusic')
    cd /Users/ckubal/Documents/Programming/iOS\ Programming\ Projects/RunMusic
    

SwiftCompile normal arm64 /Users/ckubal/Documents/Programming/iOS\ Programming\ Projects/RunMusic/RunMusic/Views/RunHistoryView.swift (in target 'RunMusic' from project 'RunMusic')
    cd /Users/ckubal/Documents/Programming/iOS\ Programming\ Projects/RunMusic
    

SwiftCompile normal arm64 Compiling\ WeatherService.swift,\ SpotifyImportProgressView.swift,\ RunCacheService.swift,\ ShareableCardView.swift,\ InteractivePowerSongView.swift /Users/ckubal/Documents/Programming/iOS\ Programming\ Projects/RunMusic/RunMusic/Services/WeatherService.swift /Users/ckubal/Documents/Programming/iOS\ Programming\ Projects/RunMusic/RunMusic/Views/Components/SpotifyImportProgressView.swift /Users/ckubal/Documents/Programming/iOS\ Programming\ Projects/RunMusic/RunMusic/Services/RunCacheService.swift /Users/ckubal/Documents/Programming/iOS\ Programming\ Projects/RunMusic/RunMusic/Views/ShareableCardView.swift /Users/ckubal/Documents/Programming/iOS\ Programming\ Projects/RunMusic/RunMusic/Views/Components/InteractivePowerSongView.swift (in target 'RunMusic' from project 'RunMusic')
Failed frontend command:
/Applications/Xcode.app/Contents/Developer/Toolchains/XcodeDefault.xctoolchain/usr/bin/swift-frontend -frontend -c /Users/ckubal/Documents/Programming/iOS\ Programming\ Projects/RunMusic/RunMusic/Views/Components/InstagramStyleTrackRow.swift /Users/ckubal/Documents/Programming/iOS\ Programming\ Projects/RunMusic/RunMusic/Views/Components/InteractiveAlbumArtView.swift /Users/ckubal/Documents/Programming/iOS\ Programming\ Projects/RunMusic/RunMusic/Services/SubscriptionService.swift /Users/ckubal/Documents/Programming/iOS\ Programming\ Projects/RunMusic/RunMusic/Views/Components/AnimatedRouteView.swift /Users/ckubal/Documents/Programming/iOS\ Programming\ Projects/RunMusic/RunMusic/Views/Components/RunningPersonLoader.swift /Users/ckubal/Documents/Programming/iOS\ Programming\ Projects/RunMusic/RunMusic/Views/Components/PhotoBackgroundView.swift /Users/ckubal/Documents/Programming/iOS\ Programming\ Projects/RunMusic/RunMusic/Views/PhotoManagementView.swift /Users/ckubal/Documents/Programming/iOS\ Programming\ Projects/RunMusic/RunMusic/Views/SpotifyImportGuideView.swift /Users/ckubal/Documents/Programming/iOS\ Programming\ Projects/RunMusic/RunMusic/Views/Components/SpotifyHistoryImportPrompt.swift /Users/ckubal/Documents/Programming/iOS\ Programming\ Projects/RunMusic/RunMusic/Views/Components/ColorSchemePicker.swift /Users/ckubal/Documents/Programming/iOS\ Programming\ Projects/RunMusic/RunMusic/Views/Components/AnimatedRoutePathView.swift /Users/ckubal/Documents/Programming/iOS\ Programming\ Projects/RunMusic/RunMusic/Services/TokenEncryption.swift /Users/ckubal/Documents/Programming/iOS\ Programming\ Projects/RunMusic/RunMusic/Views/Components/AnimatedRunCardView.swift /Users/ckubal/Documents/Programming/iOS\ Programming\ Projects/RunMusic/RunMusic/Views/Components/LoadingAnimations.swift /Users/ckubal/Documents/Programming/iOS\ Programming\ Projects/RunMusic/RunMusic/Models/AlbumArt.swift /Users/ckubal/Documents/Programming/iOS\ Programming\ Projects/RunMusic/RunMusic/Services/SpotifyService.swift /Users/ckubal/Documents/Programming/iOS\ Programming\ Projects/RunMusic/RunMusic/Views/Components/PullToRefresh.swift /Users/ckubal/Documents/Programming/iOS\ Programming\ Projects/RunMusic/RunMusic/Models/StravaModels.swift /Users/ckubal/Documents/Programming/iOS\ Programming\ Projects/RunMusic/RunMusic/Views/AuthenticationView.swift /Users/ckubal/Documents/Programming/iOS\ Programming\ Projects/RunMusic/RunMusic/Views/Components/AnimatedButton.swift /Users/ckubal/Documents/Programming/iOS\ Programming\ Projects/RunMusic/RunMusic/Services/AuthViewModel.swift /Users/ckubal/Documents/Programming/iOS\ Programming\ Projects/RunMusic/RunMusic/Services/SampleDataService.swift /Users/ckubal/Documents/Programming/iOS\ Programming\ Projects/RunMusic/RunMusic/Models/SpotifyModels.swift /Users/ckubal/Documents/Programming/iOS\ Programming\ Projects/RunMusic/RunMusic/Services/DataConversionService.swift /Users/ckubal/Documents/Programming/iOS\ Programming\ Projects/RunMusic/RunMusic/Services/CardExportService.swift /Users/ckubal/Documents/Programming/iOS\ Programming\ Projects/RunMusic/RunMusic/Models/RunColorScheme.swift /Users/ckubal/Documents/Programming/iOS\ Programming\ Projects/RunMusic/RunMusic/Views/PreviewRunHistoryView.swift /Users/ckubal/Documents/Programming/iOS\ Programming\ Projects/RunMusic/RunMusic/Views/RunDetailView.swift /Users/ckubal/Documents/Programming/iOS\ Programming\ Projects/RunMusic/RunMusic/Models/RunActivity.swift /Users/ckubal/Documents/Programming/iOS\ Programming\ Projects/RunMusic/RunMusic/Views/BackgroundImportProgressView.swift /Users/ckubal/Documents/Programming/iOS\ Programming\ Projects/RunMusic/RunMusic/Views/RunHistoryView.swift /Users/ckubal/Documents/Programming/iOS\ Programming\ Projects/RunMusic/RunMusic/Views/InteractiveShareableCardView.swift /Users/ckubal/Documents/Programming/iOS\ Programming\ Projects/RunMusic/RunMusic/Services/PhotoService.swift /Users/ckubal/Documents/Programming/iOS\ Programming\ Projects/RunMusic/RunMusic/Views/Components/RunningManLoader.swift /Users/ckubal/Documents/Programming/iOS\ Programming\ Projects/RunMusic/RunMusic/Views/Components/AnimatedShareableCardView.swift /Users/ckubal/Documents/Programming/iOS\ Programming\ Projects/RunMusic/RunMusic/Services/UserPreferences.swift /Users/ckubal/Documents/Programming/iOS\ Programming\ Projects/RunMusic/RunMusic/Views/RoutePathView.swift /Users/ckubal/Documents/Programming/iOS\ Programming\ Projects/RunMusic/RunMusic/Views/SettingsView.swift /Users/ckubal/Documents/Programming/iOS\ Programming\ Projects/RunMusic/RunMusic/Models/SpotifyImportProgress.swift /Users/ckubal/Documents/Programming/iOS\ Programming\ Projects/RunMusic/RunMusic/Services/HapticFeedbackService.swift /Users/ckubal/Documents/Programming/iOS\ Programming\ Projects/RunMusic/RunMusic/Views/SpotifyImportPreviewView.swift /Users/ckubal/Documents/Programming/iOS\ Programming\ Projects/RunMusic/RunMusic/Views/Components/LivePhotoSelectionView.swift /Users/ckubal/Documents/Programming/iOS\ Programming\ Projects/RunMusic/RunMusic/Views/Components/FontPicker.swift /Users/ckubal/Documents/Programming/iOS\ Programming\ Projects/RunMusic/RunMusic/Views/DualProviderAuthView.swift /Users/ckubal/Documents/Programming/iOS\ Programming\ Projects/RunMusic/RunMusic/Views/Components/PhotoPermissionPromptView.swift /Users/ckubal/Documents/Programming/iOS\ Programming\ Projects/RunMusic/RunMusic/Views/Components/ShareableTrackRow.swift /Users/ckubal/Documents/Programming/iOS\ Programming\ Projects/RunMusic/RunMusic/Views/Components/LottieRunnerLoader.swift -primary-file /Users/ckubal/Documents/Programming/iOS\ Programming\ Projects/RunMusic/RunMusic/Services/WeatherService.swift -primary-file /Users/ckubal/Documents/Programming/iOS\ Programming\ Projects/RunMusic/RunMusic/Views/Components/SpotifyImportProgressView.swift -primary-file /Users/ckubal/Documents/Programming/iOS\ Programming\ Projects/RunMusic/RunMusic/Services/RunCacheService.swift -primary-file /Users/ckubal/Documents/Programming/iOS\ Programming\ Projects/RunMusic/RunMusic/Views/ShareableCardView.swift -primary-file /Users/ckubal/Documents/Programming/iOS\ Programming\ Projects/RunMusic/RunMusic/Views/Components/InteractivePowerSongView.swift /Users/ckubal/Documents/Programming/iOS\ Programming\ Projects/RunMusic/RunMusic/Services/StravaService.swift /Users/ckubal/Documents/Programming/iOS\ Programming\ Projects/RunMusic/RunMusic/Services/SpotifyFileScanner.swift /Users/ckubal/Documents/Programming/iOS\ Programming\ Projects/RunMusic/RunMusic/Services/FirebaseAuthService.swift /Users/ckubal/Documents/Programming/iOS\ Programming\ Projects/RunMusic/RunMusic/Services/LocationAnalysisService.swift /Users/ckubal/Documents/Programming/iOS\ Programming\ Projects/RunMusic/RunMusic/Services/FirestoreService.swift /Users/ckubal/Documents/Programming/iOS\ Programming\ Projects/RunMusic/RunMusic/Services/SpotifyBackgroundSync.swift /Users/ckubal/Documents/Programming/iOS\ Programming\ Projects/RunMusic/RunMusic/Services/AnimationEngine.swift /Users/ckubal/Documents/Programming/iOS\ Programming\ Projects/RunMusic/RunMusic/Views/UsernameSelectionView.swift /Users/ckubal/Documents/Programming/iOS\ Programming\ Projects/RunMusic/RunMusic/Views/Components/SignInPromptView.swift /Users/ckubal/Documents/Programming/iOS\ Programming\ Projects/RunMusic/RunMusic/ContentView.swift /Users/ckubal/Documents/Programming/iOS\ Programming\ Projects/RunMusic/RunMusic/Models/FontFamily.swift /Users/ckubal/Documents/Programming/iOS\ Programming\ Projects/RunMusic/RunMusic/Views/Components/SpotifyConnectionPrompt.swift /Users/ckubal/Documents/Programming/iOS\ Programming\ Projects/RunMusic/RunMusic/Services/NewRunDetectionService.swift /Users/ckubal/Documents/Programming/iOS\ Programming\ Projects/RunMusic/RunMusic/Services/PushNotificationService.swift /Users/ckubal/Documents/Programming/iOS\ Programming\ Projects/RunMusic/RunMusic/RunMusicApp.swift /Users/ckubal/Library/Developer/Xcode/DerivedData/RunMusic-ehzzznpmcelkqvgvaslgdtzbrdcu/Build/Intermediates.noindex/RunMusic.build/Debug-iphonesimulator/RunMusic.build/DerivedSources/GeneratedAssetSymbols.swift -supplementary-output-file-map /Users/ckubal/Library/Developer/Xcode/DerivedData/RunMusic-ehzzznpmcelkqvgvaslgdtzbrdcu/Build/Intermediates.noindex/RunMusic.build/Debug-iphonesimulator/RunMusic.build/Objects-normal/arm64/supplementaryOutputs-8 -emit-localized-strings -emit-localized-strings-path /Users/ckubal/Library/Developer/Xcode/DerivedData/RunMusic-ehzzznpmcelkqvgvaslgdtzbrdcu/Build/Intermediates.noindex/RunMusic.build/Debug-iphonesimulator/RunMusic.build/Objects-normal/arm64 -target arm64-apple-ios17.6-simulator -Xllvm -aarch64-use-tbi -enable-objc-interop -sdk /Applications/Xcode.app/Contents/Developer/Platforms/iPhoneSimulator.platform/Developer/SDKs/iPhoneSimulator18.5.sdk -I /Users/ckubal/Library/Developer/Xcode/DerivedData/RunMusic-ehzzznpmcelkqvgvaslgdtzbrdcu/Build/Products/Debug-iphonesimulator -F /Users/ckubal/Library/Developer/Xcode/DerivedData/RunMusic-ehzzznpmcelkqvgvaslgdtzbrdcu/Build/Products/Debug-iphonesimulator/PackageFrameworks -F /Users/ckubal/Library/Developer/Xcode/DerivedData/RunMusic-ehzzznpmcelkqvgvaslgdtzbrdcu/Build/Products/Debug-iphonesimulator/PackageFrameworks -F /Users/ckubal/Library/Developer/Xcode/DerivedData/RunMusic-ehzzznpmcelkqvgvaslgdtzbrdcu/Build/Products/Debug-iphonesimulator/PackageFrameworks -F /Users/ckubal/Library/Developer/Xcode/DerivedData/RunMusic-ehzzznpmcelkqvgvaslgdtzbrdcu/Build/Products/Debug-iphonesimulator/PackageFrameworks -F /Users/ckubal/Library/Developer/Xcode/DerivedData/RunMusic-ehzzznpmcelkqvgvaslgdtzbrdcu/Build/Products/Debug-iphonesimulator/PackageFrameworks -F /Users/ckubal/Library/Developer/Xcode/DerivedData/RunMusic-ehzzznpmcelkqvgvaslgdtzbrdcu/Build/Products/Debug-iphonesimulator/PackageFrameworks -F /Users/ckubal/Library/Developer/Xcode/DerivedData/RunMusic-ehzzznpmcelkqvgvaslgdtzbrdcu/Build/Products/Debug-iphonesimulator/PackageFrameworks -F /Users/ckubal/Library/Developer/Xcode/DerivedData/RunMusic-ehzzznpmcelkqvgvaslgdtzbrdcu/Build/Products/Debug-iphonesimulator/PackageFrameworks -F /Users/ckubal/Library/Developer/Xcode/DerivedData/RunMusic-ehzzznpmcelkqvgvaslgdtzbrdcu/Build/Products/Debug-iphonesimulator/PackageFrameworks -F /Users/ckubal/Library/Developer/Xcode/DerivedData/RunMusic-ehzzznpmcelkqvgvaslgdtzbrdcu/Build/Products/Debug-iphonesimulator/PackageFrameworks -F /Users/ckubal/Library/Developer/Xcode/DerivedData/RunMusic-ehzzznpmcelkqvgvaslgdtzbrdcu/Build/Products/Debug-iphonesimulator/PackageFrameworks -F /Users/ckubal/Library/Developer/Xcode/DerivedData/RunMusic-ehzzznpmcelkqvgvaslgdtzbrdcu/Build/Products/Debug-iphonesimulator/PackageFrameworks -F /Users/ckubal/Library/Developer/Xcode/DerivedData/RunMusic-ehzzznpmcelkqvgvaslgdtzbrdcu/Build/Products/Debug-iphonesimulator/PackageFrameworks -F /Users/ckubal/Library/Developer/Xcode/DerivedData/RunMusic-ehzzznpmcelkqvgvaslgdtzbrdcu/Build/Products/Debug-iphonesimulator/PackageFrameworks -F /Users/ckubal/Library/Developer/Xcode/DerivedData/RunMusic-ehzzznpmcelkqvgvaslgdtzbrdcu/Build/Products/Debug-iphonesimulator/PackageFrameworks -F /Users/ckubal/Library/Developer/Xcode/DerivedData/RunMusic-ehzzznpmcelkqvgvaslgdtzbrdcu/Build/Products/Debug-iphonesimulator/PackageFrameworks -F /Users/ckubal/Library/Developer/Xcode/DerivedData/RunMusic-ehzzznpmcelkqvgvaslgdtzbrdcu/Build/Products/Debug-iphonesimulator/PackageFrameworks -F /Users/ckubal/Library/Developer/Xcode/DerivedData/RunMusic-ehzzznpmcelkqvgvaslgdtzbrdcu/Build/Products/Debug-iphonesimulator/PackageFrameworks -F /Users/ckubal/Library/Developer/Xcode/DerivedData/RunMusic-ehzzznpmcelkqvgvaslgdtzbrdcu/Build/Products/Debug-iphonesimulator/PackageFrameworks -F /Users/ckubal/Library/Developer/Xcode/DerivedData/RunMusic-ehzzznpmcelkqvgvaslgdtzbrdcu/Build/Products/Debug-iphonesimulator/PackageFrameworks -F /Users/ckubal/Library/Developer/Xcode/DerivedData/RunMusic-ehzzznpmcelkqvgvaslgdtzbrdcu/Build/Products/Debug-iphonesimulator/PackageFrameworks -F /Users/ckubal/Library/Developer/Xcode/DerivedData/RunMusic-ehzzznpmcelkqvgvaslgdtzbrdcu/Build/Products/Debug-iphonesimulator/PackageFrameworks -F /Users/ckubal/Library/Developer/Xcode/DerivedData/RunMusic-ehzzznpmcelkqvgvaslgdtzbrdcu/Build/Products/Debug-iphonesimulator/PackageFrameworks -F /Users/ckubal/Library/Developer/Xcode/DerivedData/RunMusic-ehzzznpmcelkqvgvaslgdtzbrdcu/Build/Products/Debug-iphonesimulator/PackageFrameworks -F /Users/ckubal/Library/Developer/Xcode/DerivedData/RunMusic-ehzzznpmcelkqvgvaslgdtzbrdcu/Build/Products/Debug-iphonesimulator/PackageFrameworks -F /Users/ckubal/Library/Developer/Xcode/DerivedData/RunMusic-ehzzznpmcelkqvgvaslgdtzbrdcu/Build/Products/Debug-iphonesimulator/PackageFrameworks -F /Users/ckubal/Library/Developer/Xcode/DerivedData/RunMusic-ehzzznpmcelkqvgvaslgdtzbrdcu/Build/Products/Debug-iphonesimulator/PackageFrameworks -F /Users/ckubal/Library/Developer/Xcode/DerivedData/RunMusic-ehzzznpmcelkqvgvaslgdtzbrdcu/Build/Products/Debug-iphonesimulator/PackageFrameworks -F /Users/ckubal/Library/Developer/Xcode/DerivedData/RunMusic-ehzzznpmcelkqvgvaslgdtzbrdcu/Build/Products/Debug-iphonesimulator/PackageFrameworks -F /Users/ckubal/Library/Developer/Xcode/DerivedData/RunMusic-ehzzznpmcelkqvgvaslgdtzbrdcu/Build/Products/Debug-iphonesimulator/PackageFrameworks -F /Users/ckubal/Library/Developer/Xcode/DerivedData/RunMusic-ehzzznpmcelkqvgvaslgdtzbrdcu/Build/Products/Debug-iphonesimulator/PackageFrameworks -F /Users/ckubal/Library/Developer/Xcode/DerivedData/RunMusic-ehzzznpmcelkqvgvaslgdtzbrdcu/Build/Products/Debug-iphonesimulator/PackageFrameworks -F /Users/ckubal/Library/Developer/Xcode/DerivedData/RunMusic-ehzzznpmcelkqvgvaslgdtzbrdcu/Build/Products/Debug-iphonesimulator/PackageFrameworks -F /Users/ckubal/Library/Developer/Xcode/DerivedData/RunMusic-ehzzznpmcelkqvgvaslgdtzbrdcu/Build/Products/Debug-iphonesimulator/PackageFrameworks -F /Users/ckubal/Library/Developer/Xcode/DerivedData/RunMusic-ehzzznpmcelkqvgvaslgdtzbrdcu/Build/Products/Debug-iphonesimulator -no-color-diagnostics -enable-testing -g -debug-info-format\=dwarf -dwarf-version\=4 -module-cache-path /Users/ckubal/Library/Developer/Xcode/DerivedData/ModuleCache.noindex -swift-version 5 -enforce-exclusivity\=checked -Onone -D DEBUG -serialize-debugging-options -const-gather-protocols-file /Users/ckubal/Library/Developer/Xcode/DerivedData/RunMusic-ehzzznpmcelkqvgvaslgdtzbrdcu/Build/Intermediates.noindex/RunMusic.build/Debug-iphonesimulator/RunMusic.build/Objects-normal/arm64/RunMusic_const_extract_protocols.json -enable-experimental-feature DebugDescriptionMacro -enable-bare-slash-regex -empty-abi-descriptor -validate-clang-modules-once -clang-build-session-file /Users/ckubal/Library/Developer/Xcode/DerivedData/ModuleCache.noindex/Session.modulevalidation -Xcc -working-directory -Xcc /Users/ckubal/Documents/Programming/iOS\ Programming\ Projects/RunMusic -resource-dir /Applications/Xcode.app/Contents/Developer/Toolchains/XcodeDefault.xctoolchain/usr/lib/swift -enable-anonymous-context-mangled-names -file-compilation-dir /Users/ckubal/Documents/Programming/iOS\ Programming\ Projects/RunMusic -Xcc -fmodule-map-file\=/Users/ckubal/Library/Developer/Xcode/DerivedData/RunMusic-ehzzznpmcelkqvgvaslgdtzbrdcu/Build/Intermediates.noindex/GeneratedModuleMaps-iphonesimulator/AppAuth.modulemap -Xcc -fmodule-map-file\=/Users/ckubal/Library/Developer/Xcode/DerivedData/RunMusic-ehzzznpmcelkqvgvaslgdtzbrdcu/Build/Intermediates.noindex/GeneratedModuleMaps-iphonesimulator/AppAuthCore.modulemap -Xcc -fmodule-map-file\=/Users/ckubal/Library/Developer/Xcode/DerivedData/RunMusic-ehzzznpmcelkqvgvaslgdtzbrdcu/Build/Intermediates.noindex/GeneratedModuleMaps-iphonesimulator/GoogleSignIn.modulemap -Xcc -fmodule-map-file\=/Users/ckubal/Library/Developer/Xcode/DerivedData/RunMusic-ehzzznpmcelkqvgvaslgdtzbrdcu/Build/Intermediates.noindex/GeneratedModuleMaps-iphonesimulator/abslWrapper.modulemap -Xcc -fmodule-map-file\=/Users/ckubal/Library/Developer/Xcode/DerivedData/RunMusic-ehzzznpmcelkqvgvaslgdtzbrdcu/Build/Intermediates.noindex/GeneratedModuleMaps-iphonesimulator/opensslWrapper.modulemap -Xcc -fmodule-map-file\=/Users/ckubal/Library/Developer/Xcode/DerivedData/RunMusic-ehzzznpmcelkqvgvaslgdtzbrdcu/Build/Intermediates.noindex/GeneratedModuleMaps-iphonesimulator/grpcWrapper.modulemap -Xcc -fmodule-map-file\=/Users/ckubal/Library/Developer/Xcode/DerivedData/RunMusic-ehzzznpmcelkqvgvaslgdtzbrdcu/Build/Intermediates.noindex/GeneratedModuleMaps-iphonesimulator/grpcppWrapper.modulemap -Xcc -fmodule-map-file\=/Users/ckubal/Library/Developer/Xcode/DerivedData/RunMusic-ehzzznpmcelkqvgvaslgdtzbrdcu/Build/Intermediates.noindex/GeneratedModuleMaps-iphonesimulator/nanopb.modulemap -Xcc -fmodule-map-file\=/Users/ckubal/Library/Developer/Xcode/DerivedData/RunMusic-ehzzznpmcelkqvgvaslgdtzbrdcu/Build/Intermediates.noindex/GeneratedModuleMaps-iphonesimulator/leveldb.modulemap -Xcc -fmodule-map-file\=/Users/ckubal/Library/Developer/Xcode/DerivedData/RunMusic-ehzzznpmcelkqvgvaslgdtzbrdcu/Build/Intermediates.noindex/GeneratedModuleMaps-iphonesimulator/FirebaseFirestoreInternalWrapper.modulemap -Xcc -fmodule-map-file\=/Users/ckubal/Library/Developer/Xcode/DerivedData/RunMusic-ehzzznpmcelkqvgvaslgdtzbrdcu/Build/Intermediates.noindex/GeneratedModuleMaps-iphonesimulator/FirebaseFirestoreTarget.modulemap -Xcc -fmodule-map-file\=/Users/ckubal/Library/Developer/Xcode/DerivedData/RunMusic-ehzzznpmcelkqvgvaslgdtzbrdcu/Build/Intermediates.noindex/GeneratedModuleMaps-iphonesimulator/GoogleUtilities-Network.modulemap -Xcc -fmodule-map-file\=/Users/ckubal/Library/Developer/Xcode/DerivedData/RunMusic-ehzzznpmcelkqvgvaslgdtzbrdcu/Build/Intermediates.noindex/GeneratedModuleMaps-iphonesimulator/GoogleUtilities-Reachability.modulemap -Xcc -fmodule-map-file\=/Users/ckubal/Library/Developer/Xcode/DerivedData/RunMusic-ehzzznpmcelkqvgvaslgdtzbrdcu/Build/Intermediates.noindex/GeneratedModuleMaps-iphonesimulator/GoogleUtilities-AppDelegateSwizzler.modulemap -Xcc -fmodule-map-file\=/Users/ckubal/Library/Developer/Xcode/DerivedData/RunMusic-ehzzznpmcelkqvgvaslgdtzbrdcu/Build/Intermediates.noindex/GeneratedModuleMaps-iphonesimulator/RecaptchaInterop.modulemap -Xcc -fmodule-map-file\=/Users/ckubal/Library/Developer/Xcode/DerivedData/RunMusic-ehzzznpmcelkqvgvaslgdtzbrdcu/Build/Intermediates.noindex/GeneratedModuleMaps-iphonesimulator/FirebaseAuth.modulemap -Xcc -fmodule-map-file\=/Users/ckubal/Library/Developer/Xcode/DerivedData/RunMusic-ehzzznpmcelkqvgvaslgdtzbrdcu/Build/Intermediates.noindex/GeneratedModuleMaps-iphonesimulator/GoogleUtilities-NSData.modulemap -Xcc -fmodule-map-file\=/Users/ckubal/Library/Developer/Xcode/DerivedData/RunMusic-ehzzznpmcelkqvgvaslgdtzbrdcu/Build/Intermediates.noindex/GeneratedModuleMaps-iphonesimulator/GoogleUtilities-Environment.modulemap -Xcc -fmodule-map-file\=/Users/ckubal/Library/Developer/Xcode/DerivedData/RunMusic-ehzzznpmcelkqvgvaslgdtzbrdcu/Build/Intermediates.noindex/GeneratedModuleMaps-iphonesimulator/third-party-IsAppEncrypted.modulemap -Xcc -fmodule-map-file\=/Users/ckubal/Library/Developer/Xcode/DerivedData/RunMusic-ehzzznpmcelkqvgvaslgdtzbrdcu/Build/Intermediates.noindex/GeneratedModuleMaps-iphonesimulator/GoogleUtilities-Logger.modulemap -Xcc -fmodule-map-file\=/Users/ckubal/Library/Developer/Xcode/DerivedData/RunMusic-ehzzznpmcelkqvgvaslgdtzbrdcu/Build/Intermediates.noindex/GeneratedModuleMaps-iphonesimulator/GTMSessionFetcherCore.modulemap -Xcc -fmodule-map-file\=/Users/ckubal/Library/Developer/Xcode/DerivedData/RunMusic-ehzzznpmcelkqvgvaslgdtzbrdcu/Build/Intermediates.noindex/GeneratedModuleMaps-iphonesimulator/FirebaseMessagingInterop.modulemap -Xcc -fmodule-map-file\=/Users/ckubal/Library/Developer/Xcode/DerivedData/RunMusic-ehzzznpmcelkqvgvaslgdtzbrdcu/Build/Intermediates.noindex/GeneratedModuleMaps-iphonesimulator/FirebaseCoreExtension.modulemap -Xcc -fmodule-map-file\=/Users/ckubal/Library/Developer/Xcode/DerivedData/RunMusic-ehzzznpmcelkqvgvaslgdtzbrdcu/Build/Intermediates.noindex/GeneratedModuleMaps-iphonesimulator/FirebaseCore.modulemap -Xcc -fmodule-map-file\=/Users/ckubal/Library/Developer/Xcode/DerivedData/RunMusic-ehzzznpmcelkqvgvaslgdtzbrdcu/Build/Intermediates.noindex/GeneratedModuleMaps-iphonesimulator/FirebaseAuthInterop.modulemap -Xcc -fmodule-map-file\=/Users/ckubal/Library/Developer/Xcode/DerivedData/RunMusic-ehzzznpmcelkqvgvaslgdtzbrdcu/Build/Intermediates.noindex/GeneratedModuleMaps-iphonesimulator/FirebaseAppCheckInterop.modulemap -Xcc -ivfsstatcache -Xcc /Users/ckubal/Library/Developer/Xcode/DerivedData/SDKStatCaches.noindex/iphonesimulator18.5-22F76-d5fc8ad4295d2ef488fb7d0f804ce0c4.sdkstatcache -Xcc -I/Users/ckubal/Library/Developer/Xcode/DerivedData/RunMusic-ehzzznpmcelkqvgvaslgdtzbrdcu/Build/Intermediates.noindex/RunMusic.build/Debug-iphonesimulator/RunMusic.build/swift-overrides.hmap -Xcc -iquote -Xcc /Users/ckubal/Library/Developer/Xcode/DerivedData/RunMusic-ehzzznpmcelkqvgvaslgdtzbrdcu/Build/Intermediates.noindex/RunMusic.build/Debug-iphonesimulator/RunMusic.build/RunMusic-generated-files.hmap -Xcc -I/Users/ckubal/Library/Developer/Xcode/DerivedData/RunMusic-ehzzznpmcelkqvgvaslgdtzbrdcu/Build/Intermediates.noindex/RunMusic.build/Debug-iphonesimulator/RunMusic.build/RunMusic-own-target-headers.hmap -Xcc -I/Users/ckubal/Library/Developer/Xcode/DerivedData/RunMusic-ehzzznpmcelkqvgvaslgdtzbrdcu/Build/Intermediates.noindex/RunMusic.build/Debug-iphonesimulator/RunMusic.build/RunMusic-all-non-framework-target-headers.hmap -Xcc -ivfsoverlay -Xcc /Users/ckubal/Library/Developer/Xcode/DerivedData/RunMusic-ehzzznpmcelkqvgvaslgdtzbrdcu/Build/Intermediates.noindex/RunMusic.build/Debug-iphonesimulator/RunMusic-9ea393dc3db56d2d01f40a6dd024fcf3-VFS-iphonesimulator/all-product-headers.yaml -Xcc -iquote -Xcc /Users/ckubal/Library/Developer/Xcode/DerivedData/RunMusic-ehzzznpmcelkqvgvaslgdtzbrdcu/Build/Intermediates.noindex/RunMusic.build/Debug-iphonesimulator/RunMusic.build/RunMusic-project-headers.hmap -Xcc -I/Users/ckubal/Library/Developer/Xcode/DerivedData/RunMusic-ehzzznpmcelkqvgvaslgdtzbrdcu/SourcePackages/checkouts/AppAuth-iOS/Sources/AppAuth -Xcc -I/Users/ckubal/Library/Developer/Xcode/DerivedData/RunMusic-ehzzznpmcelkqvgvaslgdtzbrdcu/SourcePackages/checkouts/AppAuth-iOS/Sources/AppAuthCore -Xcc -I/Users/ckubal/Library/Developer/Xcode/DerivedData/RunMusic-ehzzznpmcelkqvgvaslgdtzbrdcu/SourcePackages/checkouts/GoogleSignIn-iOS/GoogleSignIn/Sources/Public -Xcc -I/Users/ckubal/Library/Developer/Xcode/DerivedData/RunMusic-ehzzznpmcelkqvgvaslgdtzbrdcu/SourcePackages/checkouts/abseil-cpp-binary/absl-Wrapper/include -Xcc -I/Users/ckubal/Library/Developer/Xcode/DerivedData/RunMusic-ehzzznpmcelkqvgvaslgdtzbrdcu/SourcePackages/checkouts/grpc-binary/openssl-grpc-Wrapper/include -Xcc -I/Users/ckubal/Library/Developer/Xcode/DerivedData/RunMusic-ehzzznpmcelkqvgvaslgdtzbrdcu/SourcePackages/checkouts/grpc-binary/grpc-Wrapper/include -Xcc -I/Users/ckubal/Library/Developer/Xcode/DerivedData/RunMusic-ehzzznpmcelkqvgvaslgdtzbrdcu/SourcePackages/checkouts/grpc-binary/grpcpp-Wrapper/include -Xcc -I/Users/ckubal/Library/Developer/Xcode/DerivedData/RunMusic-ehzzznpmcelkqvgvaslgdtzbrdcu/SourcePackages/checkouts/nanopb/spm_headers -Xcc -I/Users/ckubal/Library/Developer/Xcode/DerivedData/RunMusic-ehzzznpmcelkqvgvaslgdtzbrdcu/SourcePackages/checkouts/leveldb/include -Xcc -I/Users/ckubal/Library/Developer/Xcode/DerivedData/RunMusic-ehzzznpmcelkqvgvaslgdtzbrdcu/SourcePackages/checkouts/firebase-ios-sdk/FirebaseFirestoreInternal -Xcc -I/Users/ckubal/Library/Developer/Xcode/DerivedData/RunMusic-ehzzznpmcelkqvgvaslgdtzbrdcu/SourcePackages/checkouts/firebase-ios-sdk/SwiftPM-PlatformExclude/FirebaseFirestoreWrap/include -Xcc -I/Users/ckubal/Library/Developer/Xcode/DerivedData/RunMusic-ehzzznpmcelkqvgvaslgdtzbrdcu/SourcePackages/checkouts/GoogleUtilities/GoogleUtilities/Network/Public -Xcc -I/Users/ckubal/Library/Developer/Xcode/DerivedData/RunMusic-ehzzznpmcelkqvgvaslgdtzbrdcu/SourcePackages/checkouts/GoogleUtilities/GoogleUtilities/Reachability/Public -Xcc -I/Users/ckubal/Library/Developer/Xcode/DerivedData/RunMusic-ehzzznpmcelkqvgvaslgdtzbrdcu/SourcePackages/checkouts/GoogleUtilities/GoogleUtilities/AppDelegateSwizzler/Public -Xcc -I/Users/ckubal/Library/Developer/Xcode/DerivedData/RunMusic-ehzzznpmcelkqvgvaslgdtzbrdcu/SourcePackages/checkouts/interop-ios-for-google-sdks/RecaptchaEnterprise/RecaptchaInterop/Public -Xcc -I/Users/ckubal/Library/Developer/Xcode/DerivedData/RunMusic-ehzzznpmcelkqvgvaslgdtzbrdcu/SourcePackages/checkouts/firebase-ios-sdk/FirebaseAuth/Sources/Public -Xcc -I/Users/ckubal/Library/Developer/Xcode/DerivedData/RunMusic-ehzzznpmcelkqvgvaslgdtzbrdcu/SourcePackages/checkouts/GoogleUtilities/GoogleUtilities/NSData+zlib/Public -Xcc -I/Users/ckubal/Library/Developer/Xcode/DerivedData/RunMusic-ehzzznpmcelkqvgvaslgdtzbrdcu/SourcePackages/checkouts/promises/Sources/FBLPromises/include -Xcc -I/Users/ckubal/Library/Developer/Xcode/DerivedData/RunMusic-ehzzznpmcelkqvgvaslgdtzbrdcu/SourcePackages/checkouts/GoogleUtilities/GoogleUtilities/Environment/Public -Xcc -I/Users/ckubal/Library/Developer/Xcode/DerivedData/RunMusic-ehzzznpmcelkqvgvaslgdtzbrdcu/SourcePackages/checkouts/GoogleUtilities/third_party/IsAppEncrypted/Public -Xcc -I/Users/ckubal/Library/Developer/Xcode/DerivedData/RunMusic-ehzzznpmcelkqvgvaslgdtzbrdcu/SourcePackages/checkouts/GoogleUtilities/GoogleUtilities/Logger/Public -Xcc -I/Users/ckubal/Library/Developer/Xcode/DerivedData/RunMusic-ehzzznpmcelkqvgvaslgdtzbrdcu/SourcePackages/checkouts/gtm-session-fetcher/Sources/Core/Public -Xcc -I/Users/ckubal/Library/Developer/Xcode/DerivedData/RunMusic-ehzzznpmcelkqvgvaslgdtzbrdcu/SourcePackages/checkouts/firebase-ios-sdk/FirebaseMessaging/Interop -Xcc -I/Users/ckubal/Library/Developer/Xcode/DerivedData/RunMusic-ehzzznpmcelkqvgvaslgdtzbrdcu/SourcePackages/checkouts/firebase-ios-sdk/FirebaseCore/Extension -Xcc -I/Users/ckubal/Library/Developer/Xcode/DerivedData/RunMusic-ehzzznpmcelkqvgvaslgdtzbrdcu/SourcePackages/checkouts/firebase-ios-sdk/FirebaseCore/Sources/Public -Xcc -I/Users/ckubal/Library/Developer/Xcode/DerivedData/RunMusic-ehzzznpmcelkqvgvaslgdtzbrdcu/SourcePackages/checkouts/firebase-ios-sdk/CoreOnly/Sources -Xcc -I/Users/ckubal/Library/Developer/Xcode/DerivedData/RunMusic-ehzzznpmcelkqvgvaslgdtzbrdcu/SourcePackages/checkouts/firebase-ios-sdk/FirebaseAuth/Interop -Xcc -I/Users/ckubal/Library/Developer/Xcode/DerivedData/RunMusic-ehzzznpmcelkqvgvaslgdtzbrdcu/SourcePackages/checkouts/firebase-ios-sdk/FirebaseAppCheck/Interop/Public -Xcc -I/Users/ckubal/Library/Developer/Xcode/DerivedData/RunMusic-ehzzznpmcelkqvgvaslgdtzbrdcu/Build/Products/Debug-iphonesimulator/include -Xcc -I/Users/ckubal/Library/Developer/Xcode/DerivedData/RunMusic-ehzzznpmcelkqvgvaslgdtzbrdcu/Build/Intermediates.noindex/RunMusic.build/Debug-iphonesimulator/RunMusic.build/DerivedSources-normal/arm64 -Xcc -I/Users/ckubal/Library/Developer/Xcode/DerivedData/RunMusic-ehzzznpmcelkqvgvaslgdtzbrdcu/Build/Intermediates.noindex/RunMusic.build/Debug-iphonesimulator/RunMusic.build/DerivedSources/arm64 -Xcc -I/Users/ckubal/Library/Developer/Xcode/DerivedData/RunMusic-ehzzznpmcelkqvgvaslgdtzbrdcu/Build/Intermediates.noindex/RunMusic.build/Debug-iphonesimulator/RunMusic.build/DerivedSources -Xcc -DDEBUG\=1 -module-name RunMusic -frontend-parseable-output -disable-clang-spi -target-sdk-version 18.5 -target-sdk-name iphonesimulator18.5 -external-plugin-path /Applications/Xcode.app/Contents/Developer/Platforms/iPhoneOS.platform/Developer/usr/lib/swift/host/plugins\#/Applications/Xcode.app/Contents/Developer/Platforms/iPhoneOS.platform/Developer/usr/bin/swift-plugin-server -external-plugin-path /Applications/Xcode.app/Contents/Developer/Platforms/iPhoneOS.platform/Developer/usr/local/lib/swift/host/plugins\#/Applications/Xcode.app/Contents/Developer/Platforms/iPhoneOS.platform/Developer/usr/bin/swift-plugin-server -in-process-plugin-server-path /Applications/Xcode.app/Contents/Developer/Toolchains/XcodeDefault.xctoolchain/usr/lib/swift/host/libSwiftInProcPluginServer.dylib -plugin-path /Applications/Xcode.app/Contents/Developer/Toolchains/XcodeDefault.xctoolchain/usr/lib/swift/host/plugins -plugin-path /Applications/Xcode.app/Contents/Developer/Toolchains/XcodeDefault.xctoolchain/usr/local/lib/swift/host/plugins -o /Users/ckubal/Library/Developer/Xcode/DerivedData/RunMusic-ehzzznpmcelkqvgvaslgdtzbrdcu/Build/Intermediates.noindex/RunMusic.build/Debug-iphonesimulator/RunMusic.build/Objects-normal/arm64/WeatherService.o -o /Users/ckubal/Library/Developer/Xcode/DerivedData/RunMusic-ehzzznpmcelkqvgvaslgdtzbrdcu/Build/Intermediates.noindex/RunMusic.build/Debug-iphonesimulator/RunMusic.build/Objects-normal/arm64/SpotifyImportProgressView.o -o /Users/ckubal/Library/Developer/Xcode/DerivedData/RunMusic-ehzzznpmcelkqvgvaslgdtzbrdcu/Build/Intermediates.noindex/RunMusic.build/Debug-iphonesimulator/RunMusic.build/Objects-normal/arm64/RunCacheService.o -o /Users/ckubal/Library/Developer/Xcode/DerivedData/RunMusic-ehzzznpmcelkqvgvaslgdtzbrdcu/Build/Intermediates.noindex/RunMusic.build/Debug-iphonesimulator/RunMusic.build/Objects-normal/arm64/ShareableCardView.o -o /Users/ckubal/Library/Developer/Xcode/DerivedData/RunMusic-ehzzznpmcelkqvgvaslgdtzbrdcu/Build/Intermediates.noindex/RunMusic.build/Debug-iphonesimulator/RunMusic.build/Objects-normal/arm64/InteractivePowerSongView.o -index-unit-output-path /RunMusic.build/Debug-iphonesimulator/RunMusic.build/Objects-normal/arm64/WeatherService.o -index-unit-output-path /RunMusic.build/Debug-iphonesimulator/RunMusic.build/Objects-normal/arm64/SpotifyImportProgressView.o -index-unit-output-path /RunMusic.build/Debug-iphonesimulator/RunMusic.build/Objects-normal/arm64/RunCacheService.o -index-unit-output-path /RunMusic.build/Debug-iphonesimulator/RunMusic.build/Objects-normal/arm64/ShareableCardView.o -index-unit-output-path /RunMusic.build/Debug-iphonesimulator/RunMusic.build/Objects-normal/arm64/InteractivePowerSongView.o -index-store-path /Users/ckubal/Library/Developer/Xcode/DerivedData/RunMusic-ehzzznpmcelkqvgvaslgdtzbrdcu/Index.noindex/DataStore -index-system-modules

SwiftCompile normal arm64 /Users/ckubal/Documents/Programming/iOS\ Programming\ Projects/RunMusic/RunMusic/Services/WeatherService.swift (in target 'RunMusic' from project 'RunMusic')
    cd /Users/ckubal/Documents/Programming/iOS\ Programming\ Projects/RunMusic
    
/Users/ckubal/Documents/Programming/iOS Programming Projects/RunMusic/RunMusic/Services/WeatherService.swift:35:53: error: cannot find 'httpResponse' in scope
            print("❌ Visual Crossing API error: \(httpResponse?.statusCode ?? 0)")

SwiftCompile normal arm64 /Users/ckubal/Documents/Programming/iOS\ Programming\ Projects/RunMusic/RunMusic/Views/Components/SpotifyImportProgressView.swift (in target 'RunMusic' from project 'RunMusic')
    cd /Users/ckubal/Documents/Programming/iOS\ Programming\ Projects/RunMusic
    

SwiftCompile normal arm64 /Users/ckubal/Documents/Programming/iOS\ Programming\ Projects/RunMusic/RunMusic/Services/RunCacheService.swift (in target 'RunMusic' from project 'RunMusic')
    cd /Users/ckubal/Documents/Programming/iOS\ Programming\ Projects/RunMusic
    
/Users/ckubal/Documents/Programming/iOS Programming Projects/RunMusic/RunMusic/Services/RunCacheService.swift:86:19: warning: value 'userId' was defined but never used; consider replacing with boolean test
        guard let userId = Auth.auth().currentUser?.uid else {
              ~~~~^~~~~~~~~
              (                                        ) != nil

SwiftCompile normal arm64 /Users/ckubal/Documents/Programming/iOS\ Programming\ Projects/RunMusic/RunMusic/Views/ShareableCardView.swift (in target 'RunMusic' from project 'RunMusic')
    cd /Users/ckubal/Documents/Programming/iOS\ Programming\ Projects/RunMusic
    

SwiftCompile normal arm64 /Users/ckubal/Documents/Programming/iOS\ Programming\ Projects/RunMusic/RunMusic/Views/Components/InteractivePowerSongView.swift (in target 'RunMusic' from project 'RunMusic')
    cd /Users/ckubal/Documents/Programming/iOS\ Programming\ Projects/RunMusic
    

SwiftCompile normal arm64 Compiling\ FontPicker.swift,\ DualProviderAuthView.swift,\ PhotoPermissionPromptView.swift,\ ShareableTrackRow.swift,\ LottieRunnerLoader.swift /Users/ckubal/Documents/Programming/iOS\ Programming\ Projects/RunMusic/RunMusic/Views/Components/FontPicker.swift /Users/ckubal/Documents/Programming/iOS\ Programming\ Projects/RunMusic/RunMusic/Views/DualProviderAuthView.swift /Users/ckubal/Documents/Programming/iOS\ Programming\ Projects/RunMusic/RunMusic/Views/Components/PhotoPermissionPromptView.swift /Users/ckubal/Documents/Programming/iOS\ Programming\ Projects/RunMusic/RunMusic/Views/Components/ShareableTrackRow.swift /Users/ckubal/Documents/Programming/iOS\ Programming\ Projects/RunMusic/RunMusic/Views/Components/LottieRunnerLoader.swift (in target 'RunMusic' from project 'RunMusic')

SwiftCompile normal arm64 /Users/ckubal/Documents/Programming/iOS\ Programming\ Projects/RunMusic/RunMusic/Views/Components/FontPicker.swift (in target 'RunMusic' from project 'RunMusic')
    cd /Users/ckubal/Documents/Programming/iOS\ Programming\ Projects/RunMusic
    

SwiftCompile normal arm64 /Users/ckubal/Documents/Programming/iOS\ Programming\ Projects/RunMusic/RunMusic/Views/DualProviderAuthView.swift (in target 'RunMusic' from project 'RunMusic')
    cd /Users/ckubal/Documents/Programming/iOS\ Programming\ Projects/RunMusic
    

SwiftCompile normal arm64 /Users/ckubal/Documents/Programming/iOS\ Programming\ Projects/RunMusic/RunMusic/Views/Components/PhotoPermissionPromptView.swift (in target 'RunMusic' from project 'RunMusic')
    cd /Users/ckubal/Documents/Programming/iOS\ Programming\ Projects/RunMusic
    

SwiftCompile normal arm64 /Users/ckubal/Documents/Programming/iOS\ Programming\ Projects/RunMusic/RunMusic/Views/Components/ShareableTrackRow.swift (in target 'RunMusic' from project 'RunMusic')
    cd /Users/ckubal/Documents/Programming/iOS\ Programming\ Projects/RunMusic
    

SwiftCompile normal arm64 /Users/ckubal/Documents/Programming/iOS\ Programming\ Projects/RunMusic/RunMusic/Views/Components/LottieRunnerLoader.swift (in target 'RunMusic' from project 'RunMusic')
    cd /Users/ckubal/Documents/Programming/iOS\ Programming\ Projects/RunMusic
    

CodeSign /Users/ckubal/Library/Developer/Xcode/DerivedData/RunMusic-ehzzznpmcelkqvgvaslgdtzbrdcu/Build/Products/Debug-iphonesimulator/RunMusic.app/Frameworks/openssl_grpc.framework (in target 'RunMusic' from project 'RunMusic')
    cd /Users/ckubal/Documents/Programming/iOS\ Programming\ Projects/RunMusic
    
    Signing Identity:     "Sign to Run Locally"
    
    /usr/bin/codesign --force --sign - --timestamp\=none --preserve-metadata\=identifier,entitlements,flags --generate-entitlement-der /Users/ckubal/Library/Developer/Xcode/DerivedData/RunMusic-ehzzznpmcelkqvgvaslgdtzbrdcu/Build/Products/Debug-iphonesimulator/RunMusic.app/Frameworks/openssl_grpc.framework
/Users/ckubal/Library/Developer/Xcode/DerivedData/RunMusic-ehzzznpmcelkqvgvaslgdtzbrdcu/Build/Products/Debug-iphonesimulator/RunMusic.app/Frameworks/openssl_grpc.framework: replacing existing signature

SwiftDriverJobDiscovery normal arm64 Emitting module for RunMusic (in target 'RunMusic' from project 'RunMusic')

SwiftDriver\ Compilation\ Requirements RunMusic normal arm64 com.apple.xcode.tools.swift.compiler (in target 'RunMusic' from project 'RunMusic')
    cd /Users/ckubal/Documents/Programming/iOS\ Programming\ Projects/RunMusic
    builtin-Swift-Compilation-Requirements -- /Applications/Xcode.app/Contents/Developer/Toolchains/XcodeDefault.xctoolchain/usr/bin/swiftc -module-name RunMusic -Onone -enforce-exclusivity\=checked @/Users/ckubal/Library/Developer/Xcode/DerivedData/RunMusic-ehzzznpmcelkqvgvaslgdtzbrdcu/Build/Intermediates.noindex/RunMusic.build/Debug-iphonesimulator/RunMusic.build/Objects-normal/arm64/RunMusic.SwiftFileList -DDEBUG -Xcc -fmodule-map-file\=/Users/ckubal/Library/Developer/Xcode/DerivedData/RunMusic-ehzzznpmcelkqvgvaslgdtzbrdcu/Build/Intermediates.noindex/GeneratedModuleMaps-iphonesimulator/AppAuth.modulemap -Xcc -fmodule-map-file\=/Users/ckubal/Library/Developer/Xcode/DerivedData/RunMusic-ehzzznpmcelkqvgvaslgdtzbrdcu/Build/Intermediates.noindex/GeneratedModuleMaps-iphonesimulator/AppAuthCore.modulemap -Xcc -fmodule-map-file\=/Users/ckubal/Library/Developer/Xcode/DerivedData/RunMusic-ehzzznpmcelkqvgvaslgdtzbrdcu/Build/Intermediates.noindex/GeneratedModuleMaps-iphonesimulator/GoogleSignIn.modulemap -Xcc -fmodule-map-file\=/Users/ckubal/Library/Developer/Xcode/DerivedData/RunMusic-ehzzznpmcelkqvgvaslgdtzbrdcu/Build/Intermediates.noindex/GeneratedModuleMaps-iphonesimulator/abslWrapper.modulemap -Xcc -fmodule-map-file\=/Users/ckubal/Library/Developer/Xcode/DerivedData/RunMusic-ehzzznpmcelkqvgvaslgdtzbrdcu/Build/Intermediates.noindex/GeneratedModuleMaps-iphonesimulator/opensslWrapper.modulemap -Xcc -fmodule-map-file\=/Users/ckubal/Library/Developer/Xcode/DerivedData/RunMusic-ehzzznpmcelkqvgvaslgdtzbrdcu/Build/Intermediates.noindex/GeneratedModuleMaps-iphonesimulator/grpcWrapper.modulemap -Xcc -fmodule-map-file\=/Users/ckubal/Library/Developer/Xcode/DerivedData/RunMusic-ehzzznpmcelkqvgvaslgdtzbrdcu/Build/Intermediates.noindex/GeneratedModuleMaps-iphonesimulator/grpcppWrapper.modulemap -Xcc -fmodule-map-file\=/Users/ckubal/Library/Developer/Xcode/DerivedData/RunMusic-ehzzznpmcelkqvgvaslgdtzbrdcu/Build/Intermediates.noindex/GeneratedModuleMaps-iphonesimulator/nanopb.modulemap -Xcc -fmodule-map-file\=/Users/ckubal/Library/Developer/Xcode/DerivedData/RunMusic-ehzzznpmcelkqvgvaslgdtzbrdcu/Build/Intermediates.noindex/GeneratedModuleMaps-iphonesimulator/leveldb.modulemap -Xcc -fmodule-map-file\=/Users/ckubal/Library/Developer/Xcode/DerivedData/RunMusic-ehzzznpmcelkqvgvaslgdtzbrdcu/Build/Intermediates.noindex/GeneratedModuleMaps-iphonesimulator/FirebaseFirestoreInternalWrapper.modulemap -Xcc -fmodule-map-file\=/Users/ckubal/Library/Developer/Xcode/DerivedData/RunMusic-ehzzznpmcelkqvgvaslgdtzbrdcu/Build/Intermediates.noindex/GeneratedModuleMaps-iphonesimulator/FirebaseFirestoreTarget.modulemap -Xcc -fmodule-map-file\=/Users/ckubal/Library/Developer/Xcode/DerivedData/RunMusic-ehzzznpmcelkqvgvaslgdtzbrdcu/Build/Intermediates.noindex/GeneratedModuleMaps-iphonesimulator/GoogleUtilities-Network.modulemap -Xcc -fmodule-map-file\=/Users/ckubal/Library/Developer/Xcode/DerivedData/RunMusic-ehzzznpmcelkqvgvaslgdtzbrdcu/Build/Intermediates.noindex/GeneratedModuleMaps-iphonesimulator/GoogleUtilities-Reachability.modulemap -Xcc -fmodule-map-file\=/Users/ckubal/Library/Developer/Xcode/DerivedData/RunMusic-ehzzznpmcelkqvgvaslgdtzbrdcu/Build/Intermediates.noindex/GeneratedModuleMaps-iphonesimulator/GoogleUtilities-AppDelegateSwizzler.modulemap -Xcc -fmodule-map-file\=/Users/ckubal/Library/Developer/Xcode/DerivedData/RunMusic-ehzzznpmcelkqvgvaslgdtzbrdcu/Build/Intermediates.noindex/GeneratedModuleMaps-iphonesimulator/RecaptchaInterop.modulemap -Xcc -fmodule-map-file\=/Users/ckubal/Library/Developer/Xcode/DerivedData/RunMusic-ehzzznpmcelkqvgvaslgdtzbrdcu/Build/Intermediates.noindex/GeneratedModuleMaps-iphonesimulator/FirebaseAuth.modulemap -Xcc -fmodule-map-file\=/Users/ckubal/Library/Developer/Xcode/DerivedData/RunMusic-ehzzznpmcelkqvgvaslgdtzbrdcu/Build/Intermediates.noindex/GeneratedModuleMaps-iphonesimulator/GoogleUtilities-NSData.modulemap -Xcc -fmodule-map-file\=/Users/ckubal/Library/Developer/Xcode/DerivedData/RunMusic-ehzzznpmcelkqvgvaslgdtzbrdcu/Build/Intermediates.noindex/GeneratedModuleMaps-iphonesimulator/GoogleUtilities-Environment.modulemap -Xcc -fmodule-map-file\=/Users/ckubal/Library/Developer/Xcode/DerivedData/RunMusic-ehzzznpmcelkqvgvaslgdtzbrdcu/Build/Intermediates.noindex/GeneratedModuleMaps-iphonesimulator/third-party-IsAppEncrypted.modulemap -Xcc -fmodule-map-file\=/Users/ckubal/Library/Developer/Xcode/DerivedData/RunMusic-ehzzznpmcelkqvgvaslgdtzbrdcu/Build/Intermediates.noindex/GeneratedModuleMaps-iphonesimulator/GoogleUtilities-Logger.modulemap -Xcc -fmodule-map-file\=/Users/ckubal/Library/Developer/Xcode/DerivedData/RunMusic-ehzzznpmcelkqvgvaslgdtzbrdcu/Build/Intermediates.noindex/GeneratedModuleMaps-iphonesimulator/GTMSessionFetcherCore.modulemap -Xcc -fmodule-map-file\=/Users/ckubal/Library/Developer/Xcode/DerivedData/RunMusic-ehzzznpmcelkqvgvaslgdtzbrdcu/Build/Intermediates.noindex/GeneratedModuleMaps-iphonesimulator/FirebaseMessagingInterop.modulemap -Xcc -fmodule-map-file\=/Users/ckubal/Library/Developer/Xcode/DerivedData/RunMusic-ehzzznpmcelkqvgvaslgdtzbrdcu/Build/Intermediates.noindex/GeneratedModuleMaps-iphonesimulator/FirebaseCoreExtension.modulemap -Xcc -fmodule-map-file\=/Users/ckubal/Library/Developer/Xcode/DerivedData/RunMusic-ehzzznpmcelkqvgvaslgdtzbrdcu/Build/Intermediates.noindex/GeneratedModuleMaps-iphonesimulator/FirebaseCore.modulemap -Xcc -fmodule-map-file\=/Users/ckubal/Library/Developer/Xcode/DerivedData/RunMusic-ehzzznpmcelkqvgvaslgdtzbrdcu/Build/Intermediates.noindex/GeneratedModuleMaps-iphonesimulator/FirebaseAuthInterop.modulemap -Xcc -fmodule-map-file\=/Users/ckubal/Library/Developer/Xcode/DerivedData/RunMusic-ehzzznpmcelkqvgvaslgdtzbrdcu/Build/Intermediates.noindex/GeneratedModuleMaps-iphonesimulator/FirebaseAppCheckInterop.modulemap -enable-bare-slash-regex -enable-experimental-feature DebugDescriptionMacro -sdk /Applications/Xcode.app/Contents/Developer/Platforms/iPhoneSimulator.platform/Developer/SDKs/iPhoneSimulator18.5.sdk -target arm64-apple-ios17.6-simulator -g -module-cache-path /Users/ckubal/Library/Developer/Xcode/DerivedData/ModuleCache.noindex -Xfrontend -serialize-debugging-options -enable-testing -index-store-path /Users/ckubal/Library/Developer/Xcode/DerivedData/RunMusic-ehzzznpmcelkqvgvaslgdtzbrdcu/Index.noindex/DataStore -swift-version 5 -I /Users/ckubal/Library/Developer/Xcode/DerivedData/RunMusic-ehzzznpmcelkqvgvaslgdtzbrdcu/Build/Products/Debug-iphonesimulator -F /Users/ckubal/Library/Developer/Xcode/DerivedData/RunMusic-ehzzznpmcelkqvgvaslgdtzbrdcu/Build/Products/Debug-iphonesimulator/PackageFrameworks -F /Users/ckubal/Library/Developer/Xcode/DerivedData/RunMusic-ehzzznpmcelkqvgvaslgdtzbrdcu/Build/Products/Debug-iphonesimulator/PackageFrameworks -F /Users/ckubal/Library/Developer/Xcode/DerivedData/RunMusic-ehzzznpmcelkqvgvaslgdtzbrdcu/Build/Products/Debug-iphonesimulator/PackageFrameworks -F /Users/ckubal/Library/Developer/Xcode/DerivedData/RunMusic-ehzzznpmcelkqvgvaslgdtzbrdcu/Build/Products/Debug-iphonesimulator/PackageFrameworks -F /Users/ckubal/Library/Developer/Xcode/DerivedData/RunMusic-ehzzznpmcelkqvgvaslgdtzbrdcu/Build/Products/Debug-iphonesimulator/PackageFrameworks -F /Users/ckubal/Library/Developer/Xcode/DerivedData/RunMusic-ehzzznpmcelkqvgvaslgdtzbrdcu/Build/Products/Debug-iphonesimulator/PackageFrameworks -F /Users/ckubal/Library/Developer/Xcode/DerivedData/RunMusic-ehzzznpmcelkqvgvaslgdtzbrdcu/Build/Products/Debug-iphonesimulator/PackageFrameworks -F /Users/ckubal/Library/Developer/Xcode/DerivedData/RunMusic-ehzzznpmcelkqvgvaslgdtzbrdcu/Build/Products/Debug-iphonesimulator/PackageFrameworks -F /Users/ckubal/Library/Developer/Xcode/DerivedData/RunMusic-ehzzznpmcelkqvgvaslgdtzbrdcu/Build/Products/Debug-iphonesimulator/PackageFrameworks -F /Users/ckubal/Library/Developer/Xcode/DerivedData/RunMusic-ehzzznpmcelkqvgvaslgdtzbrdcu/Build/Products/Debug-iphonesimulator/PackageFrameworks -F /Users/ckubal/Library/Developer/Xcode/DerivedData/RunMusic-ehzzznpmcelkqvgvaslgdtzbrdcu/Build/Products/Debug-iphonesimulator/PackageFrameworks -F /Users/ckubal/Library/Developer/Xcode/DerivedData/RunMusic-ehzzznpmcelkqvgvaslgdtzbrdcu/Build/Products/Debug-iphonesimulator/PackageFrameworks -F /Users/ckubal/Library/Developer/Xcode/DerivedData/RunMusic-ehzzznpmcelkqvgvaslgdtzbrdcu/Build/Products/Debug-iphonesimulator/PackageFrameworks -F /Users/ckubal/Library/Developer/Xcode/DerivedData/RunMusic-ehzzznpmcelkqvgvaslgdtzbrdcu/Build/Products/Debug-iphonesimulator/PackageFrameworks -F /Users/ckubal/Library/Developer/Xcode/DerivedData/RunMusic-ehzzznpmcelkqvgvaslgdtzbrdcu/Build/Products/Debug-iphonesimulator/PackageFrameworks -F /Users/ckubal/Library/Developer/Xcode/DerivedData/RunMusic-ehzzznpmcelkqvgvaslgdtzbrdcu/Build/Products/Debug-iphonesimulator/PackageFrameworks -F /Users/ckubal/Library/Developer/Xcode/DerivedData/RunMusic-ehzzznpmcelkqvgvaslgdtzbrdcu/Build/Products/Debug-iphonesimulator/PackageFrameworks -F /Users/ckubal/Library/Developer/Xcode/DerivedData/RunMusic-ehzzznpmcelkqvgvaslgdtzbrdcu/Build/Products/Debug-iphonesimulator/PackageFrameworks -F /Users/ckubal/Library/Developer/Xcode/DerivedData/RunMusic-ehzzznpmcelkqvgvaslgdtzbrdcu/Build/Products/Debug-iphonesimulator/PackageFrameworks -F /Users/ckubal/Library/Developer/Xcode/DerivedData/RunMusic-ehzzznpmcelkqvgvaslgdtzbrdcu/Build/Products/Debug-iphonesimulator/PackageFrameworks -F /Users/ckubal/Library/Developer/Xcode/DerivedData/RunMusic-ehzzznpmcelkqvgvaslgdtzbrdcu/Build/Products/Debug-iphonesimulator/PackageFrameworks -F /Users/ckubal/Library/Developer/Xcode/DerivedData/RunMusic-ehzzznpmcelkqvgvaslgdtzbrdcu/Build/Products/Debug-iphonesimulator/PackageFrameworks -F /Users/ckubal/Library/Developer/Xcode/DerivedData/RunMusic-ehzzznpmcelkqvgvaslgdtzbrdcu/Build/Products/Debug-iphonesimulator/PackageFrameworks -F /Users/ckubal/Library/Developer/Xcode/DerivedData/RunMusic-ehzzznpmcelkqvgvaslgdtzbrdcu/Build/Products/Debug-iphonesimulator/PackageFrameworks -F /Users/ckubal/Library/Developer/Xcode/DerivedData/RunMusic-ehzzznpmcelkqvgvaslgdtzbrdcu/Build/Products/Debug-iphonesimulator/PackageFrameworks -F /Users/ckubal/Library/Developer/Xcode/DerivedData/RunMusic-ehzzznpmcelkqvgvaslgdtzbrdcu/Build/Products/Debug-iphonesimulator/PackageFrameworks -F /Users/ckubal/Library/Developer/Xcode/DerivedData/RunMusic-ehzzznpmcelkqvgvaslgdtzbrdcu/Build/Products/Debug-iphonesimulator/PackageFrameworks -F /Users/ckubal/Library/Developer/Xcode/DerivedData/RunMusic-ehzzznpmcelkqvgvaslgdtzbrdcu/Build/Products/Debug-iphonesimulator/PackageFrameworks -F /Users/ckubal/Library/Developer/Xcode/DerivedData/RunMusic-ehzzznpmcelkqvgvaslgdtzbrdcu/Build/Products/Debug-iphonesimulator/PackageFrameworks -F /Users/ckubal/Library/Developer/Xcode/DerivedData/RunMusic-ehzzznpmcelkqvgvaslgdtzbrdcu/Build/Products/Debug-iphonesimulator/PackageFrameworks -F /Users/ckubal/Library/Developer/Xcode/DerivedData/RunMusic-ehzzznpmcelkqvgvaslgdtzbrdcu/Build/Products/Debug-iphonesimulator/PackageFrameworks -F /Users/ckubal/Library/Developer/Xcode/DerivedData/RunMusic-ehzzznpmcelkqvgvaslgdtzbrdcu/Build/Products/Debug-iphonesimulator/PackageFrameworks -F /Users/ckubal/Library/Developer/Xcode/DerivedData/RunMusic-ehzzznpmcelkqvgvaslgdtzbrdcu/Build/Products/Debug-iphonesimulator/PackageFrameworks -F /Users/ckubal/Library/Developer/Xcode/DerivedData/RunMusic-ehzzznpmcelkqvgvaslgdtzbrdcu/Build/Products/Debug-iphonesimulator/PackageFrameworks -F /Users/ckubal/Library/Developer/Xcode/DerivedData/RunMusic-ehzzznpmcelkqvgvaslgdtzbrdcu/Build/Products/Debug-iphonesimulator -emit-localized-strings -emit-localized-strings-path /Users/ckubal/Library/Developer/Xcode/DerivedData/RunMusic-ehzzznpmcelkqvgvaslgdtzbrdcu/Build/Intermediates.noindex/RunMusic.build/Debug-iphonesimulator/RunMusic.build/Objects-normal/arm64 -c -j10 -enable-batch-mode -incremental -Xcc -ivfsstatcache -Xcc /Users/ckubal/Library/Developer/Xcode/DerivedData/SDKStatCaches.noindex/iphonesimulator18.5-22F76-d5fc8ad4295d2ef488fb7d0f804ce0c4.sdkstatcache -output-file-map /Users/ckubal/Library/Developer/Xcode/DerivedData/RunMusic-ehzzznpmcelkqvgvaslgdtzbrdcu/Build/Intermediates.noindex/RunMusic.build/Debug-iphonesimulator/RunMusic.build/Objects-normal/arm64/RunMusic-OutputFileMap.json -use-frontend-parseable-output -save-temps -no-color-diagnostics -serialize-diagnostics -emit-dependencies -emit-module -emit-module-path /Users/ckubal/Library/Developer/Xcode/DerivedData/RunMusic-ehzzznpmcelkqvgvaslgdtzbrdcu/Build/Intermediates.noindex/RunMusic.build/Debug-iphonesimulator/RunMusic.build/Objects-normal/arm64/RunMusic.swiftmodule -validate-clang-modules-once -clang-build-session-file /Users/ckubal/Library/Developer/Xcode/DerivedData/ModuleCache.noindex/Session.modulevalidation -Xcc -I/Users/ckubal/Library/Developer/Xcode/DerivedData/RunMusic-ehzzznpmcelkqvgvaslgdtzbrdcu/Build/Intermediates.noindex/RunMusic.build/Debug-iphonesimulator/RunMusic.build/swift-overrides.hmap -emit-const-values -Xfrontend -const-gather-protocols-file -Xfrontend /Users/ckubal/Library/Developer/Xcode/DerivedData/RunMusic-ehzzznpmcelkqvgvaslgdtzbrdcu/Build/Intermediates.noindex/RunMusic.build/Debug-iphonesimulator/RunMusic.build/Objects-normal/arm64/RunMusic_const_extract_protocols.json -Xcc -iquote -Xcc /Users/ckubal/Library/Developer/Xcode/DerivedData/RunMusic-ehzzznpmcelkqvgvaslgdtzbrdcu/Build/Intermediates.noindex/RunMusic.build/Debug-iphonesimulator/RunMusic.build/RunMusic-generated-files.hmap -Xcc -I/Users/ckubal/Library/Developer/Xcode/DerivedData/RunMusic-ehzzznpmcelkqvgvaslgdtzbrdcu/Build/Intermediates.noindex/RunMusic.build/Debug-iphonesimulator/RunMusic.build/RunMusic-own-target-headers.hmap -Xcc -I/Users/ckubal/Library/Developer/Xcode/DerivedData/RunMusic-ehzzznpmcelkqvgvaslgdtzbrdcu/Build/Intermediates.noindex/RunMusic.build/Debug-iphonesimulator/RunMusic.build/RunMusic-all-non-framework-target-headers.hmap -Xcc -ivfsoverlay -Xcc /Users/ckubal/Library/Developer/Xcode/DerivedData/RunMusic-ehzzznpmcelkqvgvaslgdtzbrdcu/Build/Intermediates.noindex/RunMusic.build/Debug-iphonesimulator/RunMusic-9ea393dc3db56d2d01f40a6dd024fcf3-VFS-iphonesimulator/all-product-headers.yaml -Xcc -iquote -Xcc /Users/ckubal/Library/Developer/Xcode/DerivedData/RunMusic-ehzzznpmcelkqvgvaslgdtzbrdcu/Build/Intermediates.noindex/RunMusic.build/Debug-iphonesimulator/RunMusic.build/RunMusic-project-headers.hmap -Xcc -I/Users/ckubal/Library/Developer/Xcode/DerivedData/RunMusic-ehzzznpmcelkqvgvaslgdtzbrdcu/SourcePackages/checkouts/AppAuth-iOS/Sources/AppAuth -Xcc -I/Users/ckubal/Library/Developer/Xcode/DerivedData/RunMusic-ehzzznpmcelkqvgvaslgdtzbrdcu/SourcePackages/checkouts/AppAuth-iOS/Sources/AppAuthCore -Xcc -I/Users/ckubal/Library/Developer/Xcode/DerivedData/RunMusic-ehzzznpmcelkqvgvaslgdtzbrdcu/SourcePackages/checkouts/GoogleSignIn-iOS/GoogleSignIn/Sources/Public -Xcc -I/Users/ckubal/Library/Developer/Xcode/DerivedData/RunMusic-ehzzznpmcelkqvgvaslgdtzbrdcu/SourcePackages/checkouts/abseil-cpp-binary/absl-Wrapper/include -Xcc -I/Users/ckubal/Library/Developer/Xcode/DerivedData/RunMusic-ehzzznpmcelkqvgvaslgdtzbrdcu/SourcePackages/checkouts/grpc-binary/openssl-grpc-Wrapper/include -Xcc -I/Users/ckubal/Library/Developer/Xcode/DerivedData/RunMusic-ehzzznpmcelkqvgvaslgdtzbrdcu/SourcePackages/checkouts/grpc-binary/grpc-Wrapper/include -Xcc -I/Users/ckubal/Library/Developer/Xcode/DerivedData/RunMusic-ehzzznpmcelkqvgvaslgdtzbrdcu/SourcePackages/checkouts/grpc-binary/grpcpp-Wrapper/include -Xcc -I/Users/ckubal/Library/Developer/Xcode/DerivedData/RunMusic-ehzzznpmcelkqvgvaslgdtzbrdcu/SourcePackages/checkouts/nanopb/spm_headers -Xcc -I/Users/ckubal/Library/Developer/Xcode/DerivedData/RunMusic-ehzzznpmcelkqvgvaslgdtzbrdcu/SourcePackages/checkouts/leveldb/include -Xcc -I/Users/ckubal/Library/Developer/Xcode/DerivedData/RunMusic-ehzzznpmcelkqvgvaslgdtzbrdcu/SourcePackages/checkouts/firebase-ios-sdk/FirebaseFirestoreInternal -Xcc -I/Users/ckubal/Library/Developer/Xcode/DerivedData/RunMusic-ehzzznpmcelkqvgvaslgdtzbrdcu/SourcePackages/checkouts/firebase-ios-sdk/SwiftPM-PlatformExclude/FirebaseFirestoreWrap/include -Xcc -I/Users/ckubal/Library/Developer/Xcode/DerivedData/RunMusic-ehzzznpmcelkqvgvaslgdtzbrdcu/SourcePackages/checkouts/GoogleUtilities/GoogleUtilities/Network/Public -Xcc -I/Users/ckubal/Library/Developer/Xcode/DerivedData/RunMusic-ehzzznpmcelkqvgvaslgdtzbrdcu/SourcePackages/checkouts/GoogleUtilities/GoogleUtilities/Reachability/Public -Xcc -I/Users/ckubal/Library/Developer/Xcode/DerivedData/RunMusic-ehzzznpmcelkqvgvaslgdtzbrdcu/SourcePackages/checkouts/GoogleUtilities/GoogleUtilities/AppDelegateSwizzler/Public -Xcc -I/Users/ckubal/Library/Developer/Xcode/DerivedData/RunMusic-ehzzznpmcelkqvgvaslgdtzbrdcu/SourcePackages/checkouts/interop-ios-for-google-sdks/RecaptchaEnterprise/RecaptchaInterop/Public -Xcc -I/Users/ckubal/Library/Developer/Xcode/DerivedData/RunMusic-ehzzznpmcelkqvgvaslgdtzbrdcu/SourcePackages/checkouts/firebase-ios-sdk/FirebaseAuth/Sources/Public -Xcc -I/Users/ckubal/Library/Developer/Xcode/DerivedData/RunMusic-ehzzznpmcelkqvgvaslgdtzbrdcu/SourcePackages/checkouts/GoogleUtilities/GoogleUtilities/NSData+zlib/Public -Xcc -I/Users/ckubal/Library/Developer/Xcode/DerivedData/RunMusic-ehzzznpmcelkqvgvaslgdtzbrdcu/SourcePackages/checkouts/promises/Sources/FBLPromises/include -Xcc -I/Users/ckubal/Library/Developer/Xcode/DerivedData/RunMusic-ehzzznpmcelkqvgvaslgdtzbrdcu/SourcePackages/checkouts/GoogleUtilities/GoogleUtilities/Environment/Public -Xcc -I/Users/ckubal/Library/Developer/Xcode/DerivedData/RunMusic-ehzzznpmcelkqvgvaslgdtzbrdcu/SourcePackages/checkouts/GoogleUtilities/third_party/IsAppEncrypted/Public -Xcc -I/Users/ckubal/Library/Developer/Xcode/DerivedData/RunMusic-ehzzznpmcelkqvgvaslgdtzbrdcu/SourcePackages/checkouts/GoogleUtilities/GoogleUtilities/Logger/Public -Xcc -I/Users/ckubal/Library/Developer/Xcode/DerivedData/RunMusic-ehzzznpmcelkqvgvaslgdtzbrdcu/SourcePackages/checkouts/gtm-session-fetcher/Sources/Core/Public -Xcc -I/Users/ckubal/Library/Developer/Xcode/DerivedData/RunMusic-ehzzznpmcelkqvgvaslgdtzbrdcu/SourcePackages/checkouts/firebase-ios-sdk/FirebaseMessaging/Interop -Xcc -I/Users/ckubal/Library/Developer/Xcode/DerivedData/RunMusic-ehzzznpmcelkqvgvaslgdtzbrdcu/SourcePackages/checkouts/firebase-ios-sdk/FirebaseCore/Extension -Xcc -I/Users/ckubal/Library/Developer/Xcode/DerivedData/RunMusic-ehzzznpmcelkqvgvaslgdtzbrdcu/SourcePackages/checkouts/firebase-ios-sdk/FirebaseCore/Sources/Public -Xcc -I/Users/ckubal/Library/Developer/Xcode/DerivedData/RunMusic-ehzzznpmcelkqvgvaslgdtzbrdcu/SourcePackages/checkouts/firebase-ios-sdk/CoreOnly/Sources -Xcc -I/Users/ckubal/Library/Developer/Xcode/DerivedData/RunMusic-ehzzznpmcelkqvgvaslgdtzbrdcu/SourcePackages/checkouts/firebase-ios-sdk/FirebaseAuth/Interop -Xcc -I/Users/ckubal/Library/Developer/Xcode/DerivedData/RunMusic-ehzzznpmcelkqvgvaslgdtzbrdcu/SourcePackages/checkouts/firebase-ios-sdk/FirebaseAppCheck/Interop/Public -Xcc -I/Users/ckubal/Library/Developer/Xcode/DerivedData/RunMusic-ehzzznpmcelkqvgvaslgdtzbrdcu/Build/Products/Debug-iphonesimulator/include -Xcc -I/Users/ckubal/Library/Developer/Xcode/DerivedData/RunMusic-ehzzznpmcelkqvgvaslgdtzbrdcu/Build/Intermediates.noindex/RunMusic.build/Debug-iphonesimulator/RunMusic.build/DerivedSources-normal/arm64 -Xcc -I/Users/ckubal/Library/Developer/Xcode/DerivedData/RunMusic-ehzzznpmcelkqvgvaslgdtzbrdcu/Build/Intermediates.noindex/RunMusic.build/Debug-iphonesimulator/RunMusic.build/DerivedSources/arm64 -Xcc -I/Users/ckubal/Library/Developer/Xcode/DerivedData/RunMusic-ehzzznpmcelkqvgvaslgdtzbrdcu/Build/Intermediates.noindex/RunMusic.build/Debug-iphonesimulator/RunMusic.build/DerivedSources -Xcc -DDEBUG\=1 -emit-objc-header -emit-objc-header-path /Users/ckubal/Library/Developer/Xcode/DerivedData/RunMusic-ehzzznpmcelkqvgvaslgdtzbrdcu/Build/Intermediates.noindex/RunMusic.build/Debug-iphonesimulator/RunMusic.build/Objects-normal/arm64/RunMusic-Swift.h -working-directory /Users/ckubal/Documents/Programming/iOS\ Programming\ Projects/RunMusic -experimental-emit-module-separately -disable-cmo

CodeSign /Users/ckubal/Library/Developer/Xcode/DerivedData/RunMusic-ehzzznpmcelkqvgvaslgdtzbrdcu/Build/Products/Debug-iphonesimulator/RunMusic.app/Frameworks/grpcpp.framework (in target 'RunMusic' from project 'RunMusic')
    cd /Users/ckubal/Documents/Programming/iOS\ Programming\ Projects/RunMusic
    
    Signing Identity:     "Sign to Run Locally"
    
    /usr/bin/codesign --force --sign - --timestamp\=none --preserve-metadata\=identifier,entitlements,flags --generate-entitlement-der /Users/ckubal/Library/Developer/Xcode/DerivedData/RunMusic-ehzzznpmcelkqvgvaslgdtzbrdcu/Build/Products/Debug-iphonesimulator/RunMusic.app/Frameworks/grpcpp.framework
/Users/ckubal/Library/Developer/Xcode/DerivedData/RunMusic-ehzzznpmcelkqvgvaslgdtzbrdcu/Build/Products/Debug-iphonesimulator/RunMusic.app/Frameworks/grpcpp.framework: replacing existing signature

Copy /Users/ckubal/Library/Developer/Xcode/DerivedData/RunMusic-ehzzznpmcelkqvgvaslgdtzbrdcu/Build/Products/Debug-iphonesimulator/RunMusic.swiftmodule/arm64-apple-ios-simulator.swiftmodule /Users/ckubal/Library/Developer/Xcode/DerivedData/RunMusic-ehzzznpmcelkqvgvaslgdtzbrdcu/Build/Intermediates.noindex/RunMusic.build/Debug-iphonesimulator/RunMusic.build/Objects-normal/arm64/RunMusic.swiftmodule (in target 'RunMusic' from project 'RunMusic')
    cd /Users/ckubal/Documents/Programming/iOS\ Programming\ Projects/RunMusic
    builtin-copy -exclude .DS_Store -exclude CVS -exclude .svn -exclude .git -exclude .hg -resolve-src-symlinks -rename /Users/ckubal/Library/Developer/Xcode/DerivedData/RunMusic-ehzzznpmcelkqvgvaslgdtzbrdcu/Build/Intermediates.noindex/RunMusic.build/Debug-iphonesimulator/RunMusic.build/Objects-normal/arm64/RunMusic.swiftmodule /Users/ckubal/Library/Developer/Xcode/DerivedData/RunMusic-ehzzznpmcelkqvgvaslgdtzbrdcu/Build/Products/Debug-iphonesimulator/RunMusic.swiftmodule/arm64-apple-ios-simulator.swiftmodule

Copy /Users/ckubal/Library/Developer/Xcode/DerivedData/RunMusic-ehzzznpmcelkqvgvaslgdtzbrdcu/Build/Products/Debug-iphonesimulator/RunMusic.swiftmodule/arm64-apple-ios-simulator.abi.json /Users/ckubal/Library/Developer/Xcode/DerivedData/RunMusic-ehzzznpmcelkqvgvaslgdtzbrdcu/Build/Intermediates.noindex/RunMusic.build/Debug-iphonesimulator/RunMusic.build/Objects-normal/arm64/RunMusic.abi.json (in target 'RunMusic' from project 'RunMusic')
    cd /Users/ckubal/Documents/Programming/iOS\ Programming\ Projects/RunMusic
    builtin-copy -exclude .DS_Store -exclude CVS -exclude .svn -exclude .git -exclude .hg -resolve-src-symlinks -rename /Users/ckubal/Library/Developer/Xcode/DerivedData/RunMusic-ehzzznpmcelkqvgvaslgdtzbrdcu/Build/Intermediates.noindex/RunMusic.build/Debug-iphonesimulator/RunMusic.build/Objects-normal/arm64/RunMusic.abi.json /Users/ckubal/Library/Developer/Xcode/DerivedData/RunMusic-ehzzznpmcelkqvgvaslgdtzbrdcu/Build/Products/Debug-iphonesimulator/RunMusic.swiftmodule/arm64-apple-ios-simulator.abi.json

Copy /Users/ckubal/Library/Developer/Xcode/DerivedData/RunMusic-ehzzznpmcelkqvgvaslgdtzbrdcu/Build/Products/Debug-iphonesimulator/RunMusic.swiftmodule/Project/arm64-apple-ios-simulator.swiftsourceinfo /Users/ckubal/Library/Developer/Xcode/DerivedData/RunMusic-ehzzznpmcelkqvgvaslgdtzbrdcu/Build/Intermediates.noindex/RunMusic.build/Debug-iphonesimulator/RunMusic.build/Objects-normal/arm64/RunMusic.swiftsourceinfo (in target 'RunMusic' from project 'RunMusic')
    cd /Users/ckubal/Documents/Programming/iOS\ Programming\ Projects/RunMusic
    builtin-copy -exclude .DS_Store -exclude CVS -exclude .svn -exclude .git -exclude .hg -resolve-src-symlinks -rename /Users/ckubal/Library/Developer/Xcode/DerivedData/RunMusic-ehzzznpmcelkqvgvaslgdtzbrdcu/Build/Intermediates.noindex/RunMusic.build/Debug-iphonesimulator/RunMusic.build/Objects-normal/arm64/RunMusic.swiftsourceinfo /Users/ckubal/Library/Developer/Xcode/DerivedData/RunMusic-ehzzznpmcelkqvgvaslgdtzbrdcu/Build/Products/Debug-iphonesimulator/RunMusic.swiftmodule/Project/arm64-apple-ios-simulator.swiftsourceinfo

CodeSign /Users/ckubal/Library/Developer/Xcode/DerivedData/RunMusic-ehzzznpmcelkqvgvaslgdtzbrdcu/Build/Products/Debug-iphonesimulator/RunMusic.app/Frameworks/grpc.framework (in target 'RunMusic' from project 'RunMusic')
    cd /Users/ckubal/Documents/Programming/iOS\ Programming\ Projects/RunMusic
    
    Signing Identity:     "Sign to Run Locally"
    
    /usr/bin/codesign --force --sign - --timestamp\=none --preserve-metadata\=identifier,entitlements,flags --generate-entitlement-der /Users/ckubal/Library/Developer/Xcode/DerivedData/RunMusic-ehzzznpmcelkqvgvaslgdtzbrdcu/Build/Products/Debug-iphonesimulator/RunMusic.app/Frameworks/grpc.framework
/Users/ckubal/Library/Developer/Xcode/DerivedData/RunMusic-ehzzznpmcelkqvgvaslgdtzbrdcu/Build/Products/Debug-iphonesimulator/RunMusic.app/Frameworks/grpc.framework: replacing existing signature

CodeSign /Users/ckubal/Library/Developer/Xcode/DerivedData/RunMusic-ehzzznpmcelkqvgvaslgdtzbrdcu/Build/Products/Debug-iphonesimulator/RunMusic.app/Frameworks/absl.framework (in target 'RunMusic' from project 'RunMusic')
    cd /Users/ckubal/Documents/Programming/iOS\ Programming\ Projects/RunMusic
    
    Signing Identity:     "Sign to Run Locally"
    
    /usr/bin/codesign --force --sign - --timestamp\=none --preserve-metadata\=identifier,entitlements,flags --generate-entitlement-der /Users/ckubal/Library/Developer/Xcode/DerivedData/RunMusic-ehzzznpmcelkqvgvaslgdtzbrdcu/Build/Products/Debug-iphonesimulator/RunMusic.app/Frameworks/absl.framework
/Users/ckubal/Library/Developer/Xcode/DerivedData/RunMusic-ehzzznpmcelkqvgvaslgdtzbrdcu/Build/Products/Debug-iphonesimulator/RunMusic.app/Frameworks/absl.framework: replacing existing signature

CodeSign /Users/ckubal/Library/Developer/Xcode/DerivedData/RunMusic-ehzzznpmcelkqvgvaslgdtzbrdcu/Build/Products/Debug-iphonesimulator/RunMusic.app/Frameworks/FirebaseFirestoreInternal.framework (in target 'RunMusic' from project 'RunMusic')
    cd /Users/ckubal/Documents/Programming/iOS\ Programming\ Projects/RunMusic
    
    Signing Identity:     "Sign to Run Locally"
    
    /usr/bin/codesign --force --sign - --timestamp\=none --preserve-metadata\=identifier,entitlements,flags --generate-entitlement-der /Users/ckubal/Library/Developer/Xcode/DerivedData/RunMusic-ehzzznpmcelkqvgvaslgdtzbrdcu/Build/Products/Debug-iphonesimulator/RunMusic.app/Frameworks/FirebaseFirestoreInternal.framework
/Users/ckubal/Library/Developer/Xcode/DerivedData/RunMusic-ehzzznpmcelkqvgvaslgdtzbrdcu/Build/Products/Debug-iphonesimulator/RunMusic.app/Frameworks/FirebaseFirestoreInternal.framework: replacing existing signature

SwiftDriverJobDiscovery normal arm64 Compiling StravaService.swift, SpotifyFileScanner.swift, FirebaseAuthService.swift, LocationAnalysisService.swift, FirestoreService.swift (in target 'RunMusic' from project 'RunMusic')

SwiftCompile normal arm64 Compiling\ SettingsView.swift,\ SpotifyImportProgress.swift,\ HapticFeedbackService.swift,\ SpotifyImportPreviewView.swift,\ LivePhotoSelectionView.swift /Users/ckubal/Documents/Programming/iOS\ Programming\ Projects/RunMusic/RunMusic/Views/SettingsView.swift /Users/ckubal/Documents/Programming/iOS\ Programming\ Projects/RunMusic/RunMusic/Models/SpotifyImportProgress.swift /Users/ckubal/Documents/Programming/iOS\ Programming\ Projects/RunMusic/RunMusic/Services/HapticFeedbackService.swift /Users/ckubal/Documents/Programming/iOS\ Programming\ Projects/RunMusic/RunMusic/Views/SpotifyImportPreviewView.swift /Users/ckubal/Documents/Programming/iOS\ Programming\ Projects/RunMusic/RunMusic/Views/Components/LivePhotoSelectionView.swift (in target 'RunMusic' from project 'RunMusic')

SwiftCompile normal arm64 /Users/ckubal/Documents/Programming/iOS\ Programming\ Projects/RunMusic/RunMusic/Views/SettingsView.swift (in target 'RunMusic' from project 'RunMusic')
    cd /Users/ckubal/Documents/Programming/iOS\ Programming\ Projects/RunMusic
    

SwiftCompile normal arm64 /Users/ckubal/Documents/Programming/iOS\ Programming\ Projects/RunMusic/RunMusic/Models/SpotifyImportProgress.swift (in target 'RunMusic' from project 'RunMusic')
    cd /Users/ckubal/Documents/Programming/iOS\ Programming\ Projects/RunMusic
    

SwiftCompile normal arm64 /Users/ckubal/Documents/Programming/iOS\ Programming\ Projects/RunMusic/RunMusic/Services/HapticFeedbackService.swift (in target 'RunMusic' from project 'RunMusic')
    cd /Users/ckubal/Documents/Programming/iOS\ Programming\ Projects/RunMusic
    

SwiftCompile normal arm64 /Users/ckubal/Documents/Programming/iOS\ Programming\ Projects/RunMusic/RunMusic/Views/SpotifyImportPreviewView.swift (in target 'RunMusic' from project 'RunMusic')
    cd /Users/ckubal/Documents/Programming/iOS\ Programming\ Projects/RunMusic
    

SwiftCompile normal arm64 /Users/ckubal/Documents/Programming/iOS\ Programming\ Projects/RunMusic/RunMusic/Views/Components/LivePhotoSelectionView.swift (in target 'RunMusic' from project 'RunMusic')
    cd /Users/ckubal/Documents/Programming/iOS\ Programming\ Projects/RunMusic
    

SwiftCompile normal arm64 Compiling\ AnimatedButton.swift,\ AuthViewModel.swift,\ SampleDataService.swift,\ SpotifyModels.swift,\ DataConversionService.swift,\ CardExportService.swift /Users/ckubal/Documents/Programming/iOS\ Programming\ Projects/RunMusic/RunMusic/Views/Components/AnimatedButton.swift /Users/ckubal/Documents/Programming/iOS\ Programming\ Projects/RunMusic/RunMusic/Services/AuthViewModel.swift /Users/ckubal/Documents/Programming/iOS\ Programming\ Projects/RunMusic/RunMusic/Services/SampleDataService.swift /Users/ckubal/Documents/Programming/iOS\ Programming\ Projects/RunMusic/RunMusic/Models/SpotifyModels.swift /Users/ckubal/Documents/Programming/iOS\ Programming\ Projects/RunMusic/RunMusic/Services/DataConversionService.swift /Users/ckubal/Documents/Programming/iOS\ Programming\ Projects/RunMusic/RunMusic/Services/CardExportService.swift (in target 'RunMusic' from project 'RunMusic')

SwiftCompile normal arm64 /Users/ckubal/Documents/Programming/iOS\ Programming\ Projects/RunMusic/RunMusic/Views/Components/AnimatedButton.swift (in target 'RunMusic' from project 'RunMusic')
    cd /Users/ckubal/Documents/Programming/iOS\ Programming\ Projects/RunMusic
    

SwiftCompile normal arm64 /Users/ckubal/Documents/Programming/iOS\ Programming\ Projects/RunMusic/RunMusic/Services/AuthViewModel.swift (in target 'RunMusic' from project 'RunMusic')
    cd /Users/ckubal/Documents/Programming/iOS\ Programming\ Projects/RunMusic
    

SwiftCompile normal arm64 /Users/ckubal/Documents/Programming/iOS\ Programming\ Projects/RunMusic/RunMusic/Services/SampleDataService.swift (in target 'RunMusic' from project 'RunMusic')
    cd /Users/ckubal/Documents/Programming/iOS\ Programming\ Projects/RunMusic
    

SwiftCompile normal arm64 /Users/ckubal/Documents/Programming/iOS\ Programming\ Projects/RunMusic/RunMusic/Models/SpotifyModels.swift (in target 'RunMusic' from project 'RunMusic')
    cd /Users/ckubal/Documents/Programming/iOS\ Programming\ Projects/RunMusic
    

SwiftCompile normal arm64 /Users/ckubal/Documents/Programming/iOS\ Programming\ Projects/RunMusic/RunMusic/Services/DataConversionService.swift (in target 'RunMusic' from project 'RunMusic')
    cd /Users/ckubal/Documents/Programming/iOS\ Programming\ Projects/RunMusic
    

SwiftCompile normal arm64 /Users/ckubal/Documents/Programming/iOS\ Programming\ Projects/RunMusic/RunMusic/Services/CardExportService.swift (in target 'RunMusic' from project 'RunMusic')
    cd /Users/ckubal/Documents/Programming/iOS\ Programming\ Projects/RunMusic
    

SwiftCompile normal arm64 Compiling\ PhotoBackgroundView.swift /Users/ckubal/Documents/Programming/iOS\ Programming\ Projects/RunMusic/RunMusic/Views/Components/PhotoBackgroundView.swift (in target 'RunMusic' from project 'RunMusic')
Command SwiftCompile failed with a nonzero exit code

** BUILD FAILED **


The following build commands failed:
	SwiftCompile normal arm64 Compiling\ WeatherService.swift,\ SpotifyImportProgressView.swift,\ RunCacheService.swift,\ ShareableCardView.swift,\ InteractivePowerSongView.swift /Users/ckubal/Documents/Programming/iOS\ Programming\ Projects/RunMusic/RunMusic/Services/WeatherService.swift /Users/ckubal/Documents/Programming/iOS\ Programming\ Projects/RunMusic/RunMusic/Views/Components/SpotifyImportProgressView.swift /Users/ckubal/Documents/Programming/iOS\ Programming\ Projects/RunMusic/RunMusic/Services/RunCacheService.swift /Users/ckubal/Documents/Programming/iOS\ Programming\ Projects/RunMusic/RunMusic/Views/ShareableCardView.swift /Users/ckubal/Documents/Programming/iOS\ Programming\ Projects/RunMusic/RunMusic/Views/Components/InteractivePowerSongView.swift (in target 'RunMusic' from project 'RunMusic')
	SwiftCompile normal arm64 /Users/ckubal/Documents/Programming/iOS\ Programming\ Projects/RunMusic/RunMusic/Services/WeatherService.swift (in target 'RunMusic' from project 'RunMusic')
	SwiftCompile normal arm64 Compiling\ PhotoBackgroundView.swift /Users/ckubal/Documents/Programming/iOS\ Programming\ Projects/RunMusic/RunMusic/Views/Components/PhotoBackgroundView.swift (in target 'RunMusic' from project 'RunMusic')
	Building project RunMusic with scheme RunMusic
(4 failures)
